Archive member included to satisfy reference by file (symbol)

/opt/ST/STM32CubeCLT_1.18.0/GNU-tools-for-STM32/bin/../lib/gcc/arm-none-eabi/13.3.1/../../../../arm-none-eabi/lib/thumb/v7e-m+fp/hard/libc_nano.a(libc_a-exit.o)
                              /opt/ST/STM32CubeCLT_1.18.0/GNU-tools-for-STM32/bin/../lib/gcc/arm-none-eabi/13.3.1/../../../../arm-none-eabi/lib/thumb/v7e-m+fp/hard/crt0.o (exit)
/opt/ST/STM32CubeCLT_1.18.0/GNU-tools-for-STM32/bin/../lib/gcc/arm-none-eabi/13.3.1/../../../../arm-none-eabi/lib/thumb/v7e-m+fp/hard/libc_nano.a(libc_a-findfp.o)
                              /opt/ST/STM32CubeCLT_1.18.0/GNU-tools-for-STM32/bin/../lib/gcc/arm-none-eabi/13.3.1/../../../../arm-none-eabi/lib/thumb/v7e-m+fp/hard/libc_nano.a(libc_a-exit.o) (__stdio_exit_handler)
/opt/ST/STM32CubeCLT_1.18.0/GNU-tools-for-STM32/bin/../lib/gcc/arm-none-eabi/13.3.1/../../../../arm-none-eabi/lib/thumb/v7e-m+fp/hard/libc_nano.a(libc_a-fwalk.o)
                              /opt/ST/STM32CubeCLT_1.18.0/GNU-tools-for-STM32/bin/../lib/gcc/arm-none-eabi/13.3.1/../../../../arm-none-eabi/lib/thumb/v7e-m+fp/hard/libc_nano.a(libc_a-findfp.o) (_fwalk_sglue)
/opt/ST/STM32CubeCLT_1.18.0/GNU-tools-for-STM32/bin/../lib/gcc/arm-none-eabi/13.3.1/../../../../arm-none-eabi/lib/thumb/v7e-m+fp/hard/libc_nano.a(libc_a-memset.o)
                              /opt/ST/STM32CubeCLT_1.18.0/GNU-tools-for-STM32/bin/../lib/gcc/arm-none-eabi/13.3.1/../../../../arm-none-eabi/lib/thumb/v7e-m+fp/hard/crt0.o (memset)
/opt/ST/STM32CubeCLT_1.18.0/GNU-tools-for-STM32/bin/../lib/gcc/arm-none-eabi/13.3.1/../../../../arm-none-eabi/lib/thumb/v7e-m+fp/hard/libc_nano.a(libc_a-init.o)
                              /opt/ST/STM32CubeCLT_1.18.0/GNU-tools-for-STM32/bin/../lib/gcc/arm-none-eabi/13.3.1/../../../../arm-none-eabi/lib/thumb/v7e-m+fp/hard/crt0.o (__libc_init_array)
/opt/ST/STM32CubeCLT_1.18.0/GNU-tools-for-STM32/bin/../lib/gcc/arm-none-eabi/13.3.1/../../../../arm-none-eabi/lib/thumb/v7e-m+fp/hard/libc_nano.a(libc_a-lock.o)
                              /opt/ST/STM32CubeCLT_1.18.0/GNU-tools-for-STM32/bin/../lib/gcc/arm-none-eabi/13.3.1/../../../../arm-none-eabi/lib/thumb/v7e-m+fp/hard/libc_nano.a(libc_a-findfp.o) (__retarget_lock_init_recursive)
/opt/ST/STM32CubeCLT_1.18.0/GNU-tools-for-STM32/bin/../lib/gcc/arm-none-eabi/13.3.1/../../../../arm-none-eabi/lib/thumb/v7e-m+fp/hard/libc_nano.a(libc_a-impure.o)
                              /opt/ST/STM32CubeCLT_1.18.0/GNU-tools-for-STM32/bin/../lib/gcc/arm-none-eabi/13.3.1/../../../../arm-none-eabi/lib/thumb/v7e-m+fp/hard/libc_nano.a(libc_a-findfp.o) (_impure_data)
/opt/ST/STM32CubeCLT_1.18.0/GNU-tools-for-STM32/bin/../lib/gcc/arm-none-eabi/13.3.1/../../../../arm-none-eabi/lib/thumb/v7e-m+fp/hard/libc_nano.a(libc_a-mallocr.o)
                              /opt/ST/STM32CubeCLT_1.18.0/GNU-tools-for-STM32/bin/../lib/gcc/arm-none-eabi/13.3.1/../../../../arm-none-eabi/lib/thumb/v7e-m+fp/hard/libc_nano.a(libc_a-findfp.o) (_malloc_r)
/opt/ST/STM32CubeCLT_1.18.0/GNU-tools-for-STM32/bin/../lib/gcc/arm-none-eabi/13.3.1/../../../../arm-none-eabi/lib/thumb/v7e-m+fp/hard/libc_nano.a(libc_a-fflush.o)
                              /opt/ST/STM32CubeCLT_1.18.0/GNU-tools-for-STM32/bin/../lib/gcc/arm-none-eabi/13.3.1/../../../../arm-none-eabi/lib/thumb/v7e-m+fp/hard/libc_nano.a(libc_a-findfp.o) (_fflush_r)
/opt/ST/STM32CubeCLT_1.18.0/GNU-tools-for-STM32/bin/../lib/gcc/arm-none-eabi/13.3.1/../../../../arm-none-eabi/lib/thumb/v7e-m+fp/hard/libc_nano.a(libc_a-mlock.o)
                              /opt/ST/STM32CubeCLT_1.18.0/GNU-tools-for-STM32/bin/../lib/gcc/arm-none-eabi/13.3.1/../../../../arm-none-eabi/lib/thumb/v7e-m+fp/hard/libc_nano.a(libc_a-mallocr.o) (__malloc_lock)
/opt/ST/STM32CubeCLT_1.18.0/GNU-tools-for-STM32/bin/../lib/gcc/arm-none-eabi/13.3.1/../../../../arm-none-eabi/lib/thumb/v7e-m+fp/hard/libc_nano.a(libc_a-stdio.o)
                              /opt/ST/STM32CubeCLT_1.18.0/GNU-tools-for-STM32/bin/../lib/gcc/arm-none-eabi/13.3.1/../../../../arm-none-eabi/lib/thumb/v7e-m+fp/hard/libc_nano.a(libc_a-findfp.o) (__sread)
/opt/ST/STM32CubeCLT_1.18.0/GNU-tools-for-STM32/bin/../lib/gcc/arm-none-eabi/13.3.1/../../../../arm-none-eabi/lib/thumb/v7e-m+fp/hard/libc_nano.a(libc_a-lseekr.o)
                              /opt/ST/STM32CubeCLT_1.18.0/GNU-tools-for-STM32/bin/../lib/gcc/arm-none-eabi/13.3.1/../../../../arm-none-eabi/lib/thumb/v7e-m+fp/hard/libc_nano.a(libc_a-stdio.o) (_lseek_r)
/opt/ST/STM32CubeCLT_1.18.0/GNU-tools-for-STM32/bin/../lib/gcc/arm-none-eabi/13.3.1/../../../../arm-none-eabi/lib/thumb/v7e-m+fp/hard/libc_nano.a(libc_a-readr.o)
                              /opt/ST/STM32CubeCLT_1.18.0/GNU-tools-for-STM32/bin/../lib/gcc/arm-none-eabi/13.3.1/../../../../arm-none-eabi/lib/thumb/v7e-m+fp/hard/libc_nano.a(libc_a-stdio.o) (_read_r)
/opt/ST/STM32CubeCLT_1.18.0/GNU-tools-for-STM32/bin/../lib/gcc/arm-none-eabi/13.3.1/../../../../arm-none-eabi/lib/thumb/v7e-m+fp/hard/libc_nano.a(libc_a-sbrkr.o)
[...]
Memory Configuration

Name             Origin             Length             Attributes
RAM              0x20000000         0x00050000         xrw
FLASH            0x08000000         0x00100000         xr
*default*        0x00000000         0xffffffff

Linker script and memory map

LOAD /opt/ST/STM32CubeCLT_1.18.0/GNU-tools-for-STM32/bin/../lib/gcc/arm-none-eabi/13.3.1/thumb/v7e-m+fp/hard/crti.o
LOAD /opt/ST/STM32CubeCLT_1.18.0/GNU-tools-for-STM32/bin/../lib/gcc/arm-none-eabi/13.3.1/thumb/v7e-m+fp/hard/crtbegin.o
LOAD /opt/ST/STM32CubeCLT_1.18.0/GNU-tools-for-STM32/bin/../lib/gcc/arm-none-eabi/13.3.1/../../../../arm-none-eabi/lib/thumb/v7e-m+fp/hard/crt0.o
START GROUP
LOAD /opt/ST/STM32CubeCLT_1.18.0/GNU-tools-for-STM32/bin/../lib/gcc/arm-none-eabi/13.3.1/../../../../arm-none-eabi/lib/thumb/v7e-m+fp/hard/libc_nano.a
LOAD /opt/ST/STM32CubeCLT_1.18.0/GNU-tools-for-STM32/bin/../lib/gcc/arm-none-eabi/13.3.1/../../../../arm-none-eabi/lib/thumb/v7e-m+fp/hard/libm.a
END GROUP
LOAD cmake/stm32cubemx/CMakeFiles/STM32_Drivers.dir/__/__/Drivers/STM32F4xx_HAL_Driver/Src/stm32f4xx_hal_rcc.c.obj
LOAD cmake/stm32cubemx/CMakeFiles/STM32_Drivers.dir/__/__/Drivers/STM32F4xx_HAL_Driver/Src/stm32f4xx_hal_rcc_ex.c.obj
LOAD cmake/stm32cubemx/CMakeFiles/STM32_Drivers.dir/__/__/Drivers/STM32F4xx_HAL_Driver/Src/stm32f4xx_hal_flash.c.obj
LOAD cmake/stm32cubemx/CMakeFiles/STM32_Drivers.dir/__/__/Drivers/STM32F4xx_HAL_Driver/Src/stm32f4xx_hal_flash_ex.c.obj
LOAD cmake/stm32cubemx/CMakeFiles/STM32_Drivers.dir/__/__/Drivers/STM32F4xx_HAL_Driver/Src/stm32f4xx_hal_flash_ramfunc.c.obj
LOAD cmake/stm32cubemx/CMakeFiles/STM32_Drivers.dir/__/__/Drivers/STM32F4xx_HAL_Driver/Src/stm32f4xx_hal_gpio.c.obj
LOAD cmake/stm32cubemx/CMakeFiles/STM32_Drivers.dir/__/__/Drivers/STM32F4xx_HAL_Driver/Src/stm32f4xx_hal_dma_ex.c.obj
LOAD cmake/stm32cubemx/CMakeFiles/STM32_Drivers.dir/__/__/Drivers/STM32F4xx_HAL_Driver/Src/stm32f4xx_hal_dma.c.obj
LOAD cmake/stm32cubemx/CMakeFiles/STM32_Drivers.dir/__/__/Drivers/STM32F4xx_HAL_Driver/Src/stm32f4xx_hal_pwr.c.obj
LOAD cmake/stm32cubemx/CMakeFiles/STM32_Drivers.dir/__/__/Drivers/STM32F4xx_HAL_Driver/Src/stm32f4xx_hal_pwr_ex.c.obj
LOAD cmake/stm32cubemx/CMakeFiles/STM32_Drivers.dir/__/__/Drivers/STM32F4xx_HAL_Driver/Src/stm32f4xx_hal_cortex.c.obj
LOAD cmake/stm32cubemx/CMakeFiles/STM32_Drivers.dir/__/__/Drivers/STM32F4xx_HAL_Driver/Src/stm32f4xx_hal.c.obj
LOAD cmake/stm32cubemx/CMakeFiles/STM32_Drivers.dir/__/__/Drivers/STM32F4xx_HAL_Driver/Src/stm32f4xx_hal_exti.c.obj
LOAD cmake/stm32cubemx/CMakeFiles/STM32_Drivers.dir/__/__/Drivers/STM32F4xx_HAL_Driver/Src/stm32f4xx_hal_i2c.c.obj
LOAD cmake/stm32cubemx/CMakeFiles/STM32_Drivers.dir/__/__/Drivers/STM32F4xx_HAL_Driver/Src/stm32f4xx_hal_i2c_ex.c.obj
LOAD cmake/stm32cubemx/CMakeFiles/STM32_Drivers.dir/__/__/Drivers/STM32F4xx_HAL_Driver/Src/stm32f4xx_hal_rtc.c.obj
LOAD cmake/stm32cubemx/CMakeFiles/STM32_Drivers.dir/__/__/Drivers/STM32F4xx_HAL_Driver/Src/stm32f4xx_hal_rtc_ex.c.obj
LOAD cmake/stm32cubemx/CMakeFiles/STM32_Drivers.dir/__/__/Drivers/STM32F4xx_HAL_Driver/Src/stm32f4xx_hal_spi.c.obj
LOAD cmake/stm32cubemx/CMakeFiles/STM32_Drivers.dir/__/__/Drivers/STM32F4xx_HAL_Driver/Src/stm32f4xx_hal_tim.c.obj
LOAD cmake/stm32cubemx/CMakeFiles/STM32_Drivers.dir/__/__/Drivers/STM32F4xx_HAL_Driver/Src/stm32f4xx_hal_tim_ex.c.obj
LOAD cmake/stm32cubemx/CMakeFiles/STM32_Drivers.dir/__/__/Drivers/STM32F4xx_HAL_Driver/Src/stm32f4xx_hal_uart.c.obj
LOAD cmake/stm32cubemx/CMakeFiles/FatFs.dir/__/__/Middlewares/Third_Party/FatFs/src/diskio.c.obj
LOAD cmake/stm32cubemx/CMakeFiles/FatFs.dir/__/__/Middlewares/Third_Party/FatFs/src/ff.c.obj
LOAD cmake/stm32cubemx/CMakeFiles/FatFs.dir/__/__/Middlewares/Third_Party/FatFs/src/ff_gen_drv.c.obj
LOAD cmake/stm32cubemx/CMakeFiles/FatFs.dir/__/__/Middlewares/Third_Party/FatFs/src/option/syscall.c.obj
LOAD CMakeFiles/NSE2025_VALVE.dir/Core/Src/fatfs_sd.c.obj
LOAD CMakeFiles/NSE2025_VALVE.dir/Core/Src/main.c.obj
LOAD CMakeFiles/NSE2025_VALVE.dir/Core/Src/servo.c.obj
LOAD CMakeFiles/NSE2025_VALVE.dir/Core/Src/stm32f4xx_hal_msp.c.obj
LOAD CMakeFiles/NSE2025_VALVE.dir/Core/Src/stm32f4xx_it.c.obj
LOAD CMakeFiles/NSE2025_VALVE.dir/Core/Src/syscalls.c.obj
LOAD CMakeFiles/NSE2025_VALVE.dir/Core/Src/sysmem.c.obj
LOAD CMakeFiles/NSE2025_VALVE.dir/Core/Src/system_stm32f4xx.c.obj
LOAD CMakeFiles/NSE2025_VALVE.dir/FATFS/App/fatfs.c.obj
LOAD CMakeFiles/NSE2025_VALVE.dir/FATFS/Target/user_diskio.c.obj
LOAD CMakeFiles/NSE2025_VALVE.dir/startup_stm32f413xx.s.obj
START GROUP
LOAD /opt/ST/STM32CubeCLT_1.18.0/GNU-tools-for-STM32/bin/../lib/gcc/arm-none-eabi/13.3.1/thumb/v7e-m+fp/hard/libgcc.a
LOAD /opt/ST/STM32CubeCLT_1.18.0/GNU-tools-for-STM32/bin/../lib/gcc/arm-none-eabi/13.3.1/../../../../arm-none-eabi/lib/thumb/v7e-m+fp/hard/libg_nano.a
LOAD /opt/ST/STM32CubeCLT_1.18.0/GNU-tools-for-STM32/bin/../lib/gcc/arm-none-eabi/13.3.1/../../../../arm-none-eabi/lib/thumb/v7e-m+fp/hard/libc_nano.a
END GROUP
START GROUP
LOAD /opt/ST/STM32CubeCLT_1.18.0/GNU-tools-for-STM32/bin/../lib/gcc/arm-none-eabi/13.3.1/thumb/v7e-m+fp/hard/libgcc.a
LOAD /opt/ST/STM32CubeCLT_1.18.0/GNU-tools-for-STM32/bin/../lib/gcc/arm-none-eabi/13.3.1/../../../../arm-none-eabi/lib/thumb/v7e-m+fp/hard/libc_nano.a
END GROUP
LOAD /opt/ST/STM32CubeCLT_1.18.0/GNU-tools-for-STM32/bin/../lib/gcc/arm-none-eabi/13.3.1/thumb/v7e-m+fp/hard/crtend.o
LOAD /opt/ST/STM32CubeCLT_1.18.0/GNU-tools-for-STM32/bin/../lib/gcc/arm-none-eabi/13.3.1/thumb/v7e-m+fp/hard/crtn.o
                0x20050000                        _estack = (ORIGIN (RAM) + LENGTH (RAM))
                0x00000200                        _Min_Heap_Size = 0x200
                0x00000400                        _Min_Stack_Size = 0x400

.isr_vector     0x08000000      0x1d8
                0x08000000                        . = ALIGN (0x4)
 *(.isr_vector)
 .isr_vector    0x08000000      0x1d8 CMakeFiles/NSE2025_VALVE.dir/startup_stm32f413xx.s.obj
                0x08000000                g_pfnVectors
                0x080001d8                        . = ALIGN (0x4)

.text           0x080001e0     0xa3c4
                0x080001e0                        . = ALIGN (0x4)
 *(.text)
 .text          0x080001e0       0x40 /opt/ST/STM32CubeCLT_1.18.0/GNU-tools-for-STM32/bin/../lib/gcc/arm-none-eabi/13.3.1/thumb/v7e-m+fp/hard/crtbegin.o
 .text          0x08000220      0x254 /opt/ST/STM32CubeCLT_1.18.0/GNU-tools-for-STM32/bin/../lib/gcc/arm-none-eabi/13.3.1/thumb/v7e-m+fp/hard/libgcc.a(_arm_muldf3.o)
                0x08000220                __aeabi_dmul
                0x08000220                __muldf3
 .text          0x08000474      0x378 /opt/ST/STM32CubeCLT_1.18.0/GNU-tools-for-STM32/bin/../lib/gcc/arm-none-eabi/13.3.1/thumb/v7e-m+fp/hard/libgcc.a(_arm_addsubdf3.o)
                0x08000474                __aeabi_drsub
                0x0800047c                __subdf3
                0x0800047c                __aeabi_dsub
                0x08000480                __aeabi_dadd
                0x08000480                __adddf3
                0x080006f8                __aeabi_ui2d
                0x080006f8                __floatunsidf
                0x08000718                __floatsidf
                0x08000718                __aeabi_i2d
                0x0800073c                __extendsfdf2
                0x0800073c                __aeabi_f2d
                0x08000780                __aeabi_ul2d
                0x08000780                __floatundidf
                0x08000790                __aeabi_l2d
                0x08000790                __floatdidf
 .text          0x080007ec       0x40 /opt/ST/STM32CubeCLT_1.18.0/GNU-tools-for-STM32/bin/../lib/gcc/arm-none-eabi/13.3.1/thumb/v7e-m+fp/hard/libgcc.a(_arm_fixunsdfsi.o)
                0x080007ec                __fixunsdfsi
                0x080007ec                __aeabi_d2uiz
 .text          0x0800082c       0x30 /opt/ST/STM32CubeCLT_1.18.0/GNU-tools-for-STM32/bin/../lib/gcc/arm-none-eabi/13.3.1/thumb/v7e-m+fp/hard/libgcc.a(_aeabi_uldivmod.o)
                0x0800082c                __aeabi_uldivmod
 .text          0x0800085c      0x2f8 /opt/ST/STM32CubeCLT_1.18.0/GNU-tools-for-STM32/bin/../lib/gcc/arm-none-eabi/13.3.1/thumb/v7e-m+fp/hard/libgcc.a(_udivmoddi4.o)
                0x0800085c                __udivmoddi4
 .text          0x08000b54        0x4 /opt/ST/STM32CubeCLT_1.18.0/GNU-tools-for-STM32/bin/../lib/gcc/arm-none-eabi/13.3.1/thumb/v7e-m+fp/hard/libgcc.a(_dvmd_tls.o)
                0x08000b54                __aeabi_ldiv0
                0x08000b54                __aeabi_idiv0
 .text          0x08000b58       0x10 /opt/ST/STM32CubeCLT_1.18.0/GNU-tools-for-STM32/bin/../lib/gcc/arm-none-eabi/13.3.1/../../../../arm-none-eabi/lib/thumb/v7e-m+fp/hard/libg_nano.a(libc_a-strlen.o)
                0x08000b58                strlen
 *fill*         0x08000b68        0x8 
 .text          0x08000b70       0xa0 /opt/ST/STM32CubeCLT_1.18.0/GNU-tools-for-STM32/bin/../lib/gcc/arm-none-eabi/13.3.1/../../../../arm-none-eabi/lib/thumb/v7e-m+fp/hard/libg_nano.a(libc_a-memchr.o)
                0x08000b70                memchr
 *(.text*)
 .text.std      0x08000c10       0x6c /opt/ST/STM32CubeCLT_1.18.0/GNU-tools-for-STM32/bin/../lib/gcc/arm-none-eabi/13.3.1/../../../../arm-none-eabi/lib/thumb/v7e-m+fp/hard/libc_nano.a(libc_a-findfp.o)
 .text.stdio_exit_handler
                0x08000c7c       0x18 /opt/ST/STM32CubeCLT_1.18.0/GNU-tools-for-STM32/bin/../lib/gcc/arm-none-eabi/13.3.1/../../../../arm-none-eabi/lib/thumb/v7e-m+fp/hard/libc_nano.a(libc_a-findfp.o)
 .text.cleanup_stdio
                0x08000c94       0x40 /opt/ST/STM32CubeCLT_1.18.0/GNU-tools-for-STM32/bin/../lib/gcc/arm-none-eabi/13.3.1/../../../../arm-none-eabi/lib/thumb/v7e-m+fp/hard/libc_nano.a(libc_a-findfp.o)
 .text.global_stdio_init.part.0
                0x08000cd4       0x3c /opt/ST/STM32CubeCLT_1.18.0/GNU-tools-for-STM32/bin/../lib/gcc/arm-none-eabi/13.3.1/../../../../arm-none-eabi/lib/thumb/v7e-m+fp/hard/libc_nano.a(libc_a-findfp.o)
 .text.__sfp_lock_acquire
                0x08000d10        0xc /opt/ST/STM32CubeCLT_1.18.0/GNU-tools-for-STM32/bin/../lib/gcc/arm-none-eabi/13.3.1/../../../../arm-none-eabi/lib/thumb/v7e-m+fp/hard/libc_nano.a(libc_a-findfp.o)
                0x08000d10                __sfp_lock_acquire
 .text.__sfp_lock_release
                0x08000d1c        0xc /opt/ST/STM32CubeCLT_1.18.0/GNU-tools-for-STM32/bin/../lib/gcc/arm-none-eabi/13.3.1/../../../../arm-none-eabi/lib/thumb/v7e-m+fp/hard/libc_nano.a(libc_a-findfp.o)
                0x08000d1c                __sfp_lock_release
 .text.__sinit  0x08000d28       0x30 /opt/ST/STM32CubeCLT_1.18.0/GNU-tools-for-STM32/bin/../lib/gcc/arm-none-eabi/13.3.1/../../../../arm-none-eabi/lib/thumb/v7e-m+fp/hard/libc_nano.a(libc_a-findfp.o)
                0x08000d28                __sinit
 .text._fwalk_sglue
                0x08000d58       0x3c /opt/ST/STM32CubeCLT_1.18.0/GNU-tools-for-STM32/bin/../lib/gcc/arm-none-eabi/13.3.1/../../../../arm-none-eabi/lib/thumb/v7e-m+fp/hard/libc_nano.a(libc_a-fwalk.o)
                0x08000d58                _fwalk_sglue
 .text.memset   0x08000d94       0x10 /opt/ST/STM32CubeCLT_1.18.0/GNU-tools-for-STM32/bin/../lib/gcc/arm-none-eabi/13.3.1/../../../../arm-none-eabi/lib/thumb/v7e-m+fp/hard/libc_nano.a(libc_a-memset.o)
                0x08000d94                memset
 .text.__libc_init_array
                0x08000da4       0x48 /opt/ST/STM32CubeCLT_1.18.0/GNU-tools-for-STM32/bin/../lib/gcc/arm-none-eabi/13.3.1/../../../../arm-none-eabi/lib/thumb/v7e-m+fp/hard/libc_nano.a(libc_a-init.o)
                0x08000da4                __libc_init_array
 .text.__retarget_lock_init_recursive
                0x08000dec        0x2 /opt/ST/STM32CubeCLT_1.18.0/GNU-tools-for-STM32/bin/../lib/gcc/arm-none-eabi/13.3.1/../../../../arm-none-eabi/lib/thumb/v7e-m+fp/hard/libc_nano.a(libc_a-lock.o)
                0x08000dec                __retarget_lock_init_recursive
 .text.__retarget_lock_acquire_recursive
                0x08000dee        0x2 /opt/ST/STM32CubeCLT_1.18.0/GNU-tools-for-STM32/bin/../lib/gcc/arm-none-eabi/13.3.1/../../../../arm-none-eabi/lib/thumb/v7e-m+fp/hard/libc_nano.a(libc_a-lock.o)
                0x08000dee                __retarget_lock_acquire_recursive
 .text.__retarget_lock_release_recursive
                0x08000df0        0x2 /opt/ST/STM32CubeCLT_1.18.0/GNU-tools-for-STM32/bin/../lib/gcc/arm-none-eabi/13.3.1/../../../../arm-none-eabi/lib/thumb/v7e-m+fp/hard/libc_nano.a(libc_a-lock.o)
                0x08000df0                __retarget_lock_release_recursive
 *fill*         0x08000df2        0x2 
 .text.sbrk_aligned
                0x08000df4       0x44 /opt/ST/STM32CubeCLT_1.18.0/GNU-tools-for-STM32/bin/../lib/gcc/arm-none-eabi/13.3.1/../../../../arm-none-eabi/lib/thumb/v7e-m+fp/hard/libc_nano.a(libc_a-mallocr.o)
 .text._malloc_r
                0x08000e38      0x100 /opt/ST/STM32CubeCLT_1.18.0/GNU-tools-for-STM32/bin/../lib/gcc/arm-none-eabi/13.3.1/../../../../arm-none-eabi/lib/thumb/v7e-m+fp/hard/libc_nano.a(libc_a-mallocr.o)
                0x08000e38                _malloc_r
 .text.__sflush_r
                0x08000f38      0x108 /opt/ST/STM32CubeCLT_1.18.0/GNU-tools-for-STM32/bin/../lib/gcc/arm-none-eabi/13.3.1/../../../../arm-none-eabi/lib/thumb/v7e-m+fp/hard/libc_nano.a(libc_a-fflush.o)
                0x08000f38                __sflush_r
 .text._fflush_r
                0x08001040       0x50 /opt/ST/STM32CubeCLT_1.18.0/GNU-tools-for-STM32/bin/../lib/gcc/arm-none-eabi/13.3.1/../../../../arm-none-eabi/lib/thumb/v7e-m+fp/hard/libc_nano.a(libc_a-fflush.o)
                0x08001040                _fflush_r
 .text.__malloc_lock
                0x08001090        0xc /opt/ST/STM32CubeCLT_1.18.0/GNU-tools-for-STM32/bin/../lib/gcc/arm-none-eabi/13.3.1/../../../../arm-none-eabi/lib/thumb/v7e-m+fp/hard/libc_nano.a(libc_a-mlock.o)
                0x08001090                __malloc_lock
 .text.__malloc_unlock
                0x0800109c        0xc /opt/ST/STM32CubeCLT_1.18.0/GNU-tools-for-STM32/bin/../lib/gcc/arm-none-eabi/13.3.1/../../../../arm-none-eabi/lib/thumb/v7e-m+fp/hard/libc_nano.a(libc_a-mlock.o)
                0x0800109c                __malloc_unlock
 .text.__sread  0x080010a8       0x22 /opt/ST/STM32CubeCLT_1.18.0/GNU-tools-for-STM32/bin/../lib/gcc/arm-none-eabi/13.3.1/../../../../arm-none-eabi/lib/thumb/v7e-m+fp/hard/libc_nano.a(libc_a-stdio.o)
                0x080010a8                __sread
 .text.__swrite
                0x080010ca       0x38 /opt/ST/STM32CubeCLT_1.18.0/GNU-tools-for-STM32/bin/../lib/gcc/arm-none-eabi/13.3.1/../../../../arm-none-eabi/lib/thumb/v7e-m+fp/hard/libc_nano.a(libc_a-stdio.o)
                0x080010ca                __swrite
 .text.__sseek  0x08001102       0x24 /opt/ST/STM32CubeCLT_1.18.0/GNU-tools-for-STM32/bin/../lib/gcc/arm-none-eabi/13.3.1/../../../../arm-none-eabi/lib/thumb/v7e-m+fp/hard/libc_nano.a(libc_a-stdio.o)
                0x08001102                __sseek
 .text.__sclose
                0x08001126        0x8 /opt/ST/STM32CubeCLT_1.18.0/GNU-tools-for-STM32/bin/../lib/gcc/arm-none-eabi/13.3.1/../../../../arm-none-eabi/lib/thumb/v7e-m+fp/hard/libc_nano.a(libc_a-stdio.o)
                0x08001126                __sclose
 *fill*         0x0800112e        0x2 
 .text._lseek_r
                0x08001130       0x24 /opt/ST/STM32CubeCLT_1.18.0/GNU-tools-for-STM32/bin/../lib/gcc/arm-none-eabi/13.3.1/../../../../arm-none-eabi/lib/thumb/v7e-m+fp/hard/libc_nano.a(libc_a-lseekr.o)
                0x08001130                _lseek_r
 .text._read_r  0x08001154       0x24 /opt/ST/STM32CubeCLT_1.18.0/GNU-tools-for-STM32/bin/../lib/gcc/arm-none-eabi/13.3.1/../../../../arm-none-eabi/lib/thumb/v7e-m+fp/hard/libc_nano.a(libc_a-readr.o)
                0x08001154                _read_r
 .text._sbrk_r  0x08001178       0x20 /opt/ST/STM32CubeCLT_1.18.0/GNU-tools-for-STM32/bin/../lib/gcc/arm-none-eabi/13.3.1/../../../../arm-none-eabi/lib/thumb/v7e-m+fp/hard/libc_nano.a(libc_a-sbrkr.o)
                0x08001178                _sbrk_r
 .text._write_r
                0x08001198       0x24 /opt/ST/STM32CubeCLT_1.18.0/GNU-tools-for-STM32/bin/../lib/gcc/arm-none-eabi/13.3.1/../../../../arm-none-eabi/lib/thumb/v7e-m+fp/hard/libc_nano.a(libc_a-writer.o)
                0x08001198                _write_r
 .text._close_r
                0x080011bc       0x20 /opt/ST/STM32CubeCLT_1.18.0/GNU-tools-for-STM32/bin/../lib/gcc/arm-none-eabi/13.3.1/../../../../arm-none-eabi/lib/thumb/v7e-m+fp/hard/libc_nano.a(libc_a-closer.o)
                0x080011bc                _close_r
 .text._free_r  0x080011dc       0x94 /opt/ST/STM32CubeCLT_1.18.0/GNU-tools-for-STM32/bin/../lib/gcc/arm-none-eabi/13.3.1/../../../../arm-none-eabi/lib/thumb/v7e-m+fp/hard/libc_nano.a(libc_a-freer.o)
                0x080011dc                _free_r
 .text.HAL_RCC_ClockConfig
                0x08001270      0x1cc cmake/stm32cubemx/CMakeFiles/STM32_Drivers.dir/__/__/Drivers/STM32F4xx_HAL_Driver/Src/stm32f4xx_hal_rcc.c.obj
                0x08001270                HAL_RCC_ClockConfig
 .text.HAL_RCC_GetSysClockFreq
                0x0800143c      0x18c cmake/stm32cubemx/CMakeFiles/STM32_Drivers.dir/__/__/Drivers/STM32F4xx_HAL_Driver/Src/stm32f4xx_hal_rcc.c.obj
                0x0800143c                HAL_RCC_GetSysClockFreq
 .text.HAL_RCC_GetHCLKFreq
                0x080015c8       0x18 cmake/stm32cubemx/CMakeFiles/STM32_Drivers.dir/__/__/Drivers/STM32F4xx_HAL_Driver/Src/stm32f4xx_hal_rcc.c.obj
                0x080015c8                HAL_RCC_GetHCLKFreq
 .text.HAL_RCC_GetPCLK1Freq
                0x080015e0       0x28 cmake/stm32cubemx/CMakeFiles/STM32_Drivers.dir/__/__/Drivers/STM32F4xx_HAL_Driver/Src/stm32f4xx_hal_rcc.c.obj
                0x080015e0                HAL_RCC_GetPCLK1Freq
 .text.HAL_RCC_GetPCLK2Freq
                0x08001608       0x28 cmake/stm32cubemx/CMakeFiles/STM32_Drivers.dir/__/__/Drivers/STM32F4xx_HAL_Driver/Src/stm32f4xx_hal_rcc.c.obj
                0x08001608                HAL_RCC_GetPCLK2Freq
 .text.HAL_RCCEx_PeriphCLKConfig
                0x08001630      0x518 cmake/stm32cubemx/CMakeFiles/STM32_Drivers.dir/__/__/Drivers/STM32F4xx_HAL_Driver/Src/stm32f4xx_hal_rcc_ex.c.obj
                0x08001630                HAL_RCCEx_PeriphCLKConfig
 .text.HAL_RCC_OscConfig
                0x08001b48      0x508 cmake/stm32cubemx/CMakeFiles/STM32_Drivers.dir/__/__/Drivers/STM32F4xx_HAL_Driver/Src/stm32f4xx_hal_rcc_ex.c.obj
                0x08001b48                HAL_RCC_OscConfig
 .text.HAL_GPIO_Init
                0x08002050      0x328 cmake/stm32cubemx/CMakeFiles/STM32_Drivers.dir/__/__/Drivers/STM32F4xx_HAL_Driver/Src/stm32f4xx_hal_gpio.c.obj
                0x08002050                HAL_GPIO_Init
 .text.HAL_GPIO_ReadPin
                0x08002378       0x30 cmake/stm32cubemx/CMakeFiles/STM32_Drivers.dir/__/__/Drivers/STM32F4xx_HAL_Driver/Src/stm32f4xx_hal_gpio.c.obj
                0x08002378                HAL_GPIO_ReadPin
 .text.HAL_GPIO_WritePin
                0x080023a8       0x32 cmake/stm32cubemx/CMakeFiles/STM32_Drivers.dir/__/__/Drivers/STM32F4xx_HAL_Driver/Src/stm32f4xx_hal_gpio.c.obj
                0x080023a8                HAL_GPIO_WritePin
 .text.HAL_DMA_Abort_IT
                0x080023da       0x44 cmake/stm32cubemx/CMakeFiles/STM32_Drivers.dir/__/__/Drivers/STM32F4xx_HAL_Driver/Src/stm32f4xx_hal_dma.c.obj
                0x080023da                HAL_DMA_Abort_IT
 *fill*         0x0800241e        0x2 
 .text.__NVIC_SetPriorityGrouping
                0x08002420       0x48 cmake/stm32cubemx/CMakeFiles/STM32_Drivers.dir/__/__/Drivers/STM32F4xx_HAL_Driver/Src/stm32f4xx_hal_cortex.c.obj
 .text.__NVIC_GetPriorityGrouping
                0x08002468       0x1c cmake/stm32cubemx/CMakeFiles/STM32_Drivers.dir/__/__/Drivers/STM32F4xx_HAL_Driver/Src/stm32f4xx_hal_cortex.c.obj
 .text.__NVIC_EnableIRQ
                0x08002484       0x3c cmake/stm32cubemx/CMakeFiles/STM32_Drivers.dir/__/__/Drivers/STM32F4xx_HAL_Driver/Src/stm32f4xx_hal_cortex.c.obj
 .text.__NVIC_SetPriority
                0x080024c0       0x54 cmake/stm32cubemx/CMakeFiles/STM32_Drivers.dir/__/__/Drivers/STM32F4xx_HAL_Driver/Src/stm32f4xx_hal_cortex.c.obj
 .text.NVIC_EncodePriority
                0x08002514       0x66 cmake/stm32cubemx/CMakeFiles/STM32_Drivers.dir/__/__/Drivers/STM32F4xx_HAL_Driver/Src/stm32f4xx_hal_cortex.c.obj
 *fill*         0x0800257a        0x2 
 .text.SysTick_Config
                0x0800257c       0x44 cmake/stm32cubemx/CMakeFiles/STM32_Drivers.dir/__/__/Drivers/STM32F4xx_HAL_Driver/Src/stm32f4xx_hal_cortex.c.obj
 .text.HAL_NVIC_SetPriorityGrouping
                0x080025c0       0x16 cmake/stm32cubemx/CMakeFiles/STM32_Drivers.dir/__/__/Drivers/STM32F4xx_HAL_Driver/Src/stm32f4xx_hal_cortex.c.obj
                0x080025c0                HAL_NVIC_SetPriorityGrouping
 .text.HAL_NVIC_SetPriority
                0x080025d6       0x38 cmake/stm32cubemx/CMakeFiles/STM32_Drivers.dir/__/__/Drivers/STM32F4xx_HAL_Driver/Src/stm32f4xx_hal_cortex.c.obj
                0x080025d6                HAL_NVIC_SetPriority
 .text.HAL_NVIC_EnableIRQ
                0x0800260e       0x1c cmake/stm32cubemx/CMakeFiles/STM32_Drivers.dir/__/__/Drivers/STM32F4xx_HAL_Driver/Src/stm32f4xx_hal_cortex.c.obj
                0x0800260e                HAL_NVIC_EnableIRQ
 .text.HAL_SYSTICK_Config
                0x0800262a       0x18 cmake/stm32cubemx/CMakeFiles/STM32_Drivers.dir/__/__/Drivers/STM32F4xx_HAL_Driver/Src/stm32f4xx_hal_cortex.c.obj
                0x0800262a                HAL_SYSTICK_Config
 *fill*         0x08002642        0x2 
 .text.HAL_Init
                0x08002644       0x44 cmake/stm32cubemx/CMakeFiles/STM32_Drivers.dir/__/__/Drivers/STM32F4xx_HAL_Driver/Src/stm32f4xx_hal.c.obj
                0x08002644                HAL_Init
 .text.HAL_InitTick
                0x08002688       0x60 cmake/stm32cubemx/CMakeFiles/STM32_Drivers.dir/__/__/Drivers/STM32F4xx_HAL_Driver/Src/stm32f4xx_hal.c.obj
                0x08002688                HAL_InitTick
 .text.HAL_IncTick
                0x080026e8       0x28 cmake/stm32cubemx/CMakeFiles/STM32_Drivers.dir/__/__/Drivers/STM32F4xx_HAL_Driver/Src/stm32f4xx_hal.c.obj
                0x080026e8                HAL_IncTick
 .text.HAL_GetTick
                0x08002710       0x18 cmake/stm32cubemx/CMakeFiles/STM32_Drivers.dir/__/__/Drivers/STM32F4xx_HAL_Driver/Src/stm32f4xx_hal.c.obj
                0x08002710                HAL_GetTick
 .text.HAL_I2C_Init
                0x08002728      0x288 cmake/stm32cubemx/CMakeFiles/STM32_Drivers.dir/__/__/Drivers/STM32F4xx_HAL_Driver/Src/stm32f4xx_hal_i2c.c.obj
                0x08002728                HAL_I2C_Init
 .text.HAL_RTC_Init
                0x080029b0      0x102 cmake/stm32cubemx/CMakeFiles/STM32_Drivers.dir/__/__/Drivers/STM32F4xx_HAL_Driver/Src/stm32f4xx_hal_rtc.c.obj
                0x080029b0                HAL_RTC_Init
 *fill*         0x08002ab2        0x2 
 .text.HAL_RTC_WaitForSynchro
                0x08002ab4       0x4c cmake/stm32cubemx/CMakeFiles/STM32_Drivers.dir/__/__/Drivers/STM32F4xx_HAL_Driver/Src/stm32f4xx_hal_rtc.c.obj
                0x08002ab4                HAL_RTC_WaitForSynchro
 .text.RTC_EnterInitMode
                0x08002b00       0x6e cmake/stm32cubemx/CMakeFiles/STM32_Drivers.dir/__/__/Drivers/STM32F4xx_HAL_Driver/Src/stm32f4xx_hal_rtc.c.obj
                0x08002b00                RTC_EnterInitMode
 .text.RTC_ExitInitMode
                0x08002b6e       0x4a cmake/stm32cubemx/CMakeFiles/STM32_Drivers.dir/__/__/Drivers/STM32F4xx_HAL_Driver/Src/stm32f4xx_hal_rtc.c.obj
                0x08002b6e                RTC_ExitInitMode
 .text.HAL_SPI_Init
                0x08002bb8      0x112 cmake/stm32cubemx/CMakeFiles/STM32_Drivers.dir/__/__/Drivers/STM32F4xx_HAL_Driver/Src/stm32f4xx_hal_spi.c.obj
                0x08002bb8                HAL_SPI_Init
 .text.HAL_SPI_Transmit
                0x08002cca      0x288 cmake/stm32cubemx/CMakeFiles/STM32_Drivers.dir/__/__/Drivers/STM32F4xx_HAL_Driver/Src/stm32f4xx_hal_spi.c.obj
                0x08002cca                HAL_SPI_Transmit
 .text.HAL_SPI_TransmitReceive
                0x08002f52      0x352 cmake/stm32cubemx/CMakeFiles/STM32_Drivers.dir/__/__/Drivers/STM32F4xx_HAL_Driver/Src/stm32f4xx_hal_spi.c.obj
                0x08002f52                HAL_SPI_TransmitReceive
 .text.HAL_SPI_IRQHandler
                0x080032a4      0x200 cmake/stm32cubemx/CMakeFiles/STM32_Drivers.dir/__/__/Drivers/STM32F4xx_HAL_Driver/Src/stm32f4xx_hal_spi.c.obj
                0x080032a4                HAL_SPI_IRQHandler
 .text.HAL_SPI_ErrorCallback
                0x080034a4       0x14 cmake/stm32cubemx/CMakeFiles/STM32_Drivers.dir/__/__/Drivers/STM32F4xx_HAL_Driver/Src/stm32f4xx_hal_spi.c.obj
                0x080034a4                HAL_SPI_ErrorCallback
 .text.HAL_SPI_GetState
                0x080034b8       0x1c cmake/stm32cubemx/CMakeFiles/STM32_Drivers.dir/__/__/Drivers/STM32F4xx_HAL_Driver/Src/stm32f4xx_hal_spi.c.obj
                0x080034b8                HAL_SPI_GetState
 .text.SPI_DMAAbortOnError
                0x080034d4       0x28 cmake/stm32cubemx/CMakeFiles/STM32_Drivers.dir/__/__/Drivers/STM32F4xx_HAL_Driver/Src/stm32f4xx_hal_spi.c.obj
 .text.SPI_WaitFlagStateUntilTimeout
                0x080034fc      0x110 cmake/stm32cubemx/CMakeFiles/STM32_Drivers.dir/__/__/Drivers/STM32F4xx_HAL_Driver/Src/stm32f4xx_hal_spi.c.obj
 .text.SPI_EndRxTxTransaction
                0x0800360c       0xa8 cmake/stm32cubemx/CMakeFiles/STM32_Drivers.dir/__/__/Drivers/STM32F4xx_HAL_Driver/Src/stm32f4xx_hal_spi.c.obj
 .text.HAL_TIM_Base_Init
                0x080036b4       0x9e cmake/stm32cubemx/CMakeFiles/STM32_Drivers.dir/__/__/Drivers/STM32F4xx_HAL_Driver/Src/stm32f4xx_hal_tim.c.obj
                0x080036b4                HAL_TIM_Base_Init
 .text.HAL_TIM_OC_Init
                0x08003752       0x9e cmake/stm32cubemx/CMakeFiles/STM32_Drivers.dir/__/__/Drivers/STM32F4xx_HAL_Driver/Src/stm32f4xx_hal_tim.c.obj
                0x08003752                HAL_TIM_OC_Init
 .text.HAL_TIM_PWM_Start
                0x080037f0      0x190 cmake/stm32cubemx/CMakeFiles/STM32_Drivers.dir/__/__/Drivers/STM32F4xx_HAL_Driver/Src/stm32f4xx_hal_tim.c.obj
                0x080037f0                HAL_TIM_PWM_Start
 .text.HAL_TIM_IRQHandler
                0x08003980      0x1e0 cmake/stm32cubemx/CMakeFiles/STM32_Drivers.dir/__/__/Drivers/STM32F4xx_HAL_Driver/Src/stm32f4xx_hal_tim.c.obj
                0x08003980                HAL_TIM_IRQHandler
 .text.HAL_TIM_OC_ConfigChannel
                0x08003b60       0xb8 cmake/stm32cubemx/CMakeFiles/STM32_Drivers.dir/__/__/Drivers/STM32F4xx_HAL_Driver/Src/stm32f4xx_hal_tim.c.obj
                0x08003b60                HAL_TIM_OC_ConfigChannel
 .text.HAL_TIM_ConfigClockSource
                0x08003c18      0x18e cmake/stm32cubemx/CMakeFiles/STM32_Drivers.dir/__/__/Drivers/STM32F4xx_HAL_Driver/Src/stm32f4xx_hal_tim.c.obj
                0x08003c18                HAL_TIM_ConfigClockSource
 .text.HAL_TIM_PeriodElapsedCallback
                0x08003da6       0x14 cmake/stm32cubemx/CMakeFiles/STM32_Drivers.dir/__/__/Drivers/STM32F4xx_HAL_Driver/Src/stm32f4xx_hal_tim.c.obj
                0x08003da6                HAL_TIM_PeriodElapsedCallback
 .text.HAL_TIM_OC_DelayElapsedCallback
                0x08003dba       0x14 cmake/stm32cubemx/CMakeFiles/STM32_Drivers.dir/__/__/Drivers/STM32F4xx_HAL_Driver/Src/stm32f4xx_hal_tim.c.obj
                0x08003dba                HAL_TIM_OC_DelayElapsedCallback
 .text.HAL_TIM_IC_CaptureCallback
                0x08003dce       0x14 cmake/stm32cubemx/CMakeFiles/STM32_Drivers.dir/__/__/Drivers/STM32F4xx_HAL_Driver/Src/stm32f4xx_hal_tim.c.obj
                0x08003dce                HAL_TIM_IC_CaptureCallback
 .text.HAL_TIM_PWM_PulseFinishedCallback
                0x08003de2       0x14 cmake/stm32cubemx/CMakeFiles/STM32_Drivers.dir/__/__/Drivers/STM32F4xx_HAL_Driver/Src/stm32f4xx_hal_tim.c.obj
                0x08003de2                HAL_TIM_PWM_PulseFinishedCallback
 .text.HAL_TIM_TriggerCallback
                0x08003df6       0x14 cmake/stm32cubemx/CMakeFiles/STM32_Drivers.dir/__/__/Drivers/STM32F4xx_HAL_Driver/Src/stm32f4xx_hal_tim.c.obj
                0x08003df6                HAL_TIM_TriggerCallback
 *fill*         0x08003e0a        0x2 
 .text.TIM_Base_SetConfig
                0x08003e0c      0x14c cmake/stm32cubemx/CMakeFiles/STM32_Drivers.dir/__/__/Drivers/STM32F4xx_HAL_Driver/Src/stm32f4xx_hal_tim.c.obj
                0x08003e0c                TIM_Base_SetConfig
 .text.TIM_OC1_SetConfig
                0x08003f58       0xe0 cmake/stm32cubemx/CMakeFiles/STM32_Drivers.dir/__/__/Drivers/STM32F4xx_HAL_Driver/Src/stm32f4xx_hal_tim.c.obj
 .text.TIM_OC2_SetConfig
                0x08004038       0xec cmake/stm32cubemx/CMakeFiles/STM32_Drivers.dir/__/__/Drivers/STM32F4xx_HAL_Driver/Src/stm32f4xx_hal_tim.c.obj
                0x08004038                TIM_OC2_SetConfig
 .text.TIM_OC3_SetConfig
                0x08004124       0xe8 cmake/stm32cubemx/CMakeFiles/STM32_Drivers.dir/__/__/Drivers/STM32F4xx_HAL_Driver/Src/stm32f4xx_hal_tim.c.obj
 .text.TIM_OC4_SetConfig
                0x0800420c       0xac cmake/stm32cubemx/CMakeFiles/STM32_Drivers.dir/__/__/Drivers/STM32F4xx_HAL_Driver/Src/stm32f4xx_hal_tim.c.obj
 .text.TIM_TI1_ConfigInputStage
                0x080042b8       0x5e cmake/stm32cubemx/CMakeFiles/STM32_Drivers.dir/__/__/Drivers/STM32F4xx_HAL_Driver/Src/stm32f4xx_hal_tim.c.obj
 .text.TIM_TI2_ConfigInputStage
                0x08004316       0x60 cmake/stm32cubemx/CMakeFiles/STM32_Drivers.dir/__/__/Drivers/STM32F4xx_HAL_Driver/Src/stm32f4xx_hal_tim.c.obj
 .text.TIM_ITRx_SetConfig
                0x08004376       0x36 cmake/stm32cubemx/CMakeFiles/STM32_Drivers.dir/__/__/Drivers/STM32F4xx_HAL_Driver/Src/stm32f4xx_hal_tim.c.obj
 .text.TIM_ETR_SetConfig
                0x080043ac       0x40 cmake/stm32cubemx/CMakeFiles/STM32_Drivers.dir/__/__/Drivers/STM32F4xx_HAL_Driver/Src/stm32f4xx_hal_tim.c.obj
                0x080043ac                TIM_ETR_SetConfig
 .text.TIM_CCxChannelCmd
                0x080043ec       0x4a cmake/stm32cubemx/CMakeFiles/STM32_Drivers.dir/__/__/Drivers/STM32F4xx_HAL_Driver/Src/stm32f4xx_hal_tim.c.obj
                0x080043ec                TIM_CCxChannelCmd
 *fill*         0x08004436        0x2 
 .text.HAL_TIMEx_MasterConfigSynchronization
                0x08004438       0xf8 cmake/stm32cubemx/CMakeFiles/STM32_Drivers.dir/__/__/Drivers/STM32F4xx_HAL_Driver/Src/stm32f4xx_hal_tim_ex.c.obj
                0x08004438                HAL_TIMEx_MasterConfigSynchronization
 .text.HAL_TIMEx_CommutCallback
                0x08004530       0x14 cmake/stm32cubemx/CMakeFiles/STM32_Drivers.dir/__/__/Drivers/STM32F4xx_HAL_Driver/Src/stm32f4xx_hal_tim_ex.c.obj
                0x08004530                HAL_TIMEx_CommutCallback
 .text.HAL_TIMEx_BreakCallback
                0x08004544       0x14 cmake/stm32cubemx/CMakeFiles/STM32_Drivers.dir/__/__/Drivers/STM32F4xx_HAL_Driver/Src/stm32f4xx_hal_tim_ex.c.obj
                0x08004544                HAL_TIMEx_BreakCallback
 .text.HAL_UART_Init
                0x08004558       0xa0 cmake/stm32cubemx/CMakeFiles/STM32_Drivers.dir/__/__/Drivers/STM32F4xx_HAL_Driver/Src/stm32f4xx_hal_uart.c.obj
                0x08004558                HAL_UART_Init
 .text.HAL_UART_Transmit
                0x080045f8      0x116 cmake/stm32cubemx/CMakeFiles/STM32_Drivers.dir/__/__/Drivers/STM32F4xx_HAL_Driver/Src/stm32f4xx_hal_uart.c.obj
                0x080045f8                HAL_UART_Transmit
 .text.UART_WaitOnFlagUntilTimeout
                0x0800470e       0xb2 cmake/stm32cubemx/CMakeFiles/STM32_Drivers.dir/__/__/Drivers/STM32F4xx_HAL_Driver/Src/stm32f4xx_hal_uart.c.obj
 .text.UART_EndRxTransfer
                0x080047c0       0xc6 cmake/stm32cubemx/CMakeFiles/STM32_Drivers.dir/__/__/Drivers/STM32F4xx_HAL_Driver/Src/stm32f4xx_hal_uart.c.obj
 *fill*         0x08004886        0x2 
 .text.UART_SetConfig
                0x08004888      0x508 cmake/stm32cubemx/CMakeFiles/STM32_Drivers.dir/__/__/Drivers/STM32F4xx_HAL_Driver/Src/stm32f4xx_hal_uart.c.obj
 .text.disk_status
                0x08004d90       0x34 cmake/stm32cubemx/CMakeFiles/FatFs.dir/__/__/Middlewares/Third_Party/FatFs/src/diskio.c.obj
                0x08004d90                disk_status
 .text.disk_initialize
                0x08004dc4       0x50 cmake/stm32cubemx/CMakeFiles/FatFs.dir/__/__/Middlewares/Third_Party/FatFs/src/diskio.c.obj
                0x08004dc4                disk_initialize
 .text.disk_read
                0x08004e14       0x40 cmake/stm32cubemx/CMakeFiles/FatFs.dir/__/__/Middlewares/Third_Party/FatFs/src/diskio.c.obj
                0x08004e14                disk_read
 .text.disk_write
                0x08004e54       0x40 cmake/stm32cubemx/CMakeFiles/FatFs.dir/__/__/Middlewares/Third_Party/FatFs/src/diskio.c.obj
                0x08004e54                disk_write
 .text.disk_ioctl
                0x08004e94       0x3c cmake/stm32cubemx/CMakeFiles/FatFs.dir/__/__/Middlewares/Third_Party/FatFs/src/diskio.c.obj
                0x08004e94                disk_ioctl
 .text.ld_word  0x08004ed0       0x32 cmake/stm32cubemx/CMakeFiles/FatFs.dir/__/__/Middlewares/Third_Party/FatFs/src/ff.c.obj
 .text.ld_dword
                0x08004f02       0x46 cmake/stm32cubemx/CMakeFiles/FatFs.dir/__/__/Middlewares/Third_Party/FatFs/src/ff.c.obj
 .text.st_word  0x08004f48       0x36 cmake/stm32cubemx/CMakeFiles/FatFs.dir/__/__/Middlewares/Third_Party/FatFs/src/ff.c.obj
 .text.st_dword
                0x08004f7e       0x58 cmake/stm32cubemx/CMakeFiles/FatFs.dir/__/__/Middlewares/Third_Party/FatFs/src/ff.c.obj
 .text.mem_cpy  0x08004fd6       0x42 cmake/stm32cubemx/CMakeFiles/FatFs.dir/__/__/Middlewares/Third_Party/FatFs/src/ff.c.obj
 .text.mem_set  0x08005018       0x36 cmake/stm32cubemx/CMakeFiles/FatFs.dir/__/__/Middlewares/Third_Party/FatFs/src/ff.c.obj
 .text.mem_cmp  0x0800504e       0x4e cmake/stm32cubemx/CMakeFiles/FatFs.dir/__/__/Middlewares/Third_Party/FatFs/src/ff.c.obj
 .text.chk_chr  0x0800509c       0x36 cmake/stm32cubemx/CMakeFiles/FatFs.dir/__/__/Middlewares/Third_Party/FatFs/src/ff.c.obj
 *fill*         0x080050d2        0x2 
 .text.chk_lock
                0x080050d4       0xb8 cmake/stm32cubemx/CMakeFiles/FatFs.dir/__/__/Middlewares/Third_Party/FatFs/src/ff.c.obj
 .text.enq_lock
                0x0800518c       0x44 cmake/stm32cubemx/CMakeFiles/FatFs.dir/__/__/Middlewares/Third_Party/FatFs/src/ff.c.obj
 .text.inc_lock
                0x080051d0      0x11c cmake/stm32cubemx/CMakeFiles/FatFs.dir/__/__/Middlewares/Third_Party/FatFs/src/ff.c.obj
 .text.dec_lock
                0x080052ec       0x78 cmake/stm32cubemx/CMakeFiles/FatFs.dir/__/__/Middlewares/Third_Party/FatFs/src/ff.c.obj
 .text.clear_lock
                0x08005364       0x48 cmake/stm32cubemx/CMakeFiles/FatFs.dir/__/__/Middlewares/Third_Party/FatFs/src/ff.c.obj
 .text.sync_window
                0x080053ac       0x88 cmake/stm32cubemx/CMakeFiles/FatFs.dir/__/__/Middlewares/Third_Party/FatFs/src/ff.c.obj
 .text.move_window
                0x08005434       0x5a cmake/stm32cubemx/CMakeFiles/FatFs.dir/__/__/Middlewares/Third_Party/FatFs/src/ff.c.obj
 *fill*         0x0800548e        0x2 
 .text.sync_fs  0x08005490       0xdc cmake/stm32cubemx/CMakeFiles/FatFs.dir/__/__/Middlewares/Third_Party/FatFs/src/ff.c.obj
 .text.clust2sect
                0x0800556c       0x3e cmake/stm32cubemx/CMakeFiles/FatFs.dir/__/__/Middlewares/Third_Party/FatFs/src/ff.c.obj
 .text.get_fat  0x080055aa      0x14e cmake/stm32cubemx/CMakeFiles/FatFs.dir/__/__/Middlewares/Third_Party/FatFs/src/ff.c.obj
 .text.put_fat  0x080056f8      0x1d4 cmake/stm32cubemx/CMakeFiles/FatFs.dir/__/__/Middlewares/Third_Party/FatFs/src/ff.c.obj
 .text.remove_chain
                0x080058cc       0xca cmake/stm32cubemx/CMakeFiles/FatFs.dir/__/__/Middlewares/Third_Party/FatFs/src/ff.c.obj
 .text.create_chain
                0x08005996      0x130 cmake/stm32cubemx/CMakeFiles/FatFs.dir/__/__/Middlewares/Third_Party/FatFs/src/ff.c.obj
 .text.clmt_clust
                0x08005ac6       0x68 cmake/stm32cubemx/CMakeFiles/FatFs.dir/__/__/Middlewares/Third_Party/FatFs/src/ff.c.obj
 .text.dir_sdi  0x08005b2e       0xf6 cmake/stm32cubemx/CMakeFiles/FatFs.dir/__/__/Middlewares/Third_Party/FatFs/src/ff.c.obj
 .text.dir_next
                0x08005c24      0x18a cmake/stm32cubemx/CMakeFiles/FatFs.dir/__/__/Middlewares/Third_Party/FatFs/src/ff.c.obj
 .text.dir_alloc
                0x08005dae       0x8e cmake/stm32cubemx/CMakeFiles/FatFs.dir/__/__/Middlewares/Third_Party/FatFs/src/ff.c.obj
 .text.ld_clust
                0x08005e3c       0x3e cmake/stm32cubemx/CMakeFiles/FatFs.dir/__/__/Middlewares/Third_Party/FatFs/src/ff.c.obj
 .text.st_clust
                0x08005e7a       0x40 cmake/stm32cubemx/CMakeFiles/FatFs.dir/__/__/Middlewares/Third_Party/FatFs/src/ff.c.obj
 .text.dir_find
                0x08005eba       0xaa cmake/stm32cubemx/CMakeFiles/FatFs.dir/__/__/Middlewares/Third_Party/FatFs/src/ff.c.obj
 .text.dir_register
                0x08005f64       0x64 cmake/stm32cubemx/CMakeFiles/FatFs.dir/__/__/Middlewares/Third_Party/FatFs/src/ff.c.obj
 .text.create_name
                0x08005fc8      0x128 cmake/stm32cubemx/CMakeFiles/FatFs.dir/__/__/Middlewares/Third_Party/FatFs/src/ff.c.obj
 .text.follow_path
                0x080060f0       0xe2 cmake/stm32cubemx/CMakeFiles/FatFs.dir/__/__/Middlewares/Third_Party/FatFs/src/ff.c.obj
 .text.get_ldnumber
                0x080061d2       0x88 cmake/stm32cubemx/CMakeFiles/FatFs.dir/__/__/Middlewares/Third_Party/FatFs/src/ff.c.obj
 *fill*         0x0800625a        0x2 
 .text.check_fs
                0x0800625c       0xac cmake/stm32cubemx/CMakeFiles/FatFs.dir/__/__/Middlewares/Third_Party/FatFs/src/ff.c.obj
 .text.find_volume
                0x08006308      0x498 cmake/stm32cubemx/CMakeFiles/FatFs.dir/__/__/Middlewares/Third_Party/FatFs/src/ff.c.obj
 .text.validate
                0x080067a0       0x6a cmake/stm32cubemx/CMakeFiles/FatFs.dir/__/__/Middlewares/Third_Party/FatFs/src/ff.c.obj
 *fill*         0x0800680a        0x2 
 .text.f_mount  0x0800680c       0x8c cmake/stm32cubemx/CMakeFiles/FatFs.dir/__/__/Middlewares/Third_Party/FatFs/src/ff.c.obj
                0x0800680c                f_mount
 .text.f_open   0x08006898      0x374 cmake/stm32cubemx/CMakeFiles/FatFs.dir/__/__/Middlewares/Third_Party/FatFs/src/ff.c.obj
                0x08006898                f_open
 .text.f_read   0x08006c0c      0x27e cmake/stm32cubemx/CMakeFiles/FatFs.dir/__/__/Middlewares/Third_Party/FatFs/src/ff.c.obj
                0x08006c0c                f_read
 .text.f_write  0x08006e8a      0x2ea cmake/stm32cubemx/CMakeFiles/FatFs.dir/__/__/Middlewares/Third_Party/FatFs/src/ff.c.obj
                0x08006e8a                f_write
 .text.f_sync   0x08007174       0xfc cmake/stm32cubemx/CMakeFiles/FatFs.dir/__/__/Middlewares/Third_Party/FatFs/src/ff.c.obj
                0x08007174                f_sync
 .text.f_close  0x08007270       0x54 cmake/stm32cubemx/CMakeFiles/FatFs.dir/__/__/Middlewares/Third_Party/FatFs/src/ff.c.obj
                0x08007270                f_close
 .text.f_getfree
                0x080072c4      0x16a cmake/stm32cubemx/CMakeFiles/FatFs.dir/__/__/Middlewares/Third_Party/FatFs/src/ff.c.obj
                0x080072c4                f_getfree
 *fill*         0x0800742e        0x2 
 .text.FATFS_LinkDriverEx
                0x08007430       0x98 cmake/stm32cubemx/CMakeFiles/FatFs.dir/__/__/Middlewares/Third_Party/FatFs/src/ff_gen_drv.c.obj
                0x08007430                FATFS_LinkDriverEx
 .text.FATFS_LinkDriver
                0x080074c8       0x1e cmake/stm32cubemx/CMakeFiles/FatFs.dir/__/__/Middlewares/Third_Party/FatFs/src/ff_gen_drv.c.obj
                0x080074c8                FATFS_LinkDriver
 *fill*         0x080074e6        0x2 
 .text.SELECT   0x080074e8       0x18 CMakeFiles/NSE2025_VALVE.dir/Core/Src/fatfs_sd.c.obj
 .text.DESELECT
                0x08007500       0x18 CMakeFiles/NSE2025_VALVE.dir/Core/Src/fatfs_sd.c.obj
 .text.SPI_TxByte
                0x08007518       0x34 CMakeFiles/NSE2025_VALVE.dir/Core/Src/fatfs_sd.c.obj
 .text.SPI_RxByte
                0x0800754c       0x3c CMakeFiles/NSE2025_VALVE.dir/Core/Src/fatfs_sd.c.obj
 .text.SPI_RxBytePtr
                0x08007588       0x1c CMakeFiles/NSE2025_VALVE.dir/Core/Src/fatfs_sd.c.obj
 .text.SD_ReadyWait
                0x080075a4       0x38 CMakeFiles/NSE2025_VALVE.dir/Core/Src/fatfs_sd.c.obj
 .text.SD_PowerOn
                0x080075dc       0x98 CMakeFiles/NSE2025_VALVE.dir/Core/Src/fatfs_sd.c.obj
 .text.SD_PowerOff
                0x08007674       0x18 CMakeFiles/NSE2025_VALVE.dir/Core/Src/fatfs_sd.c.obj
 .text.SD_CheckPower
                0x0800768c       0x18 CMakeFiles/NSE2025_VALVE.dir/Core/Src/fatfs_sd.c.obj
 .text.SD_RxDataBlock
                0x080076a4       0x6c CMakeFiles/NSE2025_VALVE.dir/Core/Src/fatfs_sd.c.obj
 .text.SD_TxDataBlock
                0x08007710       0xa8 CMakeFiles/NSE2025_VALVE.dir/Core/Src/fatfs_sd.c.obj
 .text.SD_SendCmd
                0x080077b8       0xa4 CMakeFiles/NSE2025_VALVE.dir/Core/Src/fatfs_sd.c.obj
 .text.SD_disk_initialize
                0x0800785c      0x1d4 CMakeFiles/NSE2025_VALVE.dir/Core/Src/fatfs_sd.c.obj
                0x0800785c                SD_disk_initialize
 .text.SD_disk_status
                0x08007a30       0x2c CMakeFiles/NSE2025_VALVE.dir/Core/Src/fatfs_sd.c.obj
                0x08007a30                SD_disk_status
 .text.SD_disk_read
                0x08007a5c       0xd4 CMakeFiles/NSE2025_VALVE.dir/Core/Src/fatfs_sd.c.obj
                0x08007a5c                SD_disk_read
 .text.SD_disk_write
                0x08007b30      0x108 CMakeFiles/NSE2025_VALVE.dir/Core/Src/fatfs_sd.c.obj
                0x08007b30                SD_disk_write
 .text.SD_disk_ioctl
                0x08007c38      0x260 CMakeFiles/NSE2025_VALVE.dir/Core/Src/fatfs_sd.c.obj
                0x08007c38                SD_disk_ioctl
 .text._write   0x08007e98       0x2c CMakeFiles/NSE2025_VALVE.dir/Core/Src/main.c.obj
                0x08007e98                _write
 .text.debug_sector_content
                0x08007ec4      0x30c CMakeFiles/NSE2025_VALVE.dir/Core/Src/main.c.obj
                0x08007ec4                debug_sector_content
 .text.debug_check_fs
                0x080081d0      0x1a0 CMakeFiles/NSE2025_VALVE.dir/Core/Src/main.c.obj
                0x080081d0                debug_check_fs
 .text.main     0x08008370      0x3e4 CMakeFiles/NSE2025_VALVE.dir/Core/Src/main.c.obj
                0x08008370                main
 .text.SystemClock_Config
                0x08008754       0xc0 CMakeFiles/NSE2025_VALVE.dir/Core/Src/main.c.obj
                0x08008754                SystemClock_Config
 .text.MX_I2C1_Init
                0x08008814       0x5c CMakeFiles/NSE2025_VALVE.dir/Core/Src/main.c.obj
 .text.MX_I2C2_Init
                0x08008870       0x5c CMakeFiles/NSE2025_VALVE.dir/Core/Src/main.c.obj
 .text.MX_I2C3_Init
                0x080088cc       0x5c CMakeFiles/NSE2025_VALVE.dir/Core/Src/main.c.obj
 .text.MX_RTC_Init
                0x08008928       0x4c CMakeFiles/NSE2025_VALVE.dir/Core/Src/main.c.obj
 .text.MX_SPI1_Init
                0x08008974       0x6c CMakeFiles/NSE2025_VALVE.dir/Core/Src/main.c.obj
 .text.MX_SPI2_Init
                0x080089e0       0x6c CMakeFiles/NSE2025_VALVE.dir/Core/Src/main.c.obj
 .text.MX_SPI3_Init
                0x08008a4c       0x6c CMakeFiles/NSE2025_VALVE.dir/Core/Src/main.c.obj
 .text.MX_TIM1_Init
                0x08008ab8       0xa0 CMakeFiles/NSE2025_VALVE.dir/Core/Src/main.c.obj
 .text.MX_TIM2_Init
                0x08008b58       0x98 CMakeFiles/NSE2025_VALVE.dir/Core/Src/main.c.obj
 .text.MX_TIM3_Init
                0x08008bf0       0xb4 CMakeFiles/NSE2025_VALVE.dir/Core/Src/main.c.obj
 .text.MX_UART5_Init
                0x08008ca4       0x54 CMakeFiles/NSE2025_VALVE.dir/Core/Src/main.c.obj
 .text.MX_USART1_UART_Init
                0x08008cf8       0x54 CMakeFiles/NSE2025_VALVE.dir/Core/Src/main.c.obj
 .text.MX_USART2_UART_Init
                0x08008d4c       0x54 CMakeFiles/NSE2025_VALVE.dir/Core/Src/main.c.obj
 .text.MX_GPIO_Init
                0x08008da0       0xbc CMakeFiles/NSE2025_VALVE.dir/Core/Src/main.c.obj
 .text.Error_Handler
                0x08008e5c        0xc CMakeFiles/NSE2025_VALVE.dir/Core/Src/main.c.obj
                0x08008e5c                Error_Handler
 .text.servo_init
                0x08008e68       0x40 CMakeFiles/NSE2025_VALVE.dir/Core/Src/servo.c.obj
                0x08008e68                servo_init
 .text.servo_set_angle
                0x08008ea8       0x40 CMakeFiles/NSE2025_VALVE.dir/Core/Src/servo.c.obj
                0x08008ea8                servo_set_angle
 .text.servo_compute_pulse_us_from_angle
                0x08008ee8       0x44 CMakeFiles/NSE2025_VALVE.dir/Core/Src/servo.c.obj
                0x08008ee8                servo_compute_pulse_us_from_angle
 .text.servo_compute_compare_from_us
                0x08008f2c       0x16 CMakeFiles/NSE2025_VALVE.dir/Core/Src/servo.c.obj
                0x08008f2c                servo_compute_compare_from_us
 *fill*         0x08008f42        0x2 
 .text.HAL_MspInit
                0x08008f44       0x50 CMakeFiles/NSE2025_VALVE.dir/Core/Src/stm32f4xx_hal_msp.c.obj
                0x08008f44                HAL_MspInit
 .text.HAL_I2C_MspInit
                0x08008f94      0x1c8 CMakeFiles/NSE2025_VALVE.dir/Core/Src/stm32f4xx_hal_msp.c.obj
                0x08008f94                HAL_I2C_MspInit
 .text.HAL_RTC_MspInit
                0x0800915c       0x54 CMakeFiles/NSE2025_VALVE.dir/Core/Src/stm32f4xx_hal_msp.c.obj
                0x0800915c                HAL_RTC_MspInit
 .text.HAL_SPI_MspInit
                0x080091b0      0x1f4 CMakeFiles/NSE2025_VALVE.dir/Core/Src/stm32f4xx_hal_msp.c.obj
                0x080091b0                HAL_SPI_MspInit
 .text.HAL_TIM_Base_MspInit
                0x080093a4       0xb8 CMakeFiles/NSE2025_VALVE.dir/Core/Src/stm32f4xx_hal_msp.c.obj
                0x080093a4                HAL_TIM_Base_MspInit
 .text.HAL_TIM_OC_MspInit
                0x0800945c       0x50 CMakeFiles/NSE2025_VALVE.dir/Core/Src/stm32f4xx_hal_msp.c.obj
                0x0800945c                HAL_TIM_OC_MspInit
 .text.HAL_TIM_MspPostInit
                0x080094ac       0x74 CMakeFiles/NSE2025_VALVE.dir/Core/Src/stm32f4xx_hal_msp.c.obj
                0x080094ac                HAL_TIM_MspPostInit
 .text.HAL_UART_MspInit
                0x08009520      0x1a8 CMakeFiles/NSE2025_VALVE.dir/Core/Src/stm32f4xx_hal_msp.c.obj
                0x08009520                HAL_UART_MspInit
 .text.SDTimer_Handler
                0x080096c8       0x48 CMakeFiles/NSE2025_VALVE.dir/Core/Src/stm32f4xx_it.c.obj
                0x080096c8                SDTimer_Handler
 .text.NMI_Handler
                0x08009710        0x8 CMakeFiles/NSE2025_VALVE.dir/Core/Src/stm32f4xx_it.c.obj
                0x08009710                NMI_Handler
 .text.HardFault_Handler
                0x08009718        0x8 CMakeFiles/NSE2025_VALVE.dir/Core/Src/stm32f4xx_it.c.obj
                0x08009718                HardFault_Handler
 .text.MemManage_Handler
                0x08009720        0x8 CMakeFiles/NSE2025_VALVE.dir/Core/Src/stm32f4xx_it.c.obj
                0x08009720                MemManage_Handler
 .text.BusFault_Handler
                0x08009728        0x8 CMakeFiles/NSE2025_VALVE.dir/Core/Src/stm32f4xx_it.c.obj
                0x08009728                BusFault_Handler
 .text.UsageFault_Handler
                0x08009730        0x8 CMakeFiles/NSE2025_VALVE.dir/Core/Src/stm32f4xx_it.c.obj
                0x08009730                UsageFault_Handler
 .text.SVC_Handler
                0x08009738        0xe CMakeFiles/NSE2025_VALVE.dir/Core/Src/stm32f4xx_it.c.obj
                0x08009738                SVC_Handler
 .text.DebugMon_Handler
                0x08009746        0xe CMakeFiles/NSE2025_VALVE.dir/Core/Src/stm32f4xx_it.c.obj
                0x08009746                DebugMon_Handler
 .text.PendSV_Handler
                0x08009754        0xe CMakeFiles/NSE2025_VALVE.dir/Core/Src/stm32f4xx_it.c.obj
                0x08009754                PendSV_Handler
 *fill*         0x08009762        0x2 
 .text.SysTick_Handler
                0x08009764       0x6c CMakeFiles/NSE2025_VALVE.dir/Core/Src/stm32f4xx_it.c.obj
                0x08009764                SysTick_Handler
 .text.TIM1_BRK_TIM9_IRQHandler
                0x080097d0       0x14 CMakeFiles/NSE2025_VALVE.dir/Core/Src/stm32f4xx_it.c.obj
                0x080097d0                TIM1_BRK_TIM9_IRQHandler
 .text.TIM1_UP_TIM10_IRQHandler
                0x080097e4       0x14 CMakeFiles/NSE2025_VALVE.dir/Core/Src/stm32f4xx_it.c.obj
                0x080097e4                TIM1_UP_TIM10_IRQHandler
 .text.TIM1_TRG_COM_TIM11_IRQHandler
                0x080097f8       0x14 CMakeFiles/NSE2025_VALVE.dir/Core/Src/stm32f4xx_it.c.obj
                0x080097f8                TIM1_TRG_COM_TIM11_IRQHandler
 .text.TIM1_CC_IRQHandler
                0x0800980c       0x14 CMakeFiles/NSE2025_VALVE.dir/Core/Src/stm32f4xx_it.c.obj
                0x0800980c                TIM1_CC_IRQHandler
 .text.TIM2_IRQHandler
                0x08009820       0x14 CMakeFiles/NSE2025_VALVE.dir/Core/Src/stm32f4xx_it.c.obj
                0x08009820                TIM2_IRQHandler
 .text.TIM3_IRQHandler
                0x08009834       0x14 CMakeFiles/NSE2025_VALVE.dir/Core/Src/stm32f4xx_it.c.obj
                0x08009834                TIM3_IRQHandler
 .text.SPI1_IRQHandler
                0x08009848       0x14 CMakeFiles/NSE2025_VALVE.dir/Core/Src/stm32f4xx_it.c.obj
                0x08009848                SPI1_IRQHandler
 .text._read    0x0800985c       0x3a CMakeFiles/NSE2025_VALVE.dir/Core/Src/syscalls.c.obj
                0x0800985c                _read
 .text._close   0x08009896       0x18 CMakeFiles/NSE2025_VALVE.dir/Core/Src/syscalls.c.obj
                0x08009896                _close
 .text._fstat   0x080098ae       0x20 CMakeFiles/NSE2025_VALVE.dir/Core/Src/syscalls.c.obj
                0x080098ae                _fstat
 .text._isatty  0x080098ce       0x16 CMakeFiles/NSE2025_VALVE.dir/Core/Src/syscalls.c.obj
                0x080098ce                _isatty
 .text._lseek   0x080098e4       0x1a CMakeFiles/NSE2025_VALVE.dir/Core/Src/syscalls.c.obj
                0x080098e4                _lseek
 *fill*         0x080098fe        0x2 
 .text._sbrk    0x08009900       0x6c CMakeFiles/NSE2025_VALVE.dir/Core/Src/sysmem.c.obj
                0x08009900                _sbrk
 .text.SystemInit
                0x0800996c       0x24 CMakeFiles/NSE2025_VALVE.dir/Core/Src/system_stm32f4xx.c.obj
                0x0800996c                SystemInit
 .text.MX_FATFS_Init
                0x08009990       0x24 CMakeFiles/NSE2025_VALVE.dir/FATFS/App/fatfs.c.obj
                0x08009990                MX_FATFS_Init
 .text.get_fattime
                0x080099b4       0x10 CMakeFiles/NSE2025_VALVE.dir/FATFS/App/fatfs.c.obj
                0x080099b4                get_fattime
 .text.USER_initialize
                0x080099c4       0x2c CMakeFiles/NSE2025_VALVE.dir/FATFS/Target/user_diskio.c.obj
                0x080099c4                USER_initialize
 .text.USER_status
                0x080099f0       0x1c CMakeFiles/NSE2025_VALVE.dir/FATFS/Target/user_diskio.c.obj
                0x080099f0                USER_status
 .text.USER_read
                0x08009a0c       0x26 CMakeFiles/NSE2025_VALVE.dir/FATFS/Target/user_diskio.c.obj
                0x08009a0c                USER_read
 .text.USER_write
                0x08009a32       0x26 CMakeFiles/NSE2025_VALVE.dir/FATFS/Target/user_diskio.c.obj
                0x08009a32                USER_write
 .text.USER_ioctl
                0x08009a58       0x26 CMakeFiles/NSE2025_VALVE.dir/FATFS/Target/user_diskio.c.obj
                0x08009a58                USER_ioctl
 *fill*         0x08009a7e        0x2 
 .text.Reset_Handler
                0x08009a80       0x50 CMakeFiles/NSE2025_VALVE.dir/startup_stm32f413xx.s.obj
                0x08009a80                Reset_Handler
 .text.Default_Handler
                0x08009ad0        0x2 CMakeFiles/NSE2025_VALVE.dir/startup_stm32f413xx.s.obj
                0x08009ad0                DMA1_Stream3_IRQHandler
                0x08009ad0                EXTI2_IRQHandler
                0x08009ad0                TIM8_CC_IRQHandler
                0x08009ad0                UART8_IRQHandler
                0x08009ad0                FMPI2C1_EV_IRQHandler
                0x08009ad0                SPI4_IRQHandler
                0x08009ad0                DMA2_Stream5_IRQHandler
                0x08009ad0                DMA1_Stream5_IRQHandler
                0x08009ad0                CAN3_RX1_IRQHandler
                0x08009ad0                PVD_IRQHandler
                0x08009ad0                SDIO_IRQHandler
                0x08009ad0                TAMP_STAMP_IRQHandler
                0x08009ad0                CAN2_RX1_IRQHandler
                0x08009ad0                EXTI3_IRQHandler
                0x08009ad0                TIM8_TRG_COM_TIM14_IRQHandler
                0x08009ad0                DFSDM1_FLT1_IRQHandler
                0x08009ad0                TIM8_UP_TIM13_IRQHandler
                0x08009ad0                I2C3_ER_IRQHandler
                0x08009ad0                EXTI0_IRQHandler
                0x08009ad0                I2C2_EV_IRQHandler
                0x08009ad0                DMA1_Stream2_IRQHandler
                0x08009ad0                CAN1_RX0_IRQHandler
                0x08009ad0                FPU_IRQHandler
                0x08009ad0                CAN3_SCE_IRQHandler
                0x08009ad0                CAN2_SCE_IRQHandler
                0x08009ad0                DMA2_Stream2_IRQHandler
                0x08009ad0                TIM6_DAC_IRQHandler
                0x08009ad0                CAN2_RX0_IRQHandler
                0x08009ad0                DMA2_Stream3_IRQHandler
                0x08009ad0                USART6_IRQHandler
                0x08009ad0                CAN3_RX0_IRQHandler
                0x08009ad0                USART3_IRQHandler
                0x08009ad0                DFSDM2_FLT3_IRQHandler
                0x08009ad0                CAN1_RX1_IRQHandler
                0x08009ad0                UART5_IRQHandler
                0x08009ad0                DMA2_Stream0_IRQHandler
                0x08009ad0                TIM4_IRQHandler
                0x08009ad0                QUADSPI_IRQHandler
                0x08009ad0                I2C1_EV_IRQHandler
                0x08009ad0                DMA1_Stream6_IRQHandler
                0x08009ad0                DMA1_Stream1_IRQHandler
                0x08009ad0                UART4_IRQHandler
                0x08009ad0                RCC_IRQHandler
                0x08009ad0                UART9_IRQHandler
                0x08009ad0                TIM8_BRK_TIM12_IRQHandler
                0x08009ad0                Default_Handler
                0x08009ad0                EXTI15_10_IRQHandler
                0x08009ad0                ADC_IRQHandler
                0x08009ad0                DMA1_Stream7_IRQHandler
                0x08009ad0                DFSDM2_FLT0_IRQHandler
                0x08009ad0                SPI5_IRQHandler
                0x08009ad0                TIM7_IRQHandler
                0x08009ad0                CAN2_TX_IRQHandler
                0x08009ad0                TIM5_IRQHandler
                0x08009ad0                DMA2_Stream7_IRQHandler
                0x08009ad0                I2C3_EV_IRQHandler
                0x08009ad0                DFSDM2_FLT2_IRQHandler
                0x08009ad0                EXTI9_5_IRQHandler
                0x08009ad0                RTC_WKUP_IRQHandler
                0x08009ad0                SPI2_IRQHandler
                0x08009ad0                DMA1_Stream0_IRQHandler
                0x08009ad0                CAN1_TX_IRQHandler
                0x08009ad0                FMPI2C1_ER_IRQHandler
                0x08009ad0                EXTI4_IRQHandler
                0x08009ad0                DFSDM2_FLT1_IRQHandler
                0x08009ad0                RNG_IRQHandler
                0x08009ad0                FSMC_IRQHandler
                0x08009ad0                WWDG_IRQHandler
                0x08009ad0                CAN3_TX_IRQHandler
                0x08009ad0                OTG_FS_WKUP_IRQHandler
                0x08009ad0                EXTI1_IRQHandler
                0x08009ad0                UART7_IRQHandler
                0x08009ad0                USART2_IRQHandler
                0x08009ad0                DFSDM1_FLT0_IRQHandler
                0x08009ad0                I2C2_ER_IRQHandler
                0x08009ad0                DMA2_Stream1_IRQHandler
                0x08009ad0                CAN1_SCE_IRQHandler
                0x08009ad0                FLASH_IRQHandler
                0x08009ad0                DMA2_Stream4_IRQHandler
                0x08009ad0                USART1_IRQHandler
                0x08009ad0                OTG_FS_IRQHandler
                0x08009ad0                SPI3_IRQHandler
                0x08009ad0                DMA1_Stream4_IRQHandler
                0x08009ad0                I2C1_ER_IRQHandler
                0x08009ad0                LPTIM1_IRQHandler
                0x08009ad0                DMA2_Stream6_IRQHandler
                0x08009ad0                UART10_IRQHandler
                0x08009ad0                SAI1_IRQHandler
                0x08009ad0                RTC_Alarm_IRQHandler
 .text.setbuf   0x08009ad2       0x10 /opt/ST/STM32CubeCLT_1.18.0/GNU-tools-for-STM32/bin/../lib/gcc/arm-none-eabi/13.3.1/../../../../arm-none-eabi/lib/thumb/v7e-m+fp/hard/libg_nano.a(libc_a-setbuf.o)
                0x08009ad2                setbuf
 *fill*         0x08009ae2        0x2 
 .text.setvbuf  0x08009ae4      0x168 /opt/ST/STM32CubeCLT_1.18.0/GNU-tools-for-STM32/bin/../lib/gcc/arm-none-eabi/13.3.1/../../../../arm-none-eabi/lib/thumb/v7e-m+fp/hard/libg_nano.a(libc_a-setvbuf.o)
                0x08009ae4                setvbuf
 .text.__swhatbuf_r
                0x08009c4c       0x4c /opt/ST/STM32CubeCLT_1.18.0/GNU-tools-for-STM32/bin/../lib/gcc/arm-none-eabi/13.3.1/../../../../arm-none-eabi/lib/thumb/v7e-m+fp/hard/libg_nano.a(libc_a-makebuf.o)
                0x08009c4c                __swhatbuf_r
 .text.__smakebuf_r
                0x08009c98       0x78 /opt/ST/STM32CubeCLT_1.18.0/GNU-tools-for-STM32/bin/../lib/gcc/arm-none-eabi/13.3.1/../../../../arm-none-eabi/lib/thumb/v7e-m+fp/hard/libg_nano.a(libc_a-makebuf.o)
                0x08009c98                __smakebuf_r
 .text.printf   0x08009d10       0x24 /opt/ST/STM32CubeCLT_1.18.0/GNU-tools-for-STM32/bin/../lib/gcc/arm-none-eabi/13.3.1/../../../../arm-none-eabi/lib/thumb/v7e-m+fp/hard/libg_nano.a(libc_a-printf.o)
                0x08009d10                printf
                0x08009d10                iprintf
 .text.putchar  0x08009d34       0x10 /opt/ST/STM32CubeCLT_1.18.0/GNU-tools-for-STM32/bin/../lib/gcc/arm-none-eabi/13.3.1/../../../../arm-none-eabi/lib/thumb/v7e-m+fp/hard/libg_nano.a(libc_a-putchar.o)
                0x08009d34                putchar
 .text._puts_r  0x08009d44       0xaa /opt/ST/STM32CubeCLT_1.18.0/GNU-tools-for-STM32/bin/../lib/gcc/arm-none-eabi/13.3.1/../../../../arm-none-eabi/lib/thumb/v7e-m+fp/hard/libg_nano.a(libc_a-puts.o)
                0x08009d44                _puts_r
 *fill*         0x08009dee        0x2 
 .text.puts     0x08009df0       0x10 /opt/ST/STM32CubeCLT_1.18.0/GNU-tools-for-STM32/bin/../lib/gcc/arm-none-eabi/13.3.1/../../../../arm-none-eabi/lib/thumb/v7e-m+fp/hard/libg_nano.a(libc_a-puts.o)
                0x08009df0                puts
 .text._isatty_r
                0x08009e00       0x20 /opt/ST/STM32CubeCLT_1.18.0/GNU-tools-for-STM32/bin/../lib/gcc/arm-none-eabi/13.3.1/../../../../arm-none-eabi/lib/thumb/v7e-m+fp/hard/libg_nano.a(libc_a-isattyr.o)
                0x08009e00                _isatty_r
 .text.__errno  0x08009e20        0xc /opt/ST/STM32CubeCLT_1.18.0/GNU-tools-for-STM32/bin/../lib/gcc/arm-none-eabi/13.3.1/../../../../arm-none-eabi/lib/thumb/v7e-m+fp/hard/libg_nano.a(libc_a-errno.o)
                0x08009e20                __errno
 .text._fstat_r
                0x08009e2c       0x24 /opt/ST/STM32CubeCLT_1.18.0/GNU-tools-for-STM32/bin/../lib/gcc/arm-none-eabi/13.3.1/../../../../arm-none-eabi/lib/thumb/v7e-m+fp/hard/libg_nano.a(libc_a-fstatr.o)
                0x08009e2c                _fstat_r
 .text.__sfputc_r
                0x08009e50       0x2e /opt/ST/STM32CubeCLT_1.18.0/GNU-tools-for-STM32/bin/../lib/gcc/arm-none-eabi/13.3.1/../../../../arm-none-eabi/lib/thumb/v7e-m+fp/hard/libg_nano.a(libc_a-nano-vfprintf.o)
 .text.__sfputs_r
                0x08009e7e       0x24 /opt/ST/STM32CubeCLT_1.18.0/GNU-tools-for-STM32/bin/../lib/gcc/arm-none-eabi/13.3.1/../../../../arm-none-eabi/lib/thumb/v7e-m+fp/hard/libg_nano.a(libc_a-nano-vfprintf.o)
                0x08009e7e                __sfputs_r
 *fill*         0x08009ea2        0x2 
 .text._vfprintf_r
                0x08009ea4      0x230 /opt/ST/STM32CubeCLT_1.18.0/GNU-tools-for-STM32/bin/../lib/gcc/arm-none-eabi/13.3.1/../../../../arm-none-eabi/lib/thumb/v7e-m+fp/hard/libg_nano.a(libc_a-nano-vfprintf.o)
                0x08009ea4                _vfiprintf_r
                0x08009ea4                _vfprintf_r
 .text.malloc   0x0800a0d4       0x10 /opt/ST/STM32CubeCLT_1.18.0/GNU-tools-for-STM32/bin/../lib/gcc/arm-none-eabi/13.3.1/../../../../arm-none-eabi/lib/thumb/v7e-m+fp/hard/libg_nano.a(libc_a-malloc.o)
                0x0800a0d4                malloc
 .text._printf_common
                0x0800a0e4       0xda /opt/ST/STM32CubeCLT_1.18.0/GNU-tools-for-STM32/bin/../lib/gcc/arm-none-eabi/13.3.1/../../../../arm-none-eabi/lib/thumb/v7e-m+fp/hard/libg_nano.a(libc_a-nano-vfprintf_i.o)
                0x0800a0e4                _printf_common
 *fill*         0x0800a1be        0x2 
 .text._printf_i
                0x0800a1c0      0x23c /opt/ST/STM32CubeCLT_1.18.0/GNU-tools-for-STM32/bin/../lib/gcc/arm-none-eabi/13.3.1/../../../../arm-none-eabi/lib/thumb/v7e-m+fp/hard/libg_nano.a(libc_a-nano-vfprintf_i.o)
                0x0800a1c0                _printf_i
 .text.__swbuf_r
                0x0800a3fc       0x7c /opt/ST/STM32CubeCLT_1.18.0/GNU-tools-for-STM32/bin/../lib/gcc/arm-none-eabi/13.3.1/../../../../arm-none-eabi/lib/thumb/v7e-m+fp/hard/libg_nano.a(libc_a-wbuf.o)
                0x0800a3fc                __swbuf_r
 .text.__swsetup_r
                0x0800a478       0xac /opt/ST/STM32CubeCLT_1.18.0/GNU-tools-for-STM32/bin/../lib/gcc/arm-none-eabi/13.3.1/../../../../arm-none-eabi/lib/thumb/v7e-m+fp/hard/libg_nano.a(libc_a-wsetup.o)
                0x0800a478                __swsetup_r
 .text._putc_r  0x0800a524       0x68 /opt/ST/STM32CubeCLT_1.18.0/GNU-tools-for-STM32/bin/../lib/gcc/arm-none-eabi/13.3.1/../../../../arm-none-eabi/lib/thumb/v7e-m+fp/hard/libg_nano.a(libc_a-putc.o)
                0x0800a524                _putc_r
 *(.glue_7)
 .glue_7        0x0800a58c        0x0 linker stubs
 *(.glue_7t)
 .glue_7t       0x0800a58c        0x0 linker stubs
 *(.eh_frame)
 .eh_frame      0x0800a58c        0x0 /opt/ST/STM32CubeCLT_1.18.0/GNU-tools-for-STM32/bin/../lib/gcc/arm-none-eabi/13.3.1/thumb/v7e-m+fp/hard/crtbegin.o
 *(.init)
 .init          0x0800a58c        0x4 /opt/ST/STM32CubeCLT_1.18.0/GNU-tools-for-STM32/bin/../lib/gcc/arm-none-eabi/13.3.1/thumb/v7e-m+fp/hard/crti.o
                0x0800a58c                _init
 .init          0x0800a590        0x8 /opt/ST/STM32CubeCLT_1.18.0/GNU-tools-for-STM32/bin/../lib/gcc/arm-none-eabi/13.3.1/thumb/v7e-m+fp/hard/crtn.o
 *(.fini)
 .fini          0x0800a598        0x4 /opt/ST/STM32CubeCLT_1.18.0/GNU-tools-for-STM32/bin/../lib/gcc/arm-none-eabi/13.3.1/thumb/v7e-m+fp/hard/crti.o
                0x0800a598                _fini
 .fini          0x0800a59c        0x8 /opt/ST/STM32CubeCLT_1.18.0/GNU-tools-for-STM32/bin/../lib/gcc/arm-none-eabi/13.3.1/thumb/v7e-m+fp/hard/crtn.o
                0x0800a5a4                        . = ALIGN (0x4)
                0x0800a5a4                        _etext = .

.vfp11_veneer   0x0800a5a4        0x0
 .vfp11_veneer  0x0800a5a4        0x0 linker stubs

.v4_bx          0x0800a5a4        0x0
 .v4_bx         0x0800a5a4        0x0 linker stubs

.iplt           0x0800a5a4        0x0
 .iplt          0x0800a5a4        0x0 /opt/ST/STM32CubeCLT_1.18.0/GNU-tools-for-STM32/bin/../lib/gcc/arm-none-eabi/13.3.1/thumb/v7e-m+fp/hard/crtbegin.o

.rodata         0x0800a5a4      0x52c
                0x0800a5a4                        . = ALIGN (0x4)
 *(.rodata)
 .rodata        0x0800a5a4       0x44 cmake/stm32cubemx/CMakeFiles/FatFs.dir/__/__/Middlewares/Third_Party/FatFs/src/ff.c.obj
 .rodata        0x0800a5e8      0x41b CMakeFiles/NSE2025_VALVE.dir/Core/Src/main.c.obj
 *(.rodata*)
 *fill*         0x0800aa03        0x1 
 .rodata.ExCvt  0x0800aa04       0x80 cmake/stm32cubemx/CMakeFiles/FatFs.dir/__/__/Middlewares/Third_Party/FatFs/src/ff.c.obj
 .rodata.AHBPrescTable
                0x0800aa84       0x10 CMakeFiles/NSE2025_VALVE.dir/Core/Src/system_stm32f4xx.c.obj
                0x0800aa84                AHBPrescTable
 .rodata.APBPrescTable
                0x0800aa94        0x8 CMakeFiles/NSE2025_VALVE.dir/Core/Src/system_stm32f4xx.c.obj
                0x0800aa94                APBPrescTable
 .rodata._vfprintf_r.str1.1
                0x0800aa9c       0x33 /opt/ST/STM32CubeCLT_1.18.0/GNU-tools-for-STM32/bin/../lib/gcc/arm-none-eabi/13.3.1/../../../../arm-none-eabi/lib/thumb/v7e-m+fp/hard/libg_nano.a(libc_a-nano-vfprintf.o)
                                 0x11 (size before relaxing)
 .rodata._printf_i.str1.1
                0x0800aacf       0x22 /opt/ST/STM32CubeCLT_1.18.0/GNU-tools-for-STM32/bin/../lib/gcc/arm-none-eabi/13.3.1/../../../../arm-none-eabi/lib/thumb/v7e-m+fp/hard/libg_nano.a(libc_a-nano-vfprintf_i.o)
                0x0800aaf4                        . = ALIGN (0x4)
 *fill*         0x0800aacf        0x1 

.ARM.extab      0x0800aad0        0x0
                0x0800aad0                        . = ALIGN (0x4)
 *(.ARM.extab* .gnu.linkonce.armextab.*)
                0x0800aad0                        . = ALIGN (0x4)

.ARM            0x0800aad0        0x8
                0x0800aad0                        . = ALIGN (0x4)
                0x0800aad0                        __exidx_start = .
 *(.ARM.exidx*)
 .ARM.exidx     0x0800aad0        0x8 /opt/ST/STM32CubeCLT_1.18.0/GNU-tools-for-STM32/bin/../lib/gcc/arm-none-eabi/13.3.1/thumb/v7e-m+fp/hard/libgcc.a(_udivmoddi4.o)
 .ARM.exidx     0x0800aad8        0x0 /opt/ST/STM32CubeCLT_1.18.0/GNU-tools-for-STM32/bin/../lib/gcc/arm-none-eabi/13.3.1/../../../../arm-none-eabi/lib/thumb/v7e-m+fp/hard/libg_nano.a(libc_a-strlen.o)
                                  0x8 (size before relaxing)
 .ARM.exidx     0x0800aad8        0x0 /opt/ST/STM32CubeCLT_1.18.0/GNU-tools-for-STM32/bin/../lib/gcc/arm-none-eabi/13.3.1/../../../../arm-none-eabi/lib/thumb/v7e-m+fp/hard/libg_nano.a(libc_a-memchr.o)
                                  0x8 (size before relaxing)
                0x0800aad8                        __exidx_end = .
                0x0800aad8                        . = ALIGN (0x4)

.preinit_array  0x0800aad8        0x0
                0x0800aad8                        . = ALIGN (0x4)
                0x0800aad8                        PROVIDE (__preinit_array_start = .)
 *(.preinit_array*)
                0x0800aad8                        PROVIDE (__preinit_array_end = .)
                0x0800aad8                        . = ALIGN (0x4)

.init_array     0x0800aad8        0x4
                0x0800aad8                        . = ALIGN (0x4)
                0x0800aad8                        PROVIDE (__init_array_start = .)
 *(SORT_BY_NAME(.init_array.*))
 *(.init_array*)
 .init_array    0x0800aad8        0x4 /opt/ST/STM32CubeCLT_1.18.0/GNU-tools-for-STM32/bin/../lib/gcc/arm-none-eabi/13.3.1/thumb/v7e-m+fp/hard/crtbegin.o
                0x0800aadc                        PROVIDE (__init_array_end = .)
                0x0800aadc                        . = ALIGN (0x4)

.fini_array     0x0800aadc        0x4
                0x0800aadc                        . = ALIGN (0x4)
                [!provide]                        PROVIDE (__fini_array_start = .)
 *(SORT_BY_NAME(.fini_array.*))
 *(.fini_array*)
 .fini_array    0x0800aadc        0x4 /opt/ST/STM32CubeCLT_1.18.0/GNU-tools-for-STM32/bin/../lib/gcc/arm-none-eabi/13.3.1/thumb/v7e-m+fp/hard/crtbegin.o
                [!provide]                        PROVIDE (__fini_array_end = .)
                0x0800aae0                        . = ALIGN (0x4)
                0x0800aae0                        _sidata = LOADADDR (.data)

.rel.dyn        0x0800aae0        0x0
 .rel.iplt      0x0800aae0        0x0 /opt/ST/STM32CubeCLT_1.18.0/GNU-tools-for-STM32/bin/../lib/gcc/arm-none-eabi/13.3.1/thumb/v7e-m+fp/hard/crtbegin.o

.data           0x20000000       0x80 load address 0x0800aae0
                0x20000000                        . = ALIGN (0x4)
                0x20000000                        _sdata = .
 *(.data)
 *(.data*)
 .data.__sglue  0x20000000        0xc /opt/ST/STM32CubeCLT_1.18.0/GNU-tools-for-STM32/bin/../lib/gcc/arm-none-eabi/13.3.1/../../../../arm-none-eabi/lib/thumb/v7e-m+fp/hard/libc_nano.a(libc_a-findfp.o)
                0x20000000                __sglue
 .data._impure_ptr
                0x2000000c        0x4 /opt/ST/STM32CubeCLT_1.18.0/GNU-tools-for-STM32/bin/../lib/gcc/arm-none-eabi/13.3.1/../../../../arm-none-eabi/lib/thumb/v7e-m+fp/hard/libc_nano.a(libc_a-impure.o)
                0x2000000c                _impure_ptr
 .data._impure_data
                0x20000010       0x4c /opt/ST/STM32CubeCLT_1.18.0/GNU-tools-for-STM32/bin/../lib/gcc/arm-none-eabi/13.3.1/../../../../arm-none-eabi/lib/thumb/v7e-m+fp/hard/libc_nano.a(libc_a-impure.o)
                0x20000010                _impure_data
 .data.uwTickPrio
                0x2000005c        0x4 cmake/stm32cubemx/CMakeFiles/STM32_Drivers.dir/__/__/Drivers/STM32F4xx_HAL_Driver/Src/stm32f4xx_hal.c.obj
                0x2000005c                uwTickPrio
 .data.uwTickFreq
                0x20000060        0x1 cmake/stm32cubemx/CMakeFiles/STM32_Drivers.dir/__/__/Drivers/STM32F4xx_HAL_Driver/Src/stm32f4xx_hal.c.obj
                0x20000060                uwTickFreq
 .data.Stat     0x20000061        0x1 CMakeFiles/NSE2025_VALVE.dir/Core/Src/fatfs_sd.c.obj
 *fill*         0x20000062        0x2 
 .data.SystemCoreClock
                0x20000064        0x4 CMakeFiles/NSE2025_VALVE.dir/Core/Src/system_stm32f4xx.c.obj
                0x20000064                SystemCoreClock
 .data.Stat     0x20000068        0x1 CMakeFiles/NSE2025_VALVE.dir/FATFS/Target/user_diskio.c.obj
 *fill*         0x20000069        0x3 
 .data.USER_Driver
                0x2000006c       0x14 CMakeFiles/NSE2025_VALVE.dir/FATFS/Target/user_diskio.c.obj
                0x2000006c                USER_Driver
 *(.RamFunc)
 *(.RamFunc*)
                0x20000080                        . = ALIGN (0x4)
                0x20000080                        _edata = .

.igot.plt       0x20000080        0x0 load address 0x0800ab60
 .igot.plt      0x20000080        0x0 /opt/ST/STM32CubeCLT_1.18.0/GNU-tools-for-STM32/bin/../lib/gcc/arm-none-eabi/13.3.1/thumb/v7e-m+fp/hard/crtbegin.o
                0x20000080                        . = ALIGN (0x4)

.bss            0x20000080     0x120c load address 0x0800ab60
                0x20000080                        _sbss = .
                0x20000080                        __bss_start__ = _sbss
 *(.bss)
 .bss           0x20000080       0x1c /opt/ST/STM32CubeCLT_1.18.0/GNU-tools-for-STM32/bin/../lib/gcc/arm-none-eabi/13.3.1/thumb/v7e-m+fp/hard/crtbegin.o
 *(.bss*)
 .bss.__sf      0x2000009c      0x138 /opt/ST/STM32CubeCLT_1.18.0/GNU-tools-for-STM32/bin/../lib/gcc/arm-none-eabi/13.3.1/../../../../arm-none-eabi/lib/thumb/v7e-m+fp/hard/libc_nano.a(libc_a-findfp.o)
                0x2000009c                __sf
 .bss.__stdio_exit_handler
                0x200001d4        0x4 /opt/ST/STM32CubeCLT_1.18.0/GNU-tools-for-STM32/bin/../lib/gcc/arm-none-eabi/13.3.1/../../../../arm-none-eabi/lib/thumb/v7e-m+fp/hard/libc_nano.a(libc_a-findfp.o)
                0x200001d4                __stdio_exit_handler
 .bss.__lock___malloc_recursive_mutex
                0x200001d8        0x1 /opt/ST/STM32CubeCLT_1.18.0/GNU-tools-for-STM32/bin/../lib/gcc/arm-none-eabi/13.3.1/../../../../arm-none-eabi/lib/thumb/v7e-m+fp/hard/libc_nano.a(libc_a-lock.o)
                0x200001d8                __lock___malloc_recursive_mutex
 .bss.__lock___sfp_recursive_mutex
                0x200001d9        0x1 /opt/ST/STM32CubeCLT_1.18.0/GNU-tools-for-STM32/bin/../lib/gcc/arm-none-eabi/13.3.1/../../../../arm-none-eabi/lib/thumb/v7e-m+fp/hard/libc_nano.a(libc_a-lock.o)
                0x200001d9                __lock___sfp_recursive_mutex
 *fill*         0x200001da        0x2 
 .bss.__malloc_sbrk_start
                0x200001dc        0x4 /opt/ST/STM32CubeCLT_1.18.0/GNU-tools-for-STM32/bin/../lib/gcc/arm-none-eabi/13.3.1/../../../../arm-none-eabi/lib/thumb/v7e-m+fp/hard/libc_nano.a(libc_a-mallocr.o)
                0x200001dc                __malloc_sbrk_start
 .bss.__malloc_free_list
                0x200001e0        0x4 /opt/ST/STM32CubeCLT_1.18.0/GNU-tools-for-STM32/bin/../lib/gcc/arm-none-eabi/13.3.1/../../../../arm-none-eabi/lib/thumb/v7e-m+fp/hard/libc_nano.a(libc_a-mallocr.o)
                0x200001e0                __malloc_free_list
 .bss.errno     0x200001e4        0x4 /opt/ST/STM32CubeCLT_1.18.0/GNU-tools-for-STM32/bin/../lib/gcc/arm-none-eabi/13.3.1/../../../../arm-none-eabi/lib/thumb/v7e-m+fp/hard/libc_nano.a(libc_a-reent.o)
                0x200001e4                errno
 .bss.uwTick    0x200001e8        0x4 cmake/stm32cubemx/CMakeFiles/STM32_Drivers.dir/__/__/Drivers/STM32F4xx_HAL_Driver/Src/stm32f4xx_hal.c.obj
                0x200001e8                uwTick
 .bss.FatFs     0x200001ec        0x4 cmake/stm32cubemx/CMakeFiles/FatFs.dir/__/__/Middlewares/Third_Party/FatFs/src/ff.c.obj
 .bss.Fsid      0x200001f0        0x2 cmake/stm32cubemx/CMakeFiles/FatFs.dir/__/__/Middlewares/Third_Party/FatFs/src/ff.c.obj
 *fill*         0x200001f2        0x2 
 .bss.Files     0x200001f4       0x20 cmake/stm32cubemx/CMakeFiles/FatFs.dir/__/__/Middlewares/Third_Party/FatFs/src/ff.c.obj
 .bss.disk      0x20000214        0xc cmake/stm32cubemx/CMakeFiles/FatFs.dir/__/__/Middlewares/Third_Party/FatFs/src/ff_gen_drv.c.obj
                0x20000214                disk
 .bss.CardType  0x20000220        0x1 CMakeFiles/NSE2025_VALVE.dir/Core/Src/fatfs_sd.c.obj
 .bss.PowerFlag
                0x20000221        0x1 CMakeFiles/NSE2025_VALVE.dir/Core/Src/fatfs_sd.c.obj
 *fill*         0x20000222        0x2 
 .bss.hi2c1     0x20000224       0x54 CMakeFiles/NSE2025_VALVE.dir/Core/Src/main.c.obj
                0x20000224                hi2c1
 .bss.hi2c2     0x20000278       0x54 CMakeFiles/NSE2025_VALVE.dir/Core/Src/main.c.obj
                0x20000278                hi2c2
 .bss.hi2c3     0x200002cc       0x54 CMakeFiles/NSE2025_VALVE.dir/Core/Src/main.c.obj
                0x200002cc                hi2c3
 .bss.hrtc      0x20000320       0x20 CMakeFiles/NSE2025_VALVE.dir/Core/Src/main.c.obj
                0x20000320                hrtc
 .bss.hspi1     0x20000340       0x58 CMakeFiles/NSE2025_VALVE.dir/Core/Src/main.c.obj
                0x20000340                hspi1
 .bss.hspi2     0x20000398       0x58 CMakeFiles/NSE2025_VALVE.dir/Core/Src/main.c.obj
                0x20000398                hspi2
 .bss.hspi3     0x200003f0       0x58 CMakeFiles/NSE2025_VALVE.dir/Core/Src/main.c.obj
                0x200003f0                hspi3
 .bss.htim1     0x20000448       0x48 CMakeFiles/NSE2025_VALVE.dir/Core/Src/main.c.obj
                0x20000448                htim1
 .bss.htim2     0x20000490       0x48 CMakeFiles/NSE2025_VALVE.dir/Core/Src/main.c.obj
                0x20000490                htim2
 .bss.htim3     0x200004d8       0x48 CMakeFiles/NSE2025_VALVE.dir/Core/Src/main.c.obj
                0x200004d8                htim3
 .bss.huart5    0x20000520       0x48 CMakeFiles/NSE2025_VALVE.dir/Core/Src/main.c.obj
                0x20000520                huart5
 .bss.huart1    0x20000568       0x48 CMakeFiles/NSE2025_VALVE.dir/Core/Src/main.c.obj
                0x20000568                huart1
 .bss.huart2    0x200005b0       0x48 CMakeFiles/NSE2025_VALVE.dir/Core/Src/main.c.obj
                0x200005b0                huart2
 .bss.Timer1    0x200005f8        0x1 CMakeFiles/NSE2025_VALVE.dir/Core/Src/main.c.obj
                0x200005f8                Timer1
 .bss.Timer2    0x200005f9        0x1 CMakeFiles/NSE2025_VALVE.dir/Core/Src/main.c.obj
                0x200005f9                Timer2
 *fill*         0x200005fa        0x2 
 .bss.fs        0x200005fc      0x230 CMakeFiles/NSE2025_VALVE.dir/Core/Src/main.c.obj
                0x200005fc                fs
 .bss.fil       0x2000082c      0x230 CMakeFiles/NSE2025_VALVE.dir/Core/Src/main.c.obj
                0x2000082c                fil
 .bss.fresult   0x20000a5c        0x1 CMakeFiles/NSE2025_VALVE.dir/Core/Src/main.c.obj
                0x20000a5c                fresult
 *fill*         0x20000a5d        0x3 
 .bss.buffer    0x20000a60      0x400 CMakeFiles/NSE2025_VALVE.dir/Core/Src/main.c.obj
                0x20000a60                buffer
 .bss.buffer2   0x20000e60      0x400 CMakeFiles/NSE2025_VALVE.dir/Core/Src/main.c.obj
                0x20000e60                buffer2
 .bss.br        0x20001260        0x4 CMakeFiles/NSE2025_VALVE.dir/Core/Src/main.c.obj
                0x20001260                br
 .bss.bw        0x20001264        0x4 CMakeFiles/NSE2025_VALVE.dir/Core/Src/main.c.obj
                0x20001264                bw
 .bss.servo_rise
                0x20001268        0x4 CMakeFiles/NSE2025_VALVE.dir/Core/Src/main.c.obj
                0x20001268                servo_rise
 .bss.pfs       0x2000126c        0x4 CMakeFiles/NSE2025_VALVE.dir/Core/Src/main.c.obj
                0x2000126c                pfs
 .bss.fre_clust
                0x20001270        0x4 CMakeFiles/NSE2025_VALVE.dir/Core/Src/main.c.obj
                0x20001270                fre_clust
 .bss.tot_size  0x20001274        0x4 CMakeFiles/NSE2025_VALVE.dir/Core/Src/main.c.obj
                0x20001274                tot_size
 .bss.fre_size  0x20001278        0x4 CMakeFiles/NSE2025_VALVE.dir/Core/Src/main.c.obj
                0x20001278                fre_size
 .bss.FatFsCnt  0x2000127c        0x1 CMakeFiles/NSE2025_VALVE.dir/Core/Src/stm32f4xx_it.c.obj
                0x2000127c                FatFsCnt
 *fill*         0x2000127d        0x3 
 .bss.__sbrk_heap_end
                0x20001280        0x4 CMakeFiles/NSE2025_VALVE.dir/Core/Src/sysmem.c.obj
 .bss.retUSER   0x20001284        0x1 CMakeFiles/NSE2025_VALVE.dir/FATFS/App/fatfs.c.obj
                0x20001284                retUSER
 *fill*         0x20001285        0x3 
 .bss.USERPath  0x20001288        0x4 CMakeFiles/NSE2025_VALVE.dir/FATFS/App/fatfs.c.obj
                0x20001288                USERPath
 *(COMMON)
                0x2000128c                        . = ALIGN (0x4)
                0x2000128c                        _ebss = .
                0x2000128c                        __bss_end__ = _ebss

._user_heap_stack
                0x2000128c      0x604 load address 0x0800ab60
                0x20001290                        . = ALIGN (0x8)
 *fill*         0x2000128c        0x4 
                [!provide]                        PROVIDE (end = .)
                0x20001290                        PROVIDE (_end = .)
                0x20001490                        . = (. + _Min_Heap_Size)
 *fill*         0x20001290      0x200 
                0x20001890                        . = (. + _Min_Stack_Size)
 *fill*         0x20001490      0x400 
                0x20001890                        . = ALIGN (0x8)

/DISCARD/
 libc.a(*)
 libm.a(*)
 libgcc.a(*)
OUTPUT(NSE2025_VALVE.elf elf32-littlearm)
LOAD linker stubs
LOAD /opt/ST/STM32CubeCLT_1.18.0/GNU-tools-for-STM32/bin/../lib/gcc/arm-none-eabi/13.3.1/../../../../arm-none-eabi/lib/thumb/v7e-m+fp/hard/libc.a
LOAD /opt/ST/STM32CubeCLT_1.18.0/GNU-tools-for-STM32/bin/../lib/gcc/arm-none-eabi/13.3.1/../../../../arm-none-eabi/lib/thumb/v7e-m+fp/hard/libm.a
LOAD /opt/ST/STM32CubeCLT_1.18.0/GNU-tools-for-STM32/bin/../lib/gcc/arm-none-eabi/13.3.1/thumb/v7e-m+fp/hard/libgcc.a

.ARM.attributes
                0x00000000       0x30
 .ARM.attributes
                0x00000000       0x22 /opt/ST/STM32CubeCLT_1.18.0/GNU-tools-for-STM32/bin/../lib/gcc/arm-none-eabi/13.3.1/thumb/v7e-m+fp/hard/crti.o
 .ARM.attributes
                0x00000022       0x34 /opt/ST/STM32CubeCLT_1.18.0/GNU-tools-for-STM32/bin/../lib/gcc/arm-none-eabi/13.3.1/thumb/v7e-m+fp/hard/crtbegin.o
 .ARM.attributes
                0x00000056       0x34 /opt/ST/STM32CubeCLT_1.18.0/GNU-tools-for-STM32/bin/../lib/gcc/arm-none-eabi/13.3.1/../../../../arm-none-eabi/lib/thumb/v7e-m+fp/hard/libc_nano.a(libc_a-findfp.o)
 .ARM.attributes
                0x0000008a       0x34 /opt/ST/STM32CubeCLT_1.18.0/GNU-tools-for-STM32/bin/../lib/gcc/arm-none-eabi/13.3.1/../../../../arm-none-eabi/lib/thumb/v7e-m+fp/hard/libc_nano.a(libc_a-fwalk.o)
 .ARM.attributes
                0x000000be       0x34 /opt/ST/STM32CubeCLT_1.18.0/GNU-tools-for-STM32/bin/../lib/gcc/arm-none-eabi/13.3.1/../../../../arm-none-eabi/lib/thumb/v7e-m+fp/hard/libc_nano.a(libc_a-memset.o)
 .ARM.attributes
                0x000000f2       0x34 /opt/ST/STM32CubeCLT_1.18.0/GNU-tools-for-STM32/bin/../lib/gcc/arm-none-eabi/13.3.1/../../../../arm-none-eabi/lib/thumb/v7e-m+fp/hard/libc_nano.a(libc_a-init.o)
 .ARM.attributes
                0x00000126       0x34 /opt/ST/STM32CubeCLT_1.18.0/GNU-tools-for-STM32/bin/../lib/gcc/arm-none-eabi/13.3.1/../../../../arm-none-eabi/lib/thumb/v7e-m+fp/hard/libc_nano.a(libc_a-lock.o)
 .ARM.attributes
                0x0000015a       0x34 /opt/ST/STM32CubeCLT_1.18.0/GNU-tools-for-STM32/bin/../lib/gcc/arm-none-eabi/13.3.1/../../../../arm-none-eabi/lib/thumb/v7e-m+fp/hard/libc_nano.a(libc_a-impure.o)
 .ARM.attributes
                0x0000018e       0x34 /opt/ST/STM32CubeCLT_1.18.0/GNU-tools-for-STM32/bin/../lib/gcc/arm-none-eabi/13.3.1/../../../../arm-none-eabi/lib/thumb/v7e-m+fp/hard/libc_nano.a(libc_a-mallocr.o)
 .ARM.attributes
                0x000001c2       0x34 /opt/ST/STM32CubeCLT_1.18.0/GNU-tools-for-STM32/bin/../lib/gcc/arm-none-eabi/13.3.1/../../../../arm-none-eabi/lib/thumb/v7e-m+fp/hard/libc_nano.a(libc_a-fflush.o)
 .ARM.attributes
                0x000001f6       0x34 /opt/ST/STM32CubeCLT_1.18.0/GNU-tools-for-STM32/bin/../lib/gcc/arm-none-eabi/13.3.1/../../../../arm-none-eabi/lib/thumb/v7e-m+fp/hard/libc_nano.a(libc_a-mlock.o)
 .ARM.attributes
                0x0000022a       0x34 /opt/ST/STM32CubeCLT_1.18.0/GNU-tools-for-STM32/bin/../lib/gcc/arm-none-eabi/13.3.1/../../../../arm-none-eabi/lib/thumb/v7e-m+fp/hard/libc_nano.a(libc_a-stdio.o)
 .ARM.attributes
                0x0000025e       0x34 /opt/ST/STM32CubeCLT_1.18.0/GNU-tools-for-STM32/bin/../lib/gcc/arm-none-eabi/13.3.1/../../../../arm-none-eabi/lib/thumb/v7e-m+fp/hard/libc_nano.a(libc_a-lseekr.o)
 .ARM.attributes
                0x00000292       0x34 /opt/ST/STM32CubeCLT_1.18.0/GNU-tools-for-STM32/bin/../lib/gcc/arm-none-eabi/13.3.1/../../../../arm-none-eabi/lib/thumb/v7e-m+fp/hard/libc_nano.a(libc_a-readr.o)
 .ARM.attributes
                0x000002c6       0x34 /opt/ST/STM32CubeCLT_1.18.0/GNU-tools-for-STM32/bin/../lib/gcc/arm-none-eabi/13.3.1/../../../../arm-none-eabi/lib/thumb/v7e-m+fp/hard/libc_nano.a(libc_a-sbrkr.o)
 .ARM.attributes
                0x000002fa       0x34 /opt/ST/STM32CubeCLT_1.18.0/GNU-tools-for-STM32/bin/../lib/gcc/arm-none-eabi/13.3.1/../../../../arm-none-eabi/lib/thumb/v7e-m+fp/hard/libc_nano.a(libc_a-writer.o)
 .ARM.attributes
                0x0000032e       0x34 /opt/ST/STM32CubeCLT_1.18.0/GNU-tools-for-STM32/bin/../lib/gcc/arm-none-eabi/13.3.1/../../../../arm-none-eabi/lib/thumb/v7e-m+fp/hard/libc_nano.a(libc_a-closer.o)
 .ARM.attributes
                0x00000362       0x34 /opt/ST/STM32CubeCLT_1.18.0/GNU-tools-for-STM32/bin/../lib/gcc/arm-none-eabi/13.3.1/../../../../arm-none-eabi/lib/thumb/v7e-m+fp/hard/libc_nano.a(libc_a-reent.o)
 .ARM.attributes
                0x00000396       0x34 /opt/ST/STM32CubeCLT_1.18.0/GNU-tools-for-STM32/bin/../lib/gcc/arm-none-eabi/13.3.1/../../../../arm-none-eabi/lib/thumb/v7e-m+fp/hard/libc_nano.a(libc_a-freer.o)
 .ARM.attributes
                0x000003ca       0x34 cmake/stm32cubemx/CMakeFiles/STM32_Drivers.dir/__/__/Drivers/STM32F4xx_HAL_Driver/Src/stm32f4xx_hal_rcc.c.obj
 .ARM.attributes
                0x000003fe       0x34 cmake/stm32cubemx/CMakeFiles/STM32_Drivers.dir/__/__/Drivers/STM32F4xx_HAL_Driver/Src/stm32f4xx_hal_rcc_ex.c.obj
 .ARM.attributes
                0x00000432       0x34 cmake/stm32cubemx/CMakeFiles/STM32_Drivers.dir/__/__/Drivers/STM32F4xx_HAL_Driver/Src/stm32f4xx_hal_gpio.c.obj
 .ARM.attributes
                0x00000466       0x34 cmake/stm32cubemx/CMakeFiles/STM32_Drivers.dir/__/__/Drivers/STM32F4xx_HAL_Driver/Src/stm32f4xx_hal_dma.c.obj
 .ARM.attributes
                0x0000049a       0x34 cmake/stm32cubemx/CMakeFiles/STM32_Drivers.dir/__/__/Drivers/STM32F4xx_HAL_Driver/Src/stm32f4xx_hal_cortex.c.obj
 .ARM.attributes
                0x000004ce       0x34 cmake/stm32cubemx/CMakeFiles/STM32_Drivers.dir/__/__/Drivers/STM32F4xx_HAL_Driver/Src/stm32f4xx_hal.c.obj
 .ARM.attributes
                0x00000502       0x34 cmake/stm32cubemx/CMakeFiles/STM32_Drivers.dir/__/__/Drivers/STM32F4xx_HAL_Driver/Src/stm32f4xx_hal_i2c.c.obj
 .ARM.attributes
                0x00000536       0x34 cmake/stm32cubemx/CMakeFiles/STM32_Drivers.dir/__/__/Drivers/STM32F4xx_HAL_Driver/Src/stm32f4xx_hal_rtc.c.obj
 .ARM.attributes
                0x0000056a       0x34 cmake/stm32cubemx/CMakeFiles/STM32_Drivers.dir/__/__/Drivers/STM32F4xx_HAL_Driver/Src/stm32f4xx_hal_spi.c.obj
 .ARM.attributes
                0x0000059e       0x34 cmake/stm32cubemx/CMakeFiles/STM32_Drivers.dir/__/__/Drivers/STM32F4xx_HAL_Driver/Src/stm32f4xx_hal_tim.c.obj
 .ARM.attributes
                0x000005d2       0x34 cmake/stm32cubemx/CMakeFiles/STM32_Drivers.dir/__/__/Drivers/STM32F4xx_HAL_Driver/Src/stm32f4xx_hal_tim_ex.c.obj
 .ARM.attributes
                0x00000606       0x34 cmake/stm32cubemx/CMakeFiles/STM32_Drivers.dir/__/__/Drivers/STM32F4xx_HAL_Driver/Src/stm32f4xx_hal_uart.c.obj
 .ARM.attributes
                0x0000063a       0x34 cmake/stm32cubemx/CMakeFiles/FatFs.dir/__/__/Middlewares/Third_Party/FatFs/src/diskio.c.obj
 .ARM.attributes
                0x0000066e       0x34 cmake/stm32cubemx/CMakeFiles/FatFs.dir/__/__/Middlewares/Third_Party/FatFs/src/ff.c.obj
 .ARM.attributes
                0x000006a2       0x34 cmake/stm32cubemx/CMakeFiles/FatFs.dir/__/__/Middlewares/Third_Party/FatFs/src/ff_gen_drv.c.obj
 .ARM.attributes
                0x000006d6       0x34 CMakeFiles/NSE2025_VALVE.dir/Core/Src/fatfs_sd.c.obj
 .ARM.attributes
                0x0000070a       0x34 CMakeFiles/NSE2025_VALVE.dir/Core/Src/main.c.obj
 .ARM.attributes
                0x0000073e       0x34 CMakeFiles/NSE2025_VALVE.dir/Core/Src/servo.c.obj
 .ARM.attributes
                0x00000772       0x34 CMakeFiles/NSE2025_VALVE.dir/Core/Src/stm32f4xx_hal_msp.c.obj
 .ARM.attributes
                0x000007a6       0x34 CMakeFiles/NSE2025_VALVE.dir/Core/Src/stm32f4xx_it.c.obj
 .ARM.attributes
                0x000007da       0x34 CMakeFiles/NSE2025_VALVE.dir/Core/Src/syscalls.c.obj
 .ARM.attributes
                0x0000080e       0x34 CMakeFiles/NSE2025_VALVE.dir/Core/Src/sysmem.c.obj
 .ARM.attributes
                0x00000842       0x34 CMakeFiles/NSE2025_VALVE.dir/Core/Src/system_stm32f4xx.c.obj
 .ARM.attributes
                0x00000876       0x34 CMakeFiles/NSE2025_VALVE.dir/FATFS/App/fatfs.c.obj
 .ARM.attributes
                0x000008aa       0x34 CMakeFiles/NSE2025_VALVE.dir/FATFS/Target/user_diskio.c.obj
 .ARM.attributes
                0x000008de       0x21 CMakeFiles/NSE2025_VALVE.dir/startup_stm32f413xx.s.obj
 .ARM.attributes
                0x000008ff       0x22 /opt/ST/STM32CubeCLT_1.18.0/GNU-tools-for-STM32/bin/../lib/gcc/arm-none-eabi/13.3.1/thumb/v7e-m+fp/hard/libgcc.a(_arm_muldf3.o)
 .ARM.attributes
                0x00000921       0x22 /opt/ST/STM32CubeCLT_1.18.0/GNU-tools-for-STM32/bin/../lib/gcc/arm-none-eabi/13.3.1/thumb/v7e-m+fp/hard/libgcc.a(_arm_addsubdf3.o)
 .ARM.attributes
                0x00000943       0x22 /opt/ST/STM32CubeCLT_1.18.0/GNU-tools-for-STM32/bin/../lib/gcc/arm-none-eabi/13.3.1/thumb/v7e-m+fp/hard/libgcc.a(_arm_fixunsdfsi.o)
 .ARM.attributes
                0x00000965       0x22 /opt/ST/STM32CubeCLT_1.18.0/GNU-tools-for-STM32/bin/../lib/gcc/arm-none-eabi/13.3.1/thumb/v7e-m+fp/hard/libgcc.a(_aeabi_uldivmod.o)
 .ARM.attributes
                0x00000987       0x34 /opt/ST/STM32CubeCLT_1.18.0/GNU-tools-for-STM32/bin/../lib/gcc/arm-none-eabi/13.3.1/thumb/v7e-m+fp/hard/libgcc.a(_udivmoddi4.o)
 .ARM.attributes
                0x000009bb       0x22 /opt/ST/STM32CubeCLT_1.18.0/GNU-tools-for-STM32/bin/../lib/gcc/arm-none-eabi/13.3.1/thumb/v7e-m+fp/hard/libgcc.a(_dvmd_tls.o)
 .ARM.attributes
                0x000009dd       0x34 /opt/ST/STM32CubeCLT_1.18.0/GNU-tools-for-STM32/bin/../lib/gcc/arm-none-eabi/13.3.1/../../../../arm-none-eabi/lib/thumb/v7e-m+fp/hard/libg_nano.a(libc_a-setbuf.o)
 .ARM.attributes
                0x00000a11       0x34 /opt/ST/STM32CubeCLT_1.18.0/GNU-tools-for-STM32/bin/../lib/gcc/arm-none-eabi/13.3.1/../../../../arm-none-eabi/lib/thumb/v7e-m+fp/hard/libg_nano.a(libc_a-setvbuf.o)
 .ARM.attributes
                0x00000a45       0x34 /opt/ST/STM32CubeCLT_1.18.0/GNU-tools-for-STM32/bin/../lib/gcc/arm-none-eabi/13.3.1/../../../../arm-none-eabi/lib/thumb/v7e-m+fp/hard/libg_nano.a(libc_a-makebuf.o)
 .ARM.attributes
                0x00000a79       0x34 /opt/ST/STM32CubeCLT_1.18.0/GNU-tools-for-STM32/bin/../lib/gcc/arm-none-eabi/13.3.1/../../../../arm-none-eabi/lib/thumb/v7e-m+fp/hard/libg_nano.a(libc_a-printf.o)
 .ARM.attributes
                0x00000aad       0x34 /opt/ST/STM32CubeCLT_1.18.0/GNU-tools-for-STM32/bin/../lib/gcc/arm-none-eabi/13.3.1/../../../../arm-none-eabi/lib/thumb/v7e-m+fp/hard/libg_nano.a(libc_a-putchar.o)
 .ARM.attributes
                0x00000ae1       0x34 /opt/ST/STM32CubeCLT_1.18.0/GNU-tools-for-STM32/bin/../lib/gcc/arm-none-eabi/13.3.1/../../../../arm-none-eabi/lib/thumb/v7e-m+fp/hard/libg_nano.a(libc_a-puts.o)
 .ARM.attributes
                0x00000b15       0x34 /opt/ST/STM32CubeCLT_1.18.0/GNU-tools-for-STM32/bin/../lib/gcc/arm-none-eabi/13.3.1/../../../../arm-none-eabi/lib/thumb/v7e-m+fp/hard/libg_nano.a(libc_a-isattyr.o)
 .ARM.attributes
                0x00000b49       0x34 /opt/ST/STM32CubeCLT_1.18.0/GNU-tools-for-STM32/bin/../lib/gcc/arm-none-eabi/13.3.1/../../../../arm-none-eabi/lib/thumb/v7e-m+fp/hard/libg_nano.a(libc_a-errno.o)
 .ARM.attributes
                0x00000b7d       0x34 /opt/ST/STM32CubeCLT_1.18.0/GNU-tools-for-STM32/bin/../lib/gcc/arm-none-eabi/13.3.1/../../../../arm-none-eabi/lib/thumb/v7e-m+fp/hard/libg_nano.a(libc_a-fstatr.o)
 .ARM.attributes
                0x00000bb1       0x17 /opt/ST/STM32CubeCLT_1.18.0/GNU-tools-for-STM32/bin/../lib/gcc/arm-none-eabi/13.3.1/../../../../arm-none-eabi/lib/thumb/v7e-m+fp/hard/libg_nano.a(libc_a-strlen.o)
 .ARM.attributes
                0x00000bc8       0x34 /opt/ST/STM32CubeCLT_1.18.0/GNU-tools-for-STM32/bin/../lib/gcc/arm-none-eabi/13.3.1/../../../../arm-none-eabi/lib/thumb/v7e-m+fp/hard/libg_nano.a(libc_a-nano-vfprintf.o)
 .ARM.attributes
                0x00000bfc       0x34 /opt/ST/STM32CubeCLT_1.18.0/GNU-tools-for-STM32/bin/../lib/gcc/arm-none-eabi/13.3.1/../../../../arm-none-eabi/lib/thumb/v7e-m+fp/hard/libg_nano.a(libc_a-malloc.o)
 .ARM.attributes
                0x00000c30       0x34 /opt/ST/STM32CubeCLT_1.18.0/GNU-tools-for-STM32/bin/../lib/gcc/arm-none-eabi/13.3.1/../../../../arm-none-eabi/lib/thumb/v7e-m+fp/hard/libg_nano.a(libc_a-nano-vfprintf_i.o)
 .ARM.attributes
                0x00000c64       0x34 /opt/ST/STM32CubeCLT_1.18.0/GNU-tools-for-STM32/bin/../lib/gcc/arm-none-eabi/13.3.1/../../../../arm-none-eabi/lib/thumb/v7e-m+fp/hard/libg_nano.a(libc_a-wbuf.o)
 .ARM.attributes
                0x00000c98       0x34 /opt/ST/STM32CubeCLT_1.18.0/GNU-tools-for-STM32/bin/../lib/gcc/arm-none-eabi/13.3.1/../../../../arm-none-eabi/lib/thumb/v7e-m+fp/hard/libg_nano.a(libc_a-wsetup.o)
 .ARM.attributes
                0x00000ccc       0x34 /opt/ST/STM32CubeCLT_1.18.0/GNU-tools-for-STM32/bin/../lib/gcc/arm-none-eabi/13.3.1/../../../../arm-none-eabi/lib/thumb/v7e-m+fp/hard/libg_nano.a(libc_a-putc.o)
 .ARM.attributes
                0x00000d00       0x1c /opt/ST/STM32CubeCLT_1.18.0/GNU-tools-for-STM32/bin/../lib/gcc/arm-none-eabi/13.3.1/../../../../arm-none-eabi/lib/thumb/v7e-m+fp/hard/libg_nano.a(libc_a-memchr.o)
 .ARM.attributes
                0x00000d1c       0x22 /opt/ST/STM32CubeCLT_1.18.0/GNU-tools-for-STM32/bin/../lib/gcc/arm-none-eabi/13.3.1/thumb/v7e-m+fp/hard/crtn.o

.comment        0x00000000       0x43
 .comment       0x00000000       0x43 cmake/stm32cubemx/CMakeFiles/STM32_Drivers.dir/__/__/Drivers/STM32F4xx_HAL_Driver/Src/stm32f4xx_hal_rcc.c.obj
                                 0x44 (size before relaxing)
 .comment       0x00000043       0x44 cmake/stm32cubemx/CMakeFiles/STM32_Drivers.dir/__/__/Drivers/STM32F4xx_HAL_Driver/Src/stm32f4xx_hal_rcc_ex.c.obj
 .comment       0x00000043       0x44 cmake/stm32cubemx/CMakeFiles/STM32_Drivers.dir/__/__/Drivers/STM32F4xx_HAL_Driver/Src/stm32f4xx_hal_gpio.c.obj
 .comment       0x00000043       0x44 cmake/stm32cubemx/CMakeFiles/STM32_Drivers.dir/__/__/Drivers/STM32F4xx_HAL_Driver/Src/stm32f4xx_hal_dma.c.obj
 .comment       0x00000043       0x44 cmake/stm32cubemx/CMakeFiles/STM32_Drivers.dir/__/__/Drivers/STM32F4xx_HAL_Driver/Src/stm32f4xx_hal_cortex.c.obj
 .comment       0x00000043       0x44 cmake/stm32cubemx/CMakeFiles/STM32_Drivers.dir/__/__/Drivers/STM32F4xx_HAL_Driver/Src/stm32f4xx_hal.c.obj
 .comment       0x00000043       0x44 cmake/stm32cubemx/CMakeFiles/STM32_Drivers.dir/__/__/Drivers/STM32F4xx_HAL_Driver/Src/stm32f4xx_hal_i2c.c.obj