Archive member included to satisfy reference by file (symbol)

/opt/ST/STM32CubeCLT_1.18.0/GNU-tools-for-STM32/bin/../lib/gcc/arm-none-eabi/13.3.1/../../../../arm-none-eabi/lib/thumb/v7e-m+fp/hard/libc_nano.a(libc_a-exit.o)
                              /opt/ST/STM32CubeCLT_1.18.0/GNU-tools-for-STM32/bin/../lib/gcc/arm-none-eabi/13.3.1/../../../../arm-none-eabi/lib/thumb/v7e-m+fp/hard/crt0.o (exit)
/opt/ST/STM32CubeCLT_1.18.0/GNU-tools-for-STM32/bin/../lib/gcc/arm-none-eabi/13.3.1/../../../../arm-none-eabi/lib/thumb/v7e-m+fp/hard/libc_nano.a(libc_a-findfp.o)
                              /opt/ST/STM32CubeCLT_1.18.0/GNU-tools-for-STM32/bin/../lib/gcc/arm-none-eabi/13.3.1/../../../../arm-none-eabi/lib/thumb/v7e-m+fp/hard/libc_nano.a(libc_a-exit.o) (__stdio_exit_handler)
/opt/ST/STM32CubeCLT_1.18.0/GNU-tools-for-STM32/bin/../lib/gcc/arm-none-eabi/13.3.1/../../../../arm-none-eabi/lib/thumb/v7e-m+fp/hard/libc_nano.a(libc_a-fwalk.o)
                              /opt/ST/STM32CubeCLT_1.18.0/GNU-tools-for-STM32/bin/../lib/gcc/arm-none-eabi/13.3.1/../../../../arm-none-eabi/lib/thumb/v7e-m+fp/hard/libc_nano.a(libc_a-findfp.o) (_fwalk_sglue)
/opt/ST/STM32CubeCLT_1.18.0/GNU-tools-for-STM32/bin/../lib/gcc/arm-none-eabi/13.3.1/../../../../arm-none-eabi/lib/thumb/v7e-m+fp/hard/libc_nano.a(libc_a-memset.o)
                              /opt/ST/STM32CubeCLT_1.18.0/GNU-tools-for-STM32/bin/../lib/gcc/arm-none-eabi/13.3.1/../../../../arm-none-eabi/lib/thumb/v7e-m+fp/hard/crt0.o (memset)
/opt/ST/STM32CubeCLT_1.18.0/GNU-tools-for-STM32/bin/../lib/gcc/arm-none-eabi/13.3.1/../../../../arm-none-eabi/lib/thumb/v7e-m+fp/hard/libc_nano.a(libc_a-init.o)
                              /opt/ST/STM32CubeCLT_1.18.0/GNU-tools-for-STM32/bin/../lib/gcc/arm-none-eabi/13.3.1/../../../../arm-none-eabi/lib/thumb/v7e-m+fp/hard/crt0.o (__libc_init_array)
/opt/ST/STM32CubeCLT_1.18.0/GNU-tools-for-STM32/bin/../lib/gcc/arm-none-eabi/13.3.1/../../../../arm-none-eabi/lib/thumb/v7e-m+fp/hard/libc_nano.a(libc_a-lock.o)
                              /opt/ST/STM32CubeCLT_1.18.0/GNU-tools-for-STM32/bin/../lib/gcc/arm-none-eabi/13.3.1/../../../../arm-none-eabi/lib/thumb/v7e-m+fp/hard/libc_nano.a(libc_a-findfp.o) (__retarget_lock_init_recursive)
/opt/ST/STM32CubeCLT_1.18.0/GNU-tools-for-STM32/bin/../lib/gcc/arm-none-eabi/13.3.1/../../../../arm-none-eabi/lib/thumb/v7e-m+fp/hard/libc_nano.a(libc_a-impure.o)
                              /opt/ST/STM32CubeCLT_1.18.0/GNU-tools-for-STM32/bin/../lib/gcc/arm-none-eabi/13.3.1/../../../../arm-none-eabi/lib/thumb/v7e-m+fp/hard/libc_nano.a(libc_a-findfp.o) (_impure_data)
/opt/ST/STM32CubeCLT_1.18.0/GNU-tools-for-STM32/bin/../lib/gcc/arm-none-eabi/13.3.1/../../../../arm-none-eabi/lib/thumb/v7e-m+fp/hard/libc_nano.a(libc_a-mallocr.o)
                              /opt/ST/STM32CubeCLT_1.18.0/GNU-tools-for-STM32/bin/../lib/gcc/arm-none-eabi/13.3.1/../../../../arm-none-eabi/lib/thumb/v7e-m+fp/hard/libc_nano.a(libc_a-findfp.o) (_malloc_r)
/opt/ST/STM32CubeCLT_1.18.0/GNU-tools-for-STM32/bin/../lib/gcc/arm-none-eabi/13.3.1/../../../../arm-none-eabi/lib/thumb/v7e-m+fp/hard/libc_nano.a(libc_a-fflush.o)
                              /opt/ST/STM32CubeCLT_1.18.0/GNU-tools-for-STM32/bin/../lib/gcc/arm-none-eabi/13.3.1/../../../../arm-none-eabi/lib/thumb/v7e-m+fp/hard/libc_nano.a(libc_a-findfp.o) (_fflush_r)
/opt/ST/STM32CubeCLT_1.18.0/GNU-tools-for-STM32/bin/../lib/gcc/arm-none-eabi/13.3.1/../../../../arm-none-eabi/lib/thumb/v7e-m+fp/hard/libc_nano.a(libc_a-mlock.o)
                              /opt/ST/STM32CubeCLT_1.18.0/GNU-tools-for-STM32/bin/../lib/gcc/arm-none-eabi/13.3.1/../../../../arm-none-eabi/lib/thumb/v7e-m+fp/hard/libc_nano.a(libc_a-mallocr.o) (__malloc_lock)
/opt/ST/STM32CubeCLT_1.18.0/GNU-tools-for-STM32/bin/../lib/gcc/arm-none-eabi/13.3.1/../../../../arm-none-eabi/lib/thumb/v7e-m+fp/hard/libc_nano.a(libc_a-stdio.o)
                              /opt/ST/STM32CubeCLT_1.18.0/GNU-tools-for-STM32/bin/../lib/gcc/arm-none-eabi/13.3.1/../../../../arm-none-eabi/lib/thumb/v7e-m+fp/hard/libc_nano.a(libc_a-findfp.o) (__sread)
/opt/ST/STM32CubeCLT_1.18.0/GNU-tools-for-STM32/bin/../lib/gcc/arm-none-eabi/13.3.1/../../../../arm-none-eabi/lib/thumb/v7e-m+fp/hard/libc_nano.a(libc_a-lseekr.o)
                              /opt/ST/STM32CubeCLT_1.18.0/GNU-tools-for-STM32/bin/../lib/gcc/arm-none-eabi/13.3.1/../../../../arm-none-eabi/lib/thumb/v7e-m+fp/hard/libc_nano.a(libc_a-stdio.o) (_lseek_r)
/opt/ST/STM32CubeCLT_1.18.0/GNU-tools-for-STM32/bin/../lib/gcc/arm-none-eabi/13.3.1/../../../../arm-none-eabi/lib/thumb/v7e-m+fp/hard/libc_nano.a(libc_a-readr.o)
                              /opt/ST/STM32CubeCLT_1.18.0/GNU-tools-for-STM32/bin/../lib/gcc/arm-none-eabi/13.3.1/../../../../arm-none-eabi/lib/thumb/v7e-m+fp/hard/libc_nano.a(libc_a-stdio.o) (_read_r)
/opt/ST/STM32CubeCLT_1.18.0/GNU-tools-for-STM32/bin/../lib/gcc/arm-none-eabi/13.3.1/../../../../arm-none-eabi/lib/thumb/v7e-m+fp/hard/libc_nano.a(libc_a-sbrkr.o)
[...]
Memory Configuration

Name             Origin             Length             Attributes
RAM              0x20000000         0x00003000         xrw
CCMRAM           0x10000000         0x00001000         xrw
FLASH            0x08000000         0x00010000         xr
*default*        0x00000000         0xffffffff

Linker script and memory map

LOAD /opt/ST/STM32CubeCLT_1.18.0/GNU-tools-for-STM32/bin/../lib/gcc/arm-none-eabi/13.3.1/thumb/v7e-m+fp/hard/crti.o
LOAD /opt/ST/STM32CubeCLT_1.18.0/GNU-tools-for-STM32/bin/../lib/gcc/arm-none-eabi/13.3.1/thumb/v7e-m+fp/hard/crtbegin.o
LOAD /opt/ST/STM32CubeCLT_1.18.0/GNU-tools-for-STM32/bin/../lib/gcc/arm-none-eabi/13.3.1/../../../../arm-none-eabi/lib/thumb/v7e-m+fp/hard/crt0.o
START GROUP
LOAD /opt/ST/STM32CubeCLT_1.18.0/GNU-tools-for-STM32/bin/../lib/gcc/arm-none-eabi/13.3.1/../../../../arm-none-eabi/lib/thumb/v7e-m+fp/hard/libc_nano.a
LOAD /opt/ST/STM32CubeCLT_1.18.0/GNU-tools-for-STM32/bin/../lib/gcc/arm-none-eabi/13.3.1/../../../../arm-none-eabi/lib/thumb/v7e-m+fp/hard/libm.a
END GROUP
LOAD CMakeFiles/NSE2025_VALVE.dir/Core/Src/main.c.obj
LOAD CMakeFiles/NSE2025_VALVE.dir/Core/Src/gpio.c.obj
LOAD CMakeFiles/NSE2025_VALVE.dir/Core/Src/tim.c.obj
LOAD CMakeFiles/NSE2025_VALVE.dir/Core/Src/usart.c.obj
LOAD CMakeFiles/NSE2025_VALVE.dir/Core/Src/stm32f3xx_it.c.obj
LOAD CMakeFiles/NSE2025_VALVE.dir/Core/Src/stm32f3xx_hal_msp.c.obj
LOAD CMakeFiles/NSE2025_VALVE.dir/Core/Src/sysmem.c.obj
LOAD CMakeFiles/NSE2025_VALVE.dir/Core/Src/syscalls.c.obj
LOAD CMakeFiles/NSE2025_VALVE.dir/startup_stm32f303x8.s.obj
LOAD cmake/stm32cubemx/CMakeFiles/STM32_Drivers.dir/__/__/Core/Src/system_stm32f3xx.c.obj
LOAD cmake/stm32cubemx/CMakeFiles/STM32_Drivers.dir/__/__/Drivers/STM32F3xx_HAL_Driver/Src/stm32f3xx_hal_tim.c.obj
LOAD cmake/stm32cubemx/CMakeFiles/STM32_Drivers.dir/__/__/Drivers/STM32F3xx_HAL_Driver/Src/stm32f3xx_hal_tim_ex.c.obj
LOAD cmake/stm32cubemx/CMakeFiles/STM32_Drivers.dir/__/__/Drivers/STM32F3xx_HAL_Driver/Src/stm32f3xx_hal.c.obj
LOAD cmake/stm32cubemx/CMakeFiles/STM32_Drivers.dir/__/__/Drivers/STM32F3xx_HAL_Driver/Src/stm32f3xx_hal_rcc.c.obj
LOAD cmake/stm32cubemx/CMakeFiles/STM32_Drivers.dir/__/__/Drivers/STM32F3xx_HAL_Driver/Src/stm32f3xx_hal_rcc_ex.c.obj
LOAD cmake/stm32cubemx/CMakeFiles/STM32_Drivers.dir/__/__/Drivers/STM32F3xx_HAL_Driver/Src/stm32f3xx_hal_gpio.c.obj
LOAD cmake/stm32cubemx/CMakeFiles/STM32_Drivers.dir/__/__/Drivers/STM32F3xx_HAL_Driver/Src/stm32f3xx_hal_dma.c.obj
LOAD cmake/stm32cubemx/CMakeFiles/STM32_Drivers.dir/__/__/Drivers/STM32F3xx_HAL_Driver/Src/stm32f3xx_hal_cortex.c.obj
LOAD cmake/stm32cubemx/CMakeFiles/STM32_Drivers.dir/__/__/Drivers/STM32F3xx_HAL_Driver/Src/stm32f3xx_hal_pwr.c.obj
LOAD cmake/stm32cubemx/CMakeFiles/STM32_Drivers.dir/__/__/Drivers/STM32F3xx_HAL_Driver/Src/stm32f3xx_hal_pwr_ex.c.obj
LOAD cmake/stm32cubemx/CMakeFiles/STM32_Drivers.dir/__/__/Drivers/STM32F3xx_HAL_Driver/Src/stm32f3xx_hal_flash.c.obj
LOAD cmake/stm32cubemx/CMakeFiles/STM32_Drivers.dir/__/__/Drivers/STM32F3xx_HAL_Driver/Src/stm32f3xx_hal_flash_ex.c.obj
LOAD cmake/stm32cubemx/CMakeFiles/STM32_Drivers.dir/__/__/Drivers/STM32F3xx_HAL_Driver/Src/stm32f3xx_hal_i2c.c.obj
LOAD cmake/stm32cubemx/CMakeFiles/STM32_Drivers.dir/__/__/Drivers/STM32F3xx_HAL_Driver/Src/stm32f3xx_hal_i2c_ex.c.obj
LOAD cmake/stm32cubemx/CMakeFiles/STM32_Drivers.dir/__/__/Drivers/STM32F3xx_HAL_Driver/Src/stm32f3xx_hal_exti.c.obj
LOAD cmake/stm32cubemx/CMakeFiles/STM32_Drivers.dir/__/__/Drivers/STM32F3xx_HAL_Driver/Src/stm32f3xx_hal_uart.c.obj
LOAD cmake/stm32cubemx/CMakeFiles/STM32_Drivers.dir/__/__/Drivers/STM32F3xx_HAL_Driver/Src/stm32f3xx_hal_uart_ex.c.obj
START GROUP
LOAD /opt/ST/STM32CubeCLT_1.18.0/GNU-tools-for-STM32/bin/../lib/gcc/arm-none-eabi/13.3.1/thumb/v7e-m+fp/hard/libgcc.a
LOAD /opt/ST/STM32CubeCLT_1.18.0/GNU-tools-for-STM32/bin/../lib/gcc/arm-none-eabi/13.3.1/../../../../arm-none-eabi/lib/thumb/v7e-m+fp/hard/libg_nano.a
LOAD /opt/ST/STM32CubeCLT_1.18.0/GNU-tools-for-STM32/bin/../lib/gcc/arm-none-eabi/13.3.1/../../../../arm-none-eabi/lib/thumb/v7e-m+fp/hard/libc_nano.a
END GROUP
START GROUP
LOAD /opt/ST/STM32CubeCLT_1.18.0/GNU-tools-for-STM32/bin/../lib/gcc/arm-none-eabi/13.3.1/thumb/v7e-m+fp/hard/libgcc.a
LOAD /opt/ST/STM32CubeCLT_1.18.0/GNU-tools-for-STM32/bin/../lib/gcc/arm-none-eabi/13.3.1/../../../../arm-none-eabi/lib/thumb/v7e-m+fp/hard/libc_nano.a
END GROUP
LOAD /opt/ST/STM32CubeCLT_1.18.0/GNU-tools-for-STM32/bin/../lib/gcc/arm-none-eabi/13.3.1/thumb/v7e-m+fp/hard/crtend.o
LOAD /opt/ST/STM32CubeCLT_1.18.0/GNU-tools-for-STM32/bin/../lib/gcc/arm-none-eabi/13.3.1/thumb/v7e-m+fp/hard/crtn.o
                0x20003000                        _estack = (ORIGIN (RAM) + LENGTH (RAM))
                0x00000200                        _Min_Heap_Size = 0x200
                0x00000400                        _Min_Stack_Size = 0x400

.isr_vector     0x08000000      0x188
                0x08000000                        . = ALIGN (0x4)
 *(.isr_vector)
 .isr_vector    0x08000000      0x188 CMakeFiles/NSE2025_VALVE.dir/startup_stm32f303x8.s.obj
                0x08000000                g_pfnVectors
                0x08000188                        . = ALIGN (0x4)

.text           0x08000188     0x2ffc
                0x08000188                        . = ALIGN (0x4)
 *(.text)
 .text          0x08000188       0x40 /opt/ST/STM32CubeCLT_1.18.0/GNU-tools-for-STM32/bin/../lib/gcc/arm-none-eabi/13.3.1/thumb/v7e-m+fp/hard/crtbegin.o
 *(.text*)
 .text.memset   0x080001c8       0x10 /opt/ST/STM32CubeCLT_1.18.0/GNU-tools-for-STM32/bin/../lib/gcc/arm-none-eabi/13.3.1/../../../../arm-none-eabi/lib/thumb/v7e-m+fp/hard/libc_nano.a(libc_a-memset.o)
                0x080001c8                memset
 .text.__libc_init_array
                0x080001d8       0x48 /opt/ST/STM32CubeCLT_1.18.0/GNU-tools-for-STM32/bin/../lib/gcc/arm-none-eabi/13.3.1/../../../../arm-none-eabi/lib/thumb/v7e-m+fp/hard/libc_nano.a(libc_a-init.o)
                0x080001d8                __libc_init_array
 .text.main     0x08000220       0x1c CMakeFiles/NSE2025_VALVE.dir/Core/Src/main.c.obj
                0x08000220                main
 .text.SystemClock_Config
                0x0800023c       0x76 CMakeFiles/NSE2025_VALVE.dir/Core/Src/main.c.obj
                0x0800023c                SystemClock_Config
 .text.Error_Handler
                0x080002b2        0xc CMakeFiles/NSE2025_VALVE.dir/Core/Src/main.c.obj
                0x080002b2                Error_Handler
 *fill*         0x080002be        0x2 
 .text.MX_GPIO_Init
                0x080002c0       0x48 CMakeFiles/NSE2025_VALVE.dir/Core/Src/gpio.c.obj
                0x080002c0                MX_GPIO_Init
 .text.MX_TIM2_Init
                0x08000308       0xb4 CMakeFiles/NSE2025_VALVE.dir/Core/Src/tim.c.obj
                0x08000308                MX_TIM2_Init
 .text.HAL_TIM_PWM_MspInit
                0x080003bc       0x3c CMakeFiles/NSE2025_VALVE.dir/Core/Src/tim.c.obj
                0x080003bc                HAL_TIM_PWM_MspInit
 .text.HAL_TIM_MspPostInit
                0x080003f8       0x68 CMakeFiles/NSE2025_VALVE.dir/Core/Src/tim.c.obj
                0x080003f8                HAL_TIM_MspPostInit
 .text.MX_USART2_UART_Init
                0x08000460       0x60 CMakeFiles/NSE2025_VALVE.dir/Core/Src/usart.c.obj
                0x08000460                MX_USART2_UART_Init
 .text.HAL_UART_MspInit
                0x080004c0       0x88 CMakeFiles/NSE2025_VALVE.dir/Core/Src/usart.c.obj
                0x080004c0                HAL_UART_MspInit
 .text.NMI_Handler
                0x08000548        0x8 CMakeFiles/NSE2025_VALVE.dir/Core/Src/stm32f3xx_it.c.obj
                0x08000548                NMI_Handler
 .text.HardFault_Handler
                0x08000550        0x8 CMakeFiles/NSE2025_VALVE.dir/Core/Src/stm32f3xx_it.c.obj
                0x08000550                HardFault_Handler
 .text.MemManage_Handler
                0x08000558        0x8 CMakeFiles/NSE2025_VALVE.dir/Core/Src/stm32f3xx_it.c.obj
                0x08000558                MemManage_Handler
 .text.BusFault_Handler
                0x08000560        0x8 CMakeFiles/NSE2025_VALVE.dir/Core/Src/stm32f3xx_it.c.obj
                0x08000560                BusFault_Handler
 .text.UsageFault_Handler
                0x08000568        0x8 CMakeFiles/NSE2025_VALVE.dir/Core/Src/stm32f3xx_it.c.obj
                0x08000568                UsageFault_Handler
 .text.SVC_Handler
                0x08000570        0xe CMakeFiles/NSE2025_VALVE.dir/Core/Src/stm32f3xx_it.c.obj
                0x08000570                SVC_Handler
 .text.DebugMon_Handler
                0x0800057e        0xe CMakeFiles/NSE2025_VALVE.dir/Core/Src/stm32f3xx_it.c.obj
                0x0800057e                DebugMon_Handler
 .text.PendSV_Handler
                0x0800058c        0xe CMakeFiles/NSE2025_VALVE.dir/Core/Src/stm32f3xx_it.c.obj
                0x0800058c                PendSV_Handler
 .text.SysTick_Handler
                0x0800059a        0xc CMakeFiles/NSE2025_VALVE.dir/Core/Src/stm32f3xx_it.c.obj
                0x0800059a                SysTick_Handler
 *fill*         0x080005a6        0x2 
 .text.HAL_MspInit
                0x080005a8       0x48 CMakeFiles/NSE2025_VALVE.dir/Core/Src/stm32f3xx_hal_msp.c.obj
                0x080005a8                HAL_MspInit
 .text.Reset_Handler
                0x080005f0       0x50 CMakeFiles/NSE2025_VALVE.dir/startup_stm32f303x8.s.obj
                0x080005f0                Reset_Handler
 .text.Default_Handler
                0x08000640        0x2 CMakeFiles/NSE2025_VALVE.dir/startup_stm32f303x8.s.obj
                0x08000640                TIM1_BRK_TIM15_IRQHandler
                0x08000640                TIM1_CC_IRQHandler
                0x08000640                PVD_IRQHandler
                0x08000640                TAMP_STAMP_IRQHandler
                0x08000640                EXTI3_IRQHandler
                0x08000640                EXTI0_IRQHandler
                0x08000640                FPU_IRQHandler
                0x08000640                CAN_TX_IRQHandler
                0x08000640                TIM1_UP_TIM16_IRQHandler
                0x08000640                ADC1_2_IRQHandler
                0x08000640                SPI1_IRQHandler
                0x08000640                CAN_SCE_IRQHandler
                0x08000640                DMA1_Channel4_IRQHandler
                0x08000640                USART3_IRQHandler
                0x08000640                DMA1_Channel7_IRQHandler
                0x08000640                TIM7_DAC2_IRQHandler
                0x08000640                CAN_RX1_IRQHandler
                0x08000640                I2C1_EV_IRQHandler
                0x08000640                DMA1_Channel6_IRQHandler
                0x08000640                TIM3_IRQHandler
                0x08000640                RCC_IRQHandler
                0x08000640                DMA1_Channel1_IRQHandler
                0x08000640                Default_Handler
                0x08000640                EXTI15_10_IRQHandler
                0x08000640                COMP2_IRQHandler
                0x08000640                TIM6_DAC1_IRQHandler
                0x08000640                EXTI9_5_IRQHandler
                0x08000640                RTC_WKUP_IRQHandler
                0x08000640                DMA1_Channel5_IRQHandler
                0x08000640                EXTI4_IRQHandler
                0x08000640                TIM1_TRG_COM_TIM17_IRQHandler
                0x08000640                DMA1_Channel3_IRQHandler
                0x08000640                WWDG_IRQHandler
                0x08000640                TIM2_IRQHandler
                0x08000640                EXTI1_IRQHandler
                0x08000640                COMP4_6_IRQHandler
                0x08000640                USART2_IRQHandler
                0x08000640                DMA1_Channel2_IRQHandler
                0x08000640                FLASH_IRQHandler
                0x08000640                USART1_IRQHandler
                0x08000640                CAN_RX0_IRQHandler
                0x08000640                I2C1_ER_IRQHandler
                0x08000640                EXTI2_TSC_IRQHandler
                0x08000640                RTC_Alarm_IRQHandler
 *fill*         0x08000642        0x2 
 .text.SystemInit
                0x08000644       0x24 cmake/stm32cubemx/CMakeFiles/STM32_Drivers.dir/__/__/Core/Src/system_stm32f3xx.c.obj
                0x08000644                SystemInit
 .text.HAL_TIM_PWM_Init
                0x08000668       0xae cmake/stm32cubemx/CMakeFiles/STM32_Drivers.dir/__/__/Drivers/STM32F3xx_HAL_Driver/Src/stm32f3xx_hal_tim.c.obj
                0x08000668                HAL_TIM_PWM_Init
 *fill*         0x08000716        0x2 
 .text.HAL_TIM_PWM_ConfigChannel
                0x08000718      0x228 cmake/stm32cubemx/CMakeFiles/STM32_Drivers.dir/__/__/Drivers/STM32F3xx_HAL_Driver/Src/stm32f3xx_hal_tim.c.obj
                0x08000718                HAL_TIM_PWM_ConfigChannel
 .text.TIM_Base_SetConfig
                0x08000940      0x108 cmake/stm32cubemx/CMakeFiles/STM32_Drivers.dir/__/__/Drivers/STM32F3xx_HAL_Driver/Src/stm32f3xx_hal_tim.c.obj
                0x08000940                TIM_Base_SetConfig
 .text.TIM_OC1_SetConfig
                0x08000a48      0x10c cmake/stm32cubemx/CMakeFiles/STM32_Drivers.dir/__/__/Drivers/STM32F3xx_HAL_Driver/Src/stm32f3xx_hal_tim.c.obj
 .text.TIM_OC2_SetConfig
                0x08000b54      0x100 cmake/stm32cubemx/CMakeFiles/STM32_Drivers.dir/__/__/Drivers/STM32F3xx_HAL_Driver/Src/stm32f3xx_hal_tim.c.obj
                0x08000b54                TIM_OC2_SetConfig
 .text.TIM_OC3_SetConfig
                0x08000c54       0xfc cmake/stm32cubemx/CMakeFiles/STM32_Drivers.dir/__/__/Drivers/STM32F3xx_HAL_Driver/Src/stm32f3xx_hal_tim.c.obj
 .text.TIM_OC4_SetConfig
                0x08000d50       0xc8 cmake/stm32cubemx/CMakeFiles/STM32_Drivers.dir/__/__/Drivers/STM32F3xx_HAL_Driver/Src/stm32f3xx_hal_tim.c.obj
 .text.TIM_OC5_SetConfig
                0x08000e18       0xbc cmake/stm32cubemx/CMakeFiles/STM32_Drivers.dir/__/__/Drivers/STM32F3xx_HAL_Driver/Src/stm32f3xx_hal_tim.c.obj
 .text.TIM_OC6_SetConfig
                0x08000ed4       0xc0 cmake/stm32cubemx/CMakeFiles/STM32_Drivers.dir/__/__/Drivers/STM32F3xx_HAL_Driver/Src/stm32f3xx_hal_tim.c.obj
 .text.HAL_TIMEx_MasterConfigSynchronization
                0x08000f94       0xdc cmake/stm32cubemx/CMakeFiles/STM32_Drivers.dir/__/__/Drivers/STM32F3xx_HAL_Driver/Src/stm32f3xx_hal_tim_ex.c.obj
                0x08000f94                HAL_TIMEx_MasterConfigSynchronization
 .text.HAL_Init
                0x08001070       0x2c cmake/stm32cubemx/CMakeFiles/STM32_Drivers.dir/__/__/Drivers/STM32F3xx_HAL_Driver/Src/stm32f3xx_hal.c.obj
                0x08001070                HAL_Init
 .text.HAL_InitTick
                0x0800109c       0x60 cmake/stm32cubemx/CMakeFiles/STM32_Drivers.dir/__/__/Drivers/STM32F3xx_HAL_Driver/Src/stm32f3xx_hal.c.obj
                0x0800109c                HAL_InitTick
 .text.HAL_IncTick
                0x080010fc       0x28 cmake/stm32cubemx/CMakeFiles/STM32_Drivers.dir/__/__/Drivers/STM32F3xx_HAL_Driver/Src/stm32f3xx_hal.c.obj
                0x080010fc                HAL_IncTick
 .text.HAL_GetTick
                0x08001124       0x18 cmake/stm32cubemx/CMakeFiles/STM32_Drivers.dir/__/__/Drivers/STM32F3xx_HAL_Driver/Src/stm32f3xx_hal.c.obj
                0x08001124                HAL_GetTick
 .text.HAL_RCC_OscConfig
                0x0800113c     0x101c cmake/stm32cubemx/CMakeFiles/STM32_Drivers.dir/__/__/Drivers/STM32F3xx_HAL_Driver/Src/stm32f3xx_hal_rcc.c.obj
                0x0800113c                HAL_RCC_OscConfig
 .text.HAL_RCC_ClockConfig
                0x08002158      0x2dc cmake/stm32cubemx/CMakeFiles/STM32_Drivers.dir/__/__/Drivers/STM32F3xx_HAL_Driver/Src/stm32f3xx_hal_rcc.c.obj
                0x08002158                HAL_RCC_ClockConfig
 .text.HAL_RCC_GetSysClockFreq
                0x08002434       0xa8 cmake/stm32cubemx/CMakeFiles/STM32_Drivers.dir/__/__/Drivers/STM32F3xx_HAL_Driver/Src/stm32f3xx_hal_rcc.c.obj
                0x08002434                HAL_RCC_GetSysClockFreq
 .text.HAL_RCC_GetHCLKFreq
                0x080024dc       0x18 cmake/stm32cubemx/CMakeFiles/STM32_Drivers.dir/__/__/Drivers/STM32F3xx_HAL_Driver/Src/stm32f3xx_hal_rcc.c.obj
                0x080024dc                HAL_RCC_GetHCLKFreq
 .text.HAL_RCC_GetPCLK1Freq
                0x080024f4       0x44 cmake/stm32cubemx/CMakeFiles/STM32_Drivers.dir/__/__/Drivers/STM32F3xx_HAL_Driver/Src/stm32f3xx_hal_rcc.c.obj
                0x080024f4                HAL_RCC_GetPCLK1Freq
 .text.HAL_RCC_GetPCLK2Freq
                0x08002538       0x44 cmake/stm32cubemx/CMakeFiles/STM32_Drivers.dir/__/__/Drivers/STM32F3xx_HAL_Driver/Src/stm32f3xx_hal_rcc.c.obj
                0x08002538                HAL_RCC_GetPCLK2Freq
 .text.HAL_GPIO_Init
                0x0800257c      0x2e4 cmake/stm32cubemx/CMakeFiles/STM32_Drivers.dir/__/__/Drivers/STM32F3xx_HAL_Driver/Src/stm32f3xx_hal_gpio.c.obj
                0x0800257c                HAL_GPIO_Init
 .text.__NVIC_SetPriorityGrouping
                0x08002860       0x48 cmake/stm32cubemx/CMakeFiles/STM32_Drivers.dir/__/__/Drivers/STM32F3xx_HAL_Driver/Src/stm32f3xx_hal_cortex.c.obj
 .text.__NVIC_GetPriorityGrouping
                0x080028a8       0x1c cmake/stm32cubemx/CMakeFiles/STM32_Drivers.dir/__/__/Drivers/STM32F3xx_HAL_Driver/Src/stm32f3xx_hal_cortex.c.obj
 .text.__NVIC_SetPriority
                0x080028c4       0x54 cmake/stm32cubemx/CMakeFiles/STM32_Drivers.dir/__/__/Drivers/STM32F3xx_HAL_Driver/Src/stm32f3xx_hal_cortex.c.obj
 .text.NVIC_EncodePriority
                0x08002918       0x66 cmake/stm32cubemx/CMakeFiles/STM32_Drivers.dir/__/__/Drivers/STM32F3xx_HAL_Driver/Src/stm32f3xx_hal_cortex.c.obj
 *fill*         0x0800297e        0x2 
 .text.SysTick_Config
                0x08002980       0x44 cmake/stm32cubemx/CMakeFiles/STM32_Drivers.dir/__/__/Drivers/STM32F3xx_HAL_Driver/Src/stm32f3xx_hal_cortex.c.obj
 .text.HAL_NVIC_SetPriorityGrouping
                0x080029c4       0x16 cmake/stm32cubemx/CMakeFiles/STM32_Drivers.dir/__/__/Drivers/STM32F3xx_HAL_Driver/Src/stm32f3xx_hal_cortex.c.obj
                0x080029c4                HAL_NVIC_SetPriorityGrouping
 .text.HAL_NVIC_SetPriority
                0x080029da       0x38 cmake/stm32cubemx/CMakeFiles/STM32_Drivers.dir/__/__/Drivers/STM32F3xx_HAL_Driver/Src/stm32f3xx_hal_cortex.c.obj
                0x080029da                HAL_NVIC_SetPriority
 .text.HAL_SYSTICK_Config
                0x08002a12       0x18 cmake/stm32cubemx/CMakeFiles/STM32_Drivers.dir/__/__/Drivers/STM32F3xx_HAL_Driver/Src/stm32f3xx_hal_cortex.c.obj
                0x08002a12                HAL_SYSTICK_Config
 .text.HAL_UART_Init
                0x08002a2a       0x9c cmake/stm32cubemx/CMakeFiles/STM32_Drivers.dir/__/__/Drivers/STM32F3xx_HAL_Driver/Src/stm32f3xx_hal_uart.c.obj
                0x08002a2a                HAL_UART_Init
 *fill*         0x08002ac6        0x2 
 .text.UART_SetConfig
                0x08002ac8      0x26c cmake/stm32cubemx/CMakeFiles/STM32_Drivers.dir/__/__/Drivers/STM32F3xx_HAL_Driver/Src/stm32f3xx_hal_uart.c.obj
                0x08002ac8                UART_SetConfig
 .text.UART_AdvFeatureConfig
                0x08002d34      0x144 cmake/stm32cubemx/CMakeFiles/STM32_Drivers.dir/__/__/Drivers/STM32F3xx_HAL_Driver/Src/stm32f3xx_hal_uart.c.obj
                0x08002d34                UART_AdvFeatureConfig
 .text.UART_CheckIdleState
                0x08002e78      0x150 cmake/stm32cubemx/CMakeFiles/STM32_Drivers.dir/__/__/Drivers/STM32F3xx_HAL_Driver/Src/stm32f3xx_hal_uart.c.obj
                0x08002e78                UART_CheckIdleState
 .text.UART_WaitOnFlagUntilTimeout
                0x08002fc8       0xda cmake/stm32cubemx/CMakeFiles/STM32_Drivers.dir/__/__/Drivers/STM32F3xx_HAL_Driver/Src/stm32f3xx_hal_uart.c.obj
                0x08002fc8                UART_WaitOnFlagUntilTimeout
 .text.UART_EndRxTransfer
                0x080030a2       0xc8 cmake/stm32cubemx/CMakeFiles/STM32_Drivers.dir/__/__/Drivers/STM32F3xx_HAL_Driver/Src/stm32f3xx_hal_uart.c.obj
 *(.glue_7)
 .glue_7        0x0800316a        0x0 linker stubs
 *(.glue_7t)
 .glue_7t       0x0800316a        0x0 linker stubs
 *(.eh_frame)
 *fill*         0x0800316a        0x2 
 .eh_frame      0x0800316c        0x0 /opt/ST/STM32CubeCLT_1.18.0/GNU-tools-for-STM32/bin/../lib/gcc/arm-none-eabi/13.3.1/thumb/v7e-m+fp/hard/crtbegin.o
 *(.init)
 .init          0x0800316c        0x4 /opt/ST/STM32CubeCLT_1.18.0/GNU-tools-for-STM32/bin/../lib/gcc/arm-none-eabi/13.3.1/thumb/v7e-m+fp/hard/crti.o
                0x0800316c                _init
 .init          0x08003170        0x8 /opt/ST/STM32CubeCLT_1.18.0/GNU-tools-for-STM32/bin/../lib/gcc/arm-none-eabi/13.3.1/thumb/v7e-m+fp/hard/crtn.o
 *(.fini)
 .fini          0x08003178        0x4 /opt/ST/STM32CubeCLT_1.18.0/GNU-tools-for-STM32/bin/../lib/gcc/arm-none-eabi/13.3.1/thumb/v7e-m+fp/hard/crti.o
                0x08003178                _fini
 .fini          0x0800317c        0x8 /opt/ST/STM32CubeCLT_1.18.0/GNU-tools-for-STM32/bin/../lib/gcc/arm-none-eabi/13.3.1/thumb/v7e-m+fp/hard/crtn.o
                0x08003184                        . = ALIGN (0x4)
                0x08003184                        _etext = .

.vfp11_veneer   0x08003184        0x0
 .vfp11_veneer  0x08003184        0x0 linker stubs

.v4_bx          0x08003184        0x0
 .v4_bx         0x08003184        0x0 linker stubs

.iplt           0x08003184        0x0
 .iplt          0x08003184        0x0 /opt/ST/STM32CubeCLT_1.18.0/GNU-tools-for-STM32/bin/../lib/gcc/arm-none-eabi/13.3.1/thumb/v7e-m+fp/hard/crtbegin.o

.rodata         0x08003184       0x38
                0x08003184                        . = ALIGN (0x4)
 *(.rodata)
 *(.rodata*)
 .rodata.AHBPrescTable
                0x08003184       0x10 cmake/stm32cubemx/CMakeFiles/STM32_Drivers.dir/__/__/Core/Src/system_stm32f3xx.c.obj
                0x08003184                AHBPrescTable
 .rodata.APBPrescTable
                0x08003194        0x8 cmake/stm32cubemx/CMakeFiles/STM32_Drivers.dir/__/__/Core/Src/system_stm32f3xx.c.obj
                0x08003194                APBPrescTable
 .rodata.aPLLMULFactorTable
                0x0800319c       0x10 cmake/stm32cubemx/CMakeFiles/STM32_Drivers.dir/__/__/Drivers/STM32F3xx_HAL_Driver/Src/stm32f3xx_hal_rcc.c.obj
 .rodata.aPredivFactorTable
                0x080031ac       0x10 cmake/stm32cubemx/CMakeFiles/STM32_Drivers.dir/__/__/Drivers/STM32F3xx_HAL_Driver/Src/stm32f3xx_hal_rcc.c.obj
                0x080031bc                        . = ALIGN (0x4)

.ARM.extab      0x080031bc        0x0
                0x080031bc                        . = ALIGN (0x4)
 *(.ARM.extab* .gnu.linkonce.armextab.*)
                0x080031bc                        . = ALIGN (0x4)

.ARM            0x080031bc        0x0
                0x080031bc                        . = ALIGN (0x4)
                0x080031bc                        __exidx_start = .
 *(.ARM.exidx*)
                0x080031bc                        __exidx_end = .
                0x080031bc                        . = ALIGN (0x4)

.preinit_array  0x080031bc        0x0
                0x080031bc                        . = ALIGN (0x4)
                0x080031bc                        PROVIDE (__preinit_array_start = .)
 *(.preinit_array*)
                0x080031bc                        PROVIDE (__preinit_array_end = .)
                0x080031bc                        . = ALIGN (0x4)

.init_array     0x080031bc        0x4
                0x080031bc                        . = ALIGN (0x4)
                0x080031bc                        PROVIDE (__init_array_start = .)
 *(SORT_BY_NAME(.init_array.*))
 *(.init_array*)
 .init_array    0x080031bc        0x4 /opt/ST/STM32CubeCLT_1.18.0/GNU-tools-for-STM32/bin/../lib/gcc/arm-none-eabi/13.3.1/thumb/v7e-m+fp/hard/crtbegin.o
                0x080031c0                        PROVIDE (__init_array_end = .)
                0x080031c0                        . = ALIGN (0x4)

.fini_array     0x080031c0        0x4
                0x080031c0                        . = ALIGN (0x4)
                [!provide]                        PROVIDE (__fini_array_start = .)
 *(SORT_BY_NAME(.fini_array.*))
 *(.fini_array*)
 .fini_array    0x080031c0        0x4 /opt/ST/STM32CubeCLT_1.18.0/GNU-tools-for-STM32/bin/../lib/gcc/arm-none-eabi/13.3.1/thumb/v7e-m+fp/hard/crtbegin.o
                [!provide]                        PROVIDE (__fini_array_end = .)
                0x080031c4                        . = ALIGN (0x4)
                0x080031c4                        _sidata = LOADADDR (.data)

.rel.dyn        0x080031c4        0x0
 .rel.iplt      0x080031c4        0x0 /opt/ST/STM32CubeCLT_1.18.0/GNU-tools-for-STM32/bin/../lib/gcc/arm-none-eabi/13.3.1/thumb/v7e-m+fp/hard/crtbegin.o

.data           0x20000000        0xc load address 0x080031c4
                0x20000000                        . = ALIGN (0x4)
                0x20000000                        _sdata = .
 *(.data)
 *(.data*)
 .data.SystemCoreClock
                0x20000000        0x4 cmake/stm32cubemx/CMakeFiles/STM32_Drivers.dir/__/__/Core/Src/system_stm32f3xx.c.obj
                0x20000000                SystemCoreClock
 .data.uwTickPrio
                0x20000004        0x4 cmake/stm32cubemx/CMakeFiles/STM32_Drivers.dir/__/__/Drivers/STM32F3xx_HAL_Driver/Src/stm32f3xx_hal.c.obj
                0x20000004                uwTickPrio
 .data.uwTickFreq
                0x20000008        0x1 cmake/stm32cubemx/CMakeFiles/STM32_Drivers.dir/__/__/Drivers/STM32F3xx_HAL_Driver/Src/stm32f3xx_hal.c.obj
                0x20000008                uwTickFreq
 *(.RamFunc)
 *(.RamFunc*)
                0x2000000c                        . = ALIGN (0x4)
 *fill*         0x20000009        0x3 
                0x2000000c                        _edata = .
                0x080031d0                        _siccmram = LOADADDR (.ccmram)

.igot.plt       0x2000000c        0x0 load address 0x080031d0
 .igot.plt      0x2000000c        0x0 /opt/ST/STM32CubeCLT_1.18.0/GNU-tools-for-STM32/bin/../lib/gcc/arm-none-eabi/13.3.1/thumb/v7e-m+fp/hard/crtbegin.o

.ccmram         0x10000000        0x0 load address 0x080031d0
                0x10000000                        . = ALIGN (0x4)
                0x10000000                        _sccmram = .
 *(.ccmram)
 *(.ccmram*)
                0x10000000                        . = ALIGN (0x4)
                0x10000000                        _eccmram = .
                0x10000000                        . = ALIGN (0x4)

.bss            0x2000000c       0xf4
                0x2000000c                        _sbss = .
                0x2000000c                        __bss_start__ = _sbss
 *(.bss)
 .bss           0x2000000c       0x1c /opt/ST/STM32CubeCLT_1.18.0/GNU-tools-for-STM32/bin/../lib/gcc/arm-none-eabi/13.3.1/thumb/v7e-m+fp/hard/crtbegin.o
 *(.bss*)
 .bss.htim2     0x20000028       0x4c CMakeFiles/NSE2025_VALVE.dir/Core/Src/tim.c.obj
                0x20000028                htim2
 .bss.huart2    0x20000074       0x88 CMakeFiles/NSE2025_VALVE.dir/Core/Src/usart.c.obj
                0x20000074                huart2
 .bss.uwTick    0x200000fc        0x4 cmake/stm32cubemx/CMakeFiles/STM32_Drivers.dir/__/__/Drivers/STM32F3xx_HAL_Driver/Src/stm32f3xx_hal.c.obj
                0x200000fc                uwTick
 *(COMMON)
                0x20000100                        . = ALIGN (0x4)
                0x20000100                        _ebss = .
                0x20000100                        __bss_end__ = _ebss

._user_heap_stack
                0x20000100      0x600
                0x20000100                        . = ALIGN (0x8)
                [!provide]                        PROVIDE (end = .)
                0x20000100                        PROVIDE (_end = .)
                0x20000300                        . = (. + _Min_Heap_Size)
 *fill*         0x20000100      0x200 
                0x20000700                        . = (. + _Min_Stack_Size)
 *fill*         0x20000300      0x400 
                0x20000700                        . = ALIGN (0x8)

/DISCARD/
 libc.a(*)
 libm.a(*)
 libgcc.a(*)
OUTPUT(NSE2025_VALVE.elf elf32-littlearm)
LOAD linker stubs
LOAD /opt/ST/STM32CubeCLT_1.18.0/GNU-tools-for-STM32/bin/../lib/gcc/arm-none-eabi/13.3.1/../../../../arm-none-eabi/lib/thumb/v7e-m+fp/hard/libc.a
LOAD /opt/ST/STM32CubeCLT_1.18.0/GNU-tools-for-STM32/bin/../lib/gcc/arm-none-eabi/13.3.1/../../../../arm-none-eabi/lib/thumb/v7e-m+fp/hard/libm.a
LOAD /opt/ST/STM32CubeCLT_1.18.0/GNU-tools-for-STM32/bin/../lib/gcc/arm-none-eabi/13.3.1/thumb/v7e-m+fp/hard/libgcc.a

.ARM.attributes
                0x00000000       0x30
 .ARM.attributes
                0x00000000       0x22 /opt/ST/STM32CubeCLT_1.18.0/GNU-tools-for-STM32/bin/../lib/gcc/arm-none-eabi/13.3.1/thumb/v7e-m+fp/hard/crti.o
 .ARM.attributes
                0x00000022       0x34 /opt/ST/STM32CubeCLT_1.18.0/GNU-tools-for-STM32/bin/../lib/gcc/arm-none-eabi/13.3.1/thumb/v7e-m+fp/hard/crtbegin.o
 .ARM.attributes
                0x00000056       0x34 /opt/ST/STM32CubeCLT_1.18.0/GNU-tools-for-STM32/bin/../lib/gcc/arm-none-eabi/13.3.1/../../../../arm-none-eabi/lib/thumb/v7e-m+fp/hard/libc_nano.a(libc_a-memset.o)
 .ARM.attributes
                0x0000008a       0x34 /opt/ST/STM32CubeCLT_1.18.0/GNU-tools-for-STM32/bin/../lib/gcc/arm-none-eabi/13.3.1/../../../../arm-none-eabi/lib/thumb/v7e-m+fp/hard/libc_nano.a(libc_a-init.o)
 .ARM.attributes
                0x000000be       0x34 CMakeFiles/NSE2025_VALVE.dir/Core/Src/main.c.obj
 .ARM.attributes
                0x000000f2       0x34 CMakeFiles/NSE2025_VALVE.dir/Core/Src/gpio.c.obj
 .ARM.attributes
                0x00000126       0x34 CMakeFiles/NSE2025_VALVE.dir/Core/Src/tim.c.obj
 .ARM.attributes
                0x0000015a       0x34 CMakeFiles/NSE2025_VALVE.dir/Core/Src/usart.c.obj
 .ARM.attributes
                0x0000018e       0x34 CMakeFiles/NSE2025_VALVE.dir/Core/Src/stm32f3xx_it.c.obj
 .ARM.attributes
                0x000001c2       0x34 CMakeFiles/NSE2025_VALVE.dir/Core/Src/stm32f3xx_hal_msp.c.obj
 .ARM.attributes
                0x000001f6       0x21 CMakeFiles/NSE2025_VALVE.dir/startup_stm32f303x8.s.obj
 .ARM.attributes
                0x00000217       0x34 cmake/stm32cubemx/CMakeFiles/STM32_Drivers.dir/__/__/Core/Src/system_stm32f3xx.c.obj
 .ARM.attributes
                0x0000024b       0x34 cmake/stm32cubemx/CMakeFiles/STM32_Drivers.dir/__/__/Drivers/STM32F3xx_HAL_Driver/Src/stm32f3xx_hal_tim.c.obj
 .ARM.attributes
                0x0000027f       0x34 cmake/stm32cubemx/CMakeFiles/STM32_Drivers.dir/__/__/Drivers/STM32F3xx_HAL_Driver/Src/stm32f3xx_hal_tim_ex.c.obj
 .ARM.attributes
                0x000002b3       0x34 cmake/stm32cubemx/CMakeFiles/STM32_Drivers.dir/__/__/Drivers/STM32F3xx_HAL_Driver/Src/stm32f3xx_hal.c.obj
 .ARM.attributes
                0x000002e7       0x34 cmake/stm32cubemx/CMakeFiles/STM32_Drivers.dir/__/__/Drivers/STM32F3xx_HAL_Driver/Src/stm32f3xx_hal_rcc.c.obj
 .ARM.attributes
                0x0000031b       0x34 cmake/stm32cubemx/CMakeFiles/STM32_Drivers.dir/__/__/Drivers/STM32F3xx_HAL_Driver/Src/stm32f3xx_hal_gpio.c.obj
 .ARM.attributes
                0x0000034f       0x34 cmake/stm32cubemx/CMakeFiles/STM32_Drivers.dir/__/__/Drivers/STM32F3xx_HAL_Driver/Src/stm32f3xx_hal_cortex.c.obj
 .ARM.attributes
                0x00000383       0x34 cmake/stm32cubemx/CMakeFiles/STM32_Drivers.dir/__/__/Drivers/STM32F3xx_HAL_Driver/Src/stm32f3xx_hal_uart.c.obj
 .ARM.attributes
                0x000003b7       0x22 /opt/ST/STM32CubeCLT_1.18.0/GNU-tools-for-STM32/bin/../lib/gcc/arm-none-eabi/13.3.1/thumb/v7e-m+fp/hard/crtn.o

.comment        0x00000000       0x43
 .comment       0x00000000       0x43 CMakeFiles/NSE2025_VALVE.dir/Core/Src/main.c.obj
                                 0x44 (size before relaxing)
 .comment       0x00000043       0x44 CMakeFiles/NSE2025_VALVE.dir/Core/Src/gpio.c.obj
 .comment       0x00000043       0x44 CMakeFiles/NSE2025_VALVE.dir/Core/Src/tim.c.obj
 .comment       0x00000043       0x44 CMakeFiles/NSE2025_VALVE.dir/Core/Src/usart.c.obj
 .comment       0x00000043       0x44 CMakeFiles/NSE2025_VALVE.dir/Core/Src/stm32f3xx_it.c.obj
 .comment       0x00000043       0x44 CMakeFiles/NSE2025_VALVE.dir/Core/Src/stm32f3xx_hal_msp.c.obj
 .comment       0x00000043       0x44 cmake/stm32cubemx/CMakeFiles/STM32_Drivers.dir/__/__/Core/Src/system_stm32f3xx.c.obj
 .comment       0x00000043       0x44 cmake/stm32cubemx/CMakeFiles/STM32_Drivers.dir/__/__/Drivers/STM32F3xx_HAL_Driver/Src/stm32f3xx_hal_tim.c.obj
 .comment       0x00000043       0x44 cmake/stm32cubemx/CMakeFiles/STM32_Drivers.dir/__/__/Drivers/STM32F3xx_HAL_Driver/Src/stm32f3xx_hal_tim_ex.c.obj
 .comment       0x00000043       0x44 cmake/stm32cubemx/CMakeFiles/STM32_Drivers.dir/__/__/Drivers/STM32F3xx_HAL_Driver/Src/stm32f3xx_hal.c.obj
 .comment       0x00000043       0x44 cmake/stm32cubemx/CMakeFiles/STM32_Drivers.dir/__/__/Drivers/STM32F3xx_HAL_Driver/Src/stm32f3xx_hal_rcc.c.obj
 .comment       0x00000043       0x44 cmake/stm32cubemx/CMakeFiles/STM32_Drivers.dir/__/__/Drivers/STM32F3xx_HAL_Driver/Src/stm32f3xx_hal_gpio.c.obj
 .comment       0x00000043       0x44 cmake/stm32cubemx/CMakeFiles/STM32_Drivers.dir/__/__/Drivers/STM32F3xx_HAL_Driver/Src/stm32f3xx_hal_cortex.c.obj
 .comment       0x00000043       0x44 cmake/stm32cubemx/CMakeFiles/STM32_Drivers.dir/__/__/Drivers/STM32F3xx_HAL_Driver/Src/stm32f3xx_hal_uart.c.obj

.debug_frame    0x00000000     0x30e0
 .debug_frame   0x00000000       0x20 /opt/ST/STM32CubeCLT_1.18.0/GNU-tools-for-STM32/bin/../lib/gcc/arm-none-eabi/13.3.1/../../../../arm-none-eabi/lib/thumb/v7e-m+fp/hard/libc_nano.a(libc_a-memset.o)
 .debug_frame   0x00000020       0x2c /opt/ST/STM32CubeCLT_1.18.0/GNU-tools-for-STM32/bin/../lib/gcc/arm-none-eabi/13.3.1/../../../../arm-none-eabi/lib/thumb/v7e-m+fp/hard/libc_nano.a(libc_a-init.o)
 .debug_frame   0x0000004c       0x68 CMakeFiles/NSE2025_VALVE.dir/Core/Src/main.c.obj
 .debug_frame   0x000000b4       0x38 CMakeFiles/NSE2025_VALVE.dir/Core/Src/gpio.c.obj
 .debug_frame   0x000000ec       0xa8 CMakeFiles/NSE2025_VALVE.dir/Core/Src/tim.c.obj
 .debug_frame   0x00000194       0x74 CMakeFiles/NSE2025_VALVE.dir/Core/Src/usart.c.obj
 .debug_frame   0x00000208      0x104 CMakeFiles/NSE2025_VALVE.dir/Core/Src/stm32f3xx_it.c.obj
 .debug_frame   0x0000030c       0x38 CMakeFiles/NSE2025_VALVE.dir/Core/Src/stm32f3xx_hal_msp.c.obj
 .debug_frame   0x00000344       0x58 cmake/stm32cubemx/CMakeFiles/STM32_Drivers.dir/__/__/Core/Src/system_stm32f3xx.c.obj
 .debug_frame   0x0000039c     0x1218 cmake/stm32cubemx/CMakeFiles/STM32_Drivers.dir/__/__/Drivers/STM32F3xx_HAL_Driver/Src/stm32f3xx_hal_tim.c.obj
 .debug_frame   0x000015b4      0x688 cmake/stm32cubemx/CMakeFiles/STM32_Drivers.dir/__/__/Drivers/STM32F3xx_HAL_Driver/Src/stm32f3xx_hal_tim_ex.c.obj
 .debug_frame   0x00001c3c      0x334 cmake/stm32cubemx/CMakeFiles/STM32_Drivers.dir/__/__/Drivers/STM32F3xx_HAL_Driver/Src/stm32f3xx_hal.c.obj
 .debug_frame   0x00001f70      0x214 cmake/stm32cubemx/CMakeFiles/STM32_Drivers.dir/__/__/Drivers/STM32F3xx_HAL_Driver/Src/stm32f3xx_hal_rcc.c.obj
 .debug_frame   0x00002184      0x14c cmake/stm32cubemx/CMakeFiles/STM32_Drivers.dir/__/__/Drivers/STM32F3xx_HAL_Driver/Src/stm32f3xx_hal_gpio.c.obj
 .debug_frame   0x000022d0      0x428 cmake/stm32cubemx/CMakeFiles/STM32_Drivers.dir/__/__/Drivers/STM32F3xx_HAL_Driver/Src/stm32f3xx_hal_cortex.c.obj
 .debug_frame   0x000026f8      0x9e8 cmake/stm32cubemx/CMakeFiles/STM32_Drivers.dir/__/__/Drivers/STM32F3xx_HAL_Driver/Src/stm32f3xx_hal_uart.c.obj

.debug_info     0x00000000     0xc55e
 .debug_info    0x00000000      0x293 CMakeFiles/NSE2025_VALVE.dir/Core/Src/main.c.obj
 .debug_info    0x00000293      0x18d CMakeFiles/NSE2025_VALVE.dir/Core/Src/gpio.c.obj
 .debug_info    0x00000420      0xa80 CMakeFiles/NSE2025_VALVE.dir/Core/Src/tim.c.obj
 .debug_info    0x00000ea0      0x923 CMakeFiles/NSE2025_VALVE.dir/Core/Src/usart.c.obj
 .debug_info    0x000017c3      0x113 CMakeFiles/NSE2025_VALVE.dir/Core/Src/stm32f3xx_it.c.obj
 .debug_info    0x000018d6      0x18d CMakeFiles/NSE2025_VALVE.dir/Core/Src/stm32f3xx_hal_msp.c.obj
 .debug_info    0x00001a63       0x30 CMakeFiles/NSE2025_VALVE.dir/startup_stm32f303x8.s.obj
 .debug_info    0x00001a93      0x407 cmake/stm32cubemx/CMakeFiles/STM32_Drivers.dir/__/__/Core/Src/system_stm32f3xx.c.obj
 .debug_info    0x00001e9a     0x2a82 cmake/stm32cubemx/CMakeFiles/STM32_Drivers.dir/__/__/Drivers/STM32F3xx_HAL_Driver/Src/stm32f3xx_hal_tim.c.obj
 .debug_info    0x0000491c     0x1580 cmake/stm32cubemx/CMakeFiles/STM32_Drivers.dir/__/__/Drivers/STM32F3xx_HAL_Driver/Src/stm32f3xx_hal_tim_ex.c.obj
 .debug_info    0x00005e9c      0x74a cmake/stm32cubemx/CMakeFiles/STM32_Drivers.dir/__/__/Drivers/STM32F3xx_HAL_Driver/Src/stm32f3xx_hal.c.obj
 .debug_info    0x000065e6     0x1492 cmake/stm32cubemx/CMakeFiles/STM32_Drivers.dir/__/__/Drivers/STM32F3xx_HAL_Driver/Src/stm32f3xx_hal_rcc.c.obj
 .debug_info    0x00007a78      0x6a8 cmake/stm32cubemx/CMakeFiles/STM32_Drivers.dir/__/__/Drivers/STM32F3xx_HAL_Driver/Src/stm32f3xx_hal_gpio.c.obj
 .debug_info    0x00008120      0xa87 cmake/stm32cubemx/CMakeFiles/STM32_Drivers.dir/__/__/Drivers/STM32F3xx_HAL_Driver/Src/stm32f3xx_hal_cortex.c.obj
 .debug_info    0x00008ba7     0x39b7 cmake/stm32cubemx/CMakeFiles/STM32_Drivers.dir/__/__/Drivers/STM32F3xx_HAL_Driver/Src/stm32f3xx_hal_uart.c.obj

.debug_abbrev   0x00000000     0x1a75
 .debug_abbrev  0x00000000      0x198 CMakeFiles/NSE2025_VALVE.dir/Core/Src/main.c.obj
 .debug_abbrev  0x00000198       0xc6 CMakeFiles/NSE2025_VALVE.dir/Core/Src/gpio.c.obj
 .debug_abbrev  0x0000025e      0x216 CMakeFiles/NSE2025_VALVE.dir/Core/Src/tim.c.obj
 .debug_abbrev  0x00000474      0x1f3 CMakeFiles/NSE2025_VALVE.dir/Core/Src/usart.c.obj
 .debug_abbrev  0x00000667       0x73 CMakeFiles/NSE2025_VALVE.dir/Core/Src/stm32f3xx_it.c.obj
 .debug_abbrev  0x000006da       0xc6 CMakeFiles/NSE2025_VALVE.dir/Core/Src/stm32f3xx_hal_msp.c.obj
 .debug_abbrev  0x000007a0       0x24 CMakeFiles/NSE2025_VALVE.dir/startup_stm32f303x8.s.obj
 .debug_abbrev  0x000007c4      0x11a cmake/stm32cubemx/CMakeFiles/STM32_Drivers.dir/__/__/Core/Src/system_stm32f3xx.c.obj
 .debug_abbrev  0x000008de      0x276 cmake/stm32cubemx/CMakeFiles/STM32_Drivers.dir/__/__/Drivers/STM32F3xx_HAL_Driver/Src/stm32f3xx_hal_tim.c.obj
 .debug_abbrev  0x00000b54      0x280 cmake/stm32cubemx/CMakeFiles/STM32_Drivers.dir/__/__/Drivers/STM32F3xx_HAL_Driver/Src/stm32f3xx_hal_tim_ex.c.obj
 .debug_abbrev  0x00000dd4      0x215 cmake/stm32cubemx/CMakeFiles/STM32_Drivers.dir/__/__/Drivers/STM32F3xx_HAL_Driver/Src/stm32f3xx_hal.c.obj
 .debug_abbrev  0x00000fe9      0x2fe cmake/stm32cubemx/CMakeFiles/STM32_Drivers.dir/__/__/Drivers/STM32F3xx_HAL_Driver/Src/stm32f3xx_hal_rcc.c.obj
 .debug_abbrev  0x000012e7      0x1c9 cmake/stm32cubemx/CMakeFiles/STM32_Drivers.dir/__/__/Drivers/STM32F3xx_HAL_Driver/Src/stm32f3xx_hal_gpio.c.obj
 .debug_abbrev  0x000014b0      0x2f8 cmake/stm32cubemx/CMakeFiles/STM32_Drivers.dir/__/__/Drivers/STM32F3xx_HAL_Driver/Src/stm32f3xx_hal_cortex.c.obj
 .debug_abbrev  0x000017a8      0x2cd cmake/stm32cubemx/CMakeFiles/STM32_Drivers.dir/__/__/Drivers/STM32F3xx_HAL_Driver/Src/stm32f3xx_hal_uart.c.obj

.debug_aranges  0x00000000      0xbc8
 .debug_aranges
                0x00000000       0x30 CMakeFiles/NSE2025_VALVE.dir/Core/Src/main.c.obj
 .debug_aranges
                0x00000030       0x20 CMakeFiles/NSE2025_VALVE.dir/Core/Src/gpio.c.obj
 .debug_aranges
                0x00000050       0x38 CMakeFiles/NSE2025_VALVE.dir/Core/Src/tim.c.obj
 .debug_aranges
                0x00000088       0x30 CMakeFiles/NSE2025_VALVE.dir/Core/Src/usart.c.obj
 .debug_aranges
                0x000000b8       0x60 CMakeFiles/NSE2025_VALVE.dir/Core/Src/stm32f3xx_it.c.obj
 .debug_aranges
                0x00000118       0x20 CMakeFiles/NSE2025_VALVE.dir/Core/Src/stm32f3xx_hal_msp.c.obj
 .debug_aranges
                0x00000138       0x28 CMakeFiles/NSE2025_VALVE.dir/startup_stm32f303x8.s.obj
 .debug_aranges
                0x00000160       0x28 cmake/stm32cubemx/CMakeFiles/STM32_Drivers.dir/__/__/Core/Src/system_stm32f3xx.c.obj
 .debug_aranges
                0x00000188      0x3e0 cmake/stm32cubemx/CMakeFiles/STM32_Drivers.dir/__/__/Drivers/STM32F3xx_HAL_Driver/Src/stm32f3xx_hal_tim.c.obj
 .debug_aranges
                0x00000568      0x178 cmake/stm32cubemx/CMakeFiles/STM32_Drivers.dir/__/__/Drivers/STM32F3xx_HAL_Driver/Src/stm32f3xx_hal_tim_ex.c.obj
 .debug_aranges
                0x000006e0       0xe0 cmake/stm32cubemx/CMakeFiles/STM32_Drivers.dir/__/__/Drivers/STM32F3xx_HAL_Driver/Src/stm32f3xx_hal.c.obj
 .debug_aranges
                0x000007c0       0x88 cmake/stm32cubemx/CMakeFiles/STM32_Drivers.dir/__/__/Drivers/STM32F3xx_HAL_Driver/Src/stm32f3xx_hal_rcc.c.obj
 .debug_aranges
                0x00000848       0x58 cmake/stm32cubemx/CMakeFiles/STM32_Drivers.dir/__/__/Drivers/STM32F3xx_HAL_Driver/Src/stm32f3xx_hal_gpio.c.obj
 .debug_aranges
                0x000008a0      0x100 cmake/stm32cubemx/CMakeFiles/STM32_Drivers.dir/__/__/Drivers/STM32F3xx_HAL_Driver/Src/stm32f3xx_hal_cortex.c.obj
 .debug_aranges
                0x000009a0      0x228 cmake/stm32cubemx/CMakeFiles/STM32_Drivers.dir/__/__/Drivers/STM32F3xx_HAL_Driver/Src/stm32f3xx_hal_uart.c.obj

.debug_rnglists
                0x00000000      0x937
 .debug_rnglists
                0x00000000       0x1f CMakeFiles/NSE2025_VALVE.dir/Core/Src/main.c.obj
 .debug_rnglists
                0x0000001f       0x13 CMakeFiles/NSE2025_VALVE.dir/Core/Src/gpio.c.obj
 .debug_rnglists
                0x00000032       0x26 CMakeFiles/NSE2025_VALVE.dir/Core/Src/tim.c.obj
 .debug_rnglists
                0x00000058       0x20 CMakeFiles/NSE2025_VALVE.dir/Core/Src/usart.c.obj
 .debug_rnglists
                0x00000078       0x43 CMakeFiles/NSE2025_VALVE.dir/Core/Src/stm32f3xx_it.c.obj
 .debug_rnglists
                0x000000bb       0x13 CMakeFiles/NSE2025_VALVE.dir/Core/Src/stm32f3xx_hal_msp.c.obj
 .debug_rnglists
                0x000000ce       0x19 CMakeFiles/NSE2025_VALVE.dir/startup_stm32f303x8.s.obj
 .debug_rnglists
                0x000000e7       0x1a cmake/stm32cubemx/CMakeFiles/STM32_Drivers.dir/__/__/Core/Src/system_stm32f3xx.c.obj
 .debug_rnglists
                0x00000101      0x328 cmake/stm32cubemx/CMakeFiles/STM32_Drivers.dir/__/__/Drivers/STM32F3xx_HAL_Driver/Src/stm32f3xx_hal_tim.c.obj
 .debug_rnglists
                0x00000429      0x131 cmake/stm32cubemx/CMakeFiles/STM32_Drivers.dir/__/__/Drivers/STM32F3xx_HAL_Driver/Src/stm32f3xx_hal_tim_ex.c.obj
 .debug_rnglists
                0x0000055a       0xa3 cmake/stm32cubemx/CMakeFiles/STM32_Drivers.dir/__/__/Drivers/STM32F3xx_HAL_Driver/Src/stm32f3xx_hal.c.obj
 .debug_rnglists
                0x000005fd       0x66 cmake/stm32cubemx/CMakeFiles/STM32_Drivers.dir/__/__/Drivers/STM32F3xx_HAL_Driver/Src/stm32f3xx_hal_rcc.c.obj
 .debug_rnglists
                0x00000663       0x3f cmake/stm32cubemx/CMakeFiles/STM32_Drivers.dir/__/__/Drivers/STM32F3xx_HAL_Driver/Src/stm32f3xx_hal_gpio.c.obj
 .debug_rnglists
                0x000006a2       0xbb cmake/stm32cubemx/CMakeFiles/STM32_Drivers.dir/__/__/Drivers/STM32F3xx_HAL_Driver/Src/stm32f3xx_hal_cortex.c.obj
 .debug_rnglists
                0x0000075d      0x1da cmake/stm32cubemx/CMakeFiles/STM32_Drivers.dir/__/__/Drivers/STM32F3xx_HAL_Driver/Src/stm32f3xx_hal_uart.c.obj

.debug_macro    0x00000000    0x1abf9
 .debug_macro   0x00000000      0x1f6 CMakeFiles/NSE2025_VALVE.dir/Core/Src/main.c.obj
 .debug_macro   0x000001f6      0xad8 CMakeFiles/NSE2025_VALVE.dir/Core/Src/main.c.obj
 .debug_macro   0x00000cce      0x15e CMakeFiles/NSE2025_VALVE.dir/Core/Src/main.c.obj
 .debug_macro   0x00000e2c       0x2e CMakeFiles/NSE2025_VALVE.dir/Core/Src/main.c.obj
 .debug_macro   0x00000e5a       0x28 CMakeFiles/NSE2025_VALVE.dir/Core/Src/main.c.obj
 .debug_macro   0x00000e82       0x22 CMakeFiles/NSE2025_VALVE.dir/Core/Src/main.c.obj
 .debug_macro   0x00000ea4       0x8e CMakeFiles/NSE2025_VALVE.dir/Core/Src/main.c.obj
 .debug_macro   0x00000f32       0x51 CMakeFiles/NSE2025_VALVE.dir/Core/Src/main.c.obj
 .debug_macro   0x00000f83      0x103 CMakeFiles/NSE2025_VALVE.dir/Core/Src/main.c.obj
 .debug_macro   0x00001086       0x6a CMakeFiles/NSE2025_VALVE.dir/Core/Src/main.c.obj
 .debug_macro   0x000010f0      0x1df CMakeFiles/NSE2025_VALVE.dir/Core/Src/main.c.obj
 .debug_macro   0x000012cf       0x1c CMakeFiles/NSE2025_VALVE.dir/Core/Src/main.c.obj
 .debug_macro   0x000012eb       0x22 CMakeFiles/NSE2025_VALVE.dir/Core/Src/main.c.obj
 .debug_macro   0x0000130d       0xd9 CMakeFiles/NSE2025_VALVE.dir/Core/Src/main.c.obj
 .debug_macro   0x000013e6      0xf07 CMakeFiles/NSE2025_VALVE.dir/Core/Src/main.c.obj
 .debug_macro   0x000022ed    0x10be0 CMakeFiles/NSE2025_VALVE.dir/Core/Src/main.c.obj
 .debug_macro   0x00012ecd       0x6d CMakeFiles/NSE2025_VALVE.dir/Core/Src/main.c.obj
 .debug_macro   0x00012f3a     0x3574 CMakeFiles/NSE2025_VALVE.dir/Core/Src/main.c.obj
 .debug_macro   0x000164ae      0x190 CMakeFiles/NSE2025_VALVE.dir/Core/Src/main.c.obj
 .debug_macro   0x0001663e       0x55 CMakeFiles/NSE2025_VALVE.dir/Core/Src/main.c.obj
 .debug_macro   0x00016693      0x8f8 CMakeFiles/NSE2025_VALVE.dir/Core/Src/main.c.obj
 .debug_macro   0x00016f8b      0x304 CMakeFiles/NSE2025_VALVE.dir/Core/Src/main.c.obj
 .debug_macro   0x0001728f      0x1b6 CMakeFiles/NSE2025_VALVE.dir/Core/Src/main.c.obj
 .debug_macro   0x00017445      0x11b CMakeFiles/NSE2025_VALVE.dir/Core/Src/main.c.obj
 .debug_macro   0x00017560      0x1d5 CMakeFiles/NSE2025_VALVE.dir/Core/Src/main.c.obj
 .debug_macro   0x00017735      0x1bc CMakeFiles/NSE2025_VALVE.dir/Core/Src/main.c.obj
 .debug_macro   0x000178f1       0x34 CMakeFiles/NSE2025_VALVE.dir/Core/Src/main.c.obj
 .debug_macro   0x00017925       0x3c CMakeFiles/NSE2025_VALVE.dir/Core/Src/main.c.obj
 .debug_macro   0x00017961       0x57 CMakeFiles/NSE2025_VALVE.dir/Core/Src/main.c.obj
 .debug_macro   0x000179b8       0xc5 CMakeFiles/NSE2025_VALVE.dir/Core/Src/main.c.obj
 .debug_macro   0x00017a7d      0x19f CMakeFiles/NSE2025_VALVE.dir/Core/Src/main.c.obj
 .debug_macro   0x00017c1c      0x22c CMakeFiles/NSE2025_VALVE.dir/Core/Src/main.c.obj
 .debug_macro   0x00017e48       0x5b CMakeFiles/NSE2025_VALVE.dir/Core/Src/main.c.obj
 .debug_macro   0x00017ea3       0xa5 CMakeFiles/NSE2025_VALVE.dir/Core/Src/main.c.obj
 .debug_macro   0x00017f48       0x81 CMakeFiles/NSE2025_VALVE.dir/Core/Src/main.c.obj
 .debug_macro   0x00017fc9       0xd3 CMakeFiles/NSE2025_VALVE.dir/Core/Src/main.c.obj
 .debug_macro   0x0001809c      0xa60 CMakeFiles/NSE2025_VALVE.dir/Core/Src/main.c.obj
 .debug_macro   0x00018afc       0x59 CMakeFiles/NSE2025_VALVE.dir/Core/Src/main.c.obj
 .debug_macro   0x00018b55      0x5ba CMakeFiles/NSE2025_VALVE.dir/Core/Src/main.c.obj
 .debug_macro   0x0001910f       0x44 CMakeFiles/NSE2025_VALVE.dir/Core/Src/main.c.obj
 .debug_macro   0x00019153      0x285 CMakeFiles/NSE2025_VALVE.dir/Core/Src/main.c.obj
 .debug_macro   0x000193d8       0x40 CMakeFiles/NSE2025_VALVE.dir/Core/Src/main.c.obj
 .debug_macro   0x00019418      0x1de CMakeFiles/NSE2025_VALVE.dir/Core/Src/gpio.c.obj
 .debug_macro   0x000195f6      0x1de CMakeFiles/NSE2025_VALVE.dir/Core/Src/tim.c.obj
 .debug_macro   0x000197d4      0x1de CMakeFiles/NSE2025_VALVE.dir/Core/Src/usart.c.obj
 .debug_macro   0x000199b2      0x1de CMakeFiles/NSE2025_VALVE.dir/Core/Src/stm32f3xx_it.c.obj
 .debug_macro   0x00019b90      0x1d4 CMakeFiles/NSE2025_VALVE.dir/Core/Src/stm32f3xx_hal_msp.c.obj
 .debug_macro   0x00019d64      0x1c5 cmake/stm32cubemx/CMakeFiles/STM32_Drivers.dir/__/__/Core/Src/system_stm32f3xx.c.obj
 .debug_macro   0x00019f29      0x1c6 cmake/stm32cubemx/CMakeFiles/STM32_Drivers.dir/__/__/Drivers/STM32F3xx_HAL_Driver/Src/stm32f3xx_hal_tim.c.obj
 .debug_macro   0x0001a0ef      0x1c5 cmake/stm32cubemx/CMakeFiles/STM32_Drivers.dir/__/__/Drivers/STM32F3xx_HAL_Driver/Src/stm32f3xx_hal_tim_ex.c.obj
 .debug_macro   0x0001a2b4      0x1e9 cmake/stm32cubemx/CMakeFiles/STM32_Drivers.dir/__/__/Drivers/STM32F3xx_HAL_Driver/Src/stm32f3xx_hal.c.obj
 .debug_macro   0x0001a49d      0x1e9 cmake/stm32cubemx/CMakeFiles/STM32_Drivers.dir/__/__/Drivers/STM32F3xx_HAL_Driver/Src/stm32f3xx_hal_rcc.c.obj
 .debug_macro   0x0001a686      0x1cc cmake/stm32cubemx/CMakeFiles/STM32_Drivers.dir/__/__/Drivers/STM32F3xx_HAL_Driver/Src/stm32f3xx_hal_gpio.c.obj
 .debug_macro   0x0001a852      0x1c5 cmake/stm32cubemx/CMakeFiles/STM32_Drivers.dir/__/__/Drivers/STM32F3xx_HAL_Driver/Src/stm32f3xx_hal_cortex.c.obj
 .debug_macro   0x0001aa17      0x1e2 cmake/stm32cubemx/CMakeFiles/STM32_Drivers.dir/__/__/Drivers/STM32F3xx_HAL_Driver/Src/stm32f3xx_hal_uart.c.obj

.debug_line     0x00000000     0xe784
 .debug_line    0x00000000      0x745 CMakeFiles/NSE2025_VALVE.dir/Core/Src/main.c.obj
 .debug_line    0x00000745      0x6bc CMakeFiles/NSE2025_VALVE.dir/Core/Src/gpio.c.obj
 .debug_line    0x00000e01      0x76f CMakeFiles/NSE2025_VALVE.dir/Core/Src/tim.c.obj
 .debug_line    0x00001570      0x733 CMakeFiles/NSE2025_VALVE.dir/Core/Src/usart.c.obj
 .debug_line    0x00001ca3      0x76e CMakeFiles/NSE2025_VALVE.dir/Core/Src/stm32f3xx_it.c.obj
 .debug_line    0x00002411      0x6bf CMakeFiles/NSE2025_VALVE.dir/Core/Src/stm32f3xx_hal_msp.c.obj
 .debug_line    0x00002ad0       0x7a CMakeFiles/NSE2025_VALVE.dir/startup_stm32f303x8.s.obj
 .debug_line    0x00002b4a      0x739 cmake/stm32cubemx/CMakeFiles/STM32_Drivers.dir/__/__/Core/Src/system_stm32f3xx.c.obj
 .debug_line    0x00003283     0x3c40 cmake/stm32cubemx/CMakeFiles/STM32_Drivers.dir/__/__/Drivers/STM32F3xx_HAL_Driver/Src/stm32f3xx_hal_tim.c.obj
 .debug_line    0x00006ec3     0x1934 cmake/stm32cubemx/CMakeFiles/STM32_Drivers.dir/__/__/Drivers/STM32F3xx_HAL_Driver/Src/stm32f3xx_hal_tim_ex.c.obj
 .debug_line    0x000087f7      0x975 cmake/stm32cubemx/CMakeFiles/STM32_Drivers.dir/__/__/Drivers/STM32F3xx_HAL_Driver/Src/stm32f3xx_hal.c.obj
 .debug_line    0x0000916c     0x14d4 cmake/stm32cubemx/CMakeFiles/STM32_Drivers.dir/__/__/Drivers/STM32F3xx_HAL_Driver/Src/stm32f3xx_hal_rcc.c.obj
 .debug_line    0x0000a640      0xaac cmake/stm32cubemx/CMakeFiles/STM32_Drivers.dir/__/__/Drivers/STM32F3xx_HAL_Driver/Src/stm32f3xx_hal_gpio.c.obj
 .debug_line    0x0000b0ec      0xb39 cmake/stm32cubemx/CMakeFiles/STM32_Drivers.dir/__/__/Drivers/STM32F3xx_HAL_Driver/Src/stm32f3xx_hal_cortex.c.obj
 .debug_line    0x0000bc25     0x2b5f cmake/stm32cubemx/CMakeFiles/STM32_Drivers.dir/__/__/Drivers/STM32F3xx_HAL_Driver/Src/stm32f3xx_hal_uart.c.obj

.debug_str      0x00000000    0xa0f9d
 .debug_str     0x00000000    0xa0f9d CMakeFiles/NSE2025_VALVE.dir/Core/Src/main.c.obj
                              0x9d9f0 (size before relaxing)
 .debug_str     0x000a0f9d    0x9d866 CMakeFiles/NSE2025_VALVE.dir/Core/Src/gpio.c.obj
 .debug_str     0x000a0f9d    0x9dfad CMakeFiles/NSE2025_VALVE.dir/Core/Src/tim.c.obj
 .debug_str     0x000a0f9d    0x9ddb9 CMakeFiles/NSE2025_VALVE.dir/Core/Src/usart.c.obj
 .debug_str     0x000a0f9d    0x9d895 CMakeFiles/NSE2025_VALVE.dir/Core/Src/stm32f3xx_it.c.obj
 .debug_str     0x000a0f9d    0x9d866 CMakeFiles/NSE2025_VALVE.dir/Core/Src/stm32f3xx_hal_msp.c.obj
 .debug_str     0x000a0f9d       0xbe CMakeFiles/NSE2025_VALVE.dir/startup_stm32f303x8.s.obj
 .debug_str     0x000a0f9d    0x9d85c cmake/stm32cubemx/CMakeFiles/STM32_Drivers.dir/__/__/Core/Src/system_stm32f3xx.c.obj
 .debug_str     0x000a0f9d    0x9ecae cmake/stm32cubemx/CMakeFiles/STM32_Drivers.dir/__/__/Drivers/STM32F3xx_HAL_Driver/Src/stm32f3xx_hal_tim.c.obj
 .debug_str     0x000a0f9d    0x9e4d9 cmake/stm32cubemx/CMakeFiles/STM32_Drivers.dir/__/__/Drivers/STM32F3xx_HAL_Driver/Src/stm32f3xx_hal_tim_ex.c.obj
 .debug_str     0x000a0f9d    0x9df4c cmake/stm32cubemx/CMakeFiles/STM32_Drivers.dir/__/__/Drivers/STM32F3xx_HAL_Driver/Src/stm32f3xx_hal.c.obj
 .debug_str     0x000a0f9d    0x9dcfc cmake/stm32cubemx/CMakeFiles/STM32_Drivers.dir/__/__/Drivers/STM32F3xx_HAL_Driver/Src/stm32f3xx_hal_rcc.c.obj
 .debug_str     0x000a0f9d    0x9da3b cmake/stm32cubemx/CMakeFiles/STM32_Drivers.dir/__/__/Drivers/STM32F3xx_HAL_Driver/Src/stm32f3xx_hal_gpio.c.obj
 .debug_str     0x000a0f9d    0x9de71 cmake/stm32cubemx/CMakeFiles/STM32_Drivers.dir/__/__/Drivers/STM32F3xx_HAL_Driver/Src/stm32f3xx_hal_cortex.c.obj
 .debug_str     0x000a0f9d    0x9e57f cmake/stm32cubemx/CMakeFiles/STM32_Drivers.dir/__/__/Drivers/STM32F3xx_HAL_Driver/Src/stm32f3xx_hal_uart.c.obj

.debug_line_str
                0x00000000       0xa2
 .debug_line_str
                0x00000000       0xa2 CMakeFiles/NSE2025_VALVE.dir/startup_stm32f303x8.s.obj
