Archive member included to satisfy reference by file (symbol)

/opt/ST/STM32CubeCLT_1.18.0/GNU-tools-for-STM32/bin/../lib/gcc/arm-none-eabi/13.3.1/../../../../arm-none-eabi/lib/thumb/v7e-m+fp/hard/libc_nano.a(libc_a-exit.o)
                              /opt/ST/STM32CubeCLT_1.18.0/GNU-tools-for-STM32/bin/../lib/gcc/arm-none-eabi/13.3.1/../../../../arm-none-eabi/lib/thumb/v7e-m+fp/hard/crt0.o (exit)
/opt/ST/STM32CubeCLT_1.18.0/GNU-tools-for-STM32/bin/../lib/gcc/arm-none-eabi/13.3.1/../../../../arm-none-eabi/lib/thumb/v7e-m+fp/hard/libc_nano.a(libc_a-findfp.o)
                              /opt/ST/STM32CubeCLT_1.18.0/GNU-tools-for-STM32/bin/../lib/gcc/arm-none-eabi/13.3.1/../../../../arm-none-eabi/lib/thumb/v7e-m+fp/hard/libc_nano.a(libc_a-exit.o) (__stdio_exit_handler)
/opt/ST/STM32CubeCLT_1.18.0/GNU-tools-for-STM32/bin/../lib/gcc/arm-none-eabi/13.3.1/../../../../arm-none-eabi/lib/thumb/v7e-m+fp/hard/libc_nano.a(libc_a-fwalk.o)
                              /opt/ST/STM32CubeCLT_1.18.0/GNU-tools-for-STM32/bin/../lib/gcc/arm-none-eabi/13.3.1/../../../../arm-none-eabi/lib/thumb/v7e-m+fp/hard/libc_nano.a(libc_a-findfp.o) (_fwalk_sglue)
/opt/ST/STM32CubeCLT_1.18.0/GNU-tools-for-STM32/bin/../lib/gcc/arm-none-eabi/13.3.1/../../../../arm-none-eabi/lib/thumb/v7e-m+fp/hard/libc_nano.a(libc_a-memset.o)
                              /opt/ST/STM32CubeCLT_1.18.0/GNU-tools-for-STM32/bin/../lib/gcc/arm-none-eabi/13.3.1/../../../../arm-none-eabi/lib/thumb/v7e-m+fp/hard/crt0.o (memset)
/opt/ST/STM32CubeCLT_1.18.0/GNU-tools-for-STM32/bin/../lib/gcc/arm-none-eabi/13.3.1/../../../../arm-none-eabi/lib/thumb/v7e-m+fp/hard/libc_nano.a(libc_a-init.o)
                              /opt/ST/STM32CubeCLT_1.18.0/GNU-tools-for-STM32/bin/../lib/gcc/arm-none-eabi/13.3.1/../../../../arm-none-eabi/lib/thumb/v7e-m+fp/hard/crt0.o (__libc_init_array)
/opt/ST/STM32CubeCLT_1.18.0/GNU-tools-for-STM32/bin/../lib/gcc/arm-none-eabi/13.3.1/../../../../arm-none-eabi/lib/thumb/v7e-m+fp/hard/libc_nano.a(libc_a-lock.o)
                              /opt/ST/STM32CubeCLT_1.18.0/GNU-tools-for-STM32/bin/../lib/gcc/arm-none-eabi/13.3.1/../../../../arm-none-eabi/lib/thumb/v7e-m+fp/hard/libc_nano.a(libc_a-findfp.o) (__retarget_lock_init_recursive)
/opt/ST/STM32CubeCLT_1.18.0/GNU-tools-for-STM32/bin/../lib/gcc/arm-none-eabi/13.3.1/../../../../arm-none-eabi/lib/thumb/v7e-m+fp/hard/libc_nano.a(libc_a-impure.o)
                              /opt/ST/STM32CubeCLT_1.18.0/GNU-tools-for-STM32/bin/../lib/gcc/arm-none-eabi/13.3.1/../../../../arm-none-eabi/lib/thumb/v7e-m+fp/hard/libc_nano.a(libc_a-findfp.o) (_impure_data)
/opt/ST/STM32CubeCLT_1.18.0/GNU-tools-for-STM32/bin/../lib/gcc/arm-none-eabi/13.3.1/../../../../arm-none-eabi/lib/thumb/v7e-m+fp/hard/libc_nano.a(libc_a-mallocr.o)
                              /opt/ST/STM32CubeCLT_1.18.0/GNU-tools-for-STM32/bin/../lib/gcc/arm-none-eabi/13.3.1/../../../../arm-none-eabi/lib/thumb/v7e-m+fp/hard/libc_nano.a(libc_a-findfp.o) (_malloc_r)
/opt/ST/STM32CubeCLT_1.18.0/GNU-tools-for-STM32/bin/../lib/gcc/arm-none-eabi/13.3.1/../../../../arm-none-eabi/lib/thumb/v7e-m+fp/hard/libc_nano.a(libc_a-fflush.o)
                              /opt/ST/STM32CubeCLT_1.18.0/GNU-tools-for-STM32/bin/../lib/gcc/arm-none-eabi/13.3.1/../../../../arm-none-eabi/lib/thumb/v7e-m+fp/hard/libc_nano.a(libc_a-findfp.o) (_fflush_r)
/opt/ST/STM32CubeCLT_1.18.0/GNU-tools-for-STM32/bin/../lib/gcc/arm-none-eabi/13.3.1/../../../../arm-none-eabi/lib/thumb/v7e-m+fp/hard/libc_nano.a(libc_a-mlock.o)
                              /opt/ST/STM32CubeCLT_1.18.0/GNU-tools-for-STM32/bin/../lib/gcc/arm-none-eabi/13.3.1/../../../../arm-none-eabi/lib/thumb/v7e-m+fp/hard/libc_nano.a(libc_a-mallocr.o) (__malloc_lock)
/opt/ST/STM32CubeCLT_1.18.0/GNU-tools-for-STM32/bin/../lib/gcc/arm-none-eabi/13.3.1/../../../../arm-none-eabi/lib/thumb/v7e-m+fp/hard/libc_nano.a(libc_a-stdio.o)
                              /opt/ST/STM32CubeCLT_1.18.0/GNU-tools-for-STM32/bin/../lib/gcc/arm-none-eabi/13.3.1/../../../../arm-none-eabi/lib/thumb/v7e-m+fp/hard/libc_nano.a(libc_a-findfp.o) (__sread)
/opt/ST/STM32CubeCLT_1.18.0/GNU-tools-for-STM32/bin/../lib/gcc/arm-none-eabi/13.3.1/../../../../arm-none-eabi/lib/thumb/v7e-m+fp/hard/libc_nano.a(libc_a-lseekr.o)
                              /opt/ST/STM32CubeCLT_1.18.0/GNU-tools-for-STM32/bin/../lib/gcc/arm-none-eabi/13.3.1/../../../../arm-none-eabi/lib/thumb/v7e-m+fp/hard/libc_nano.a(libc_a-stdio.o) (_lseek_r)
/opt/ST/STM32CubeCLT_1.18.0/GNU-tools-for-STM32/bin/../lib/gcc/arm-none-eabi/13.3.1/../../../../arm-none-eabi/lib/thumb/v7e-m+fp/hard/libc_nano.a(libc_a-readr.o)
                              /opt/ST/STM32CubeCLT_1.18.0/GNU-tools-for-STM32/bin/../lib/gcc/arm-none-eabi/13.3.1/../../../../arm-none-eabi/lib/thumb/v7e-m+fp/hard/libc_nano.a(libc_a-stdio.o) (_read_r)
/opt/ST/STM32CubeCLT_1.18.0/GNU-tools-for-STM32/bin/../lib/gcc/arm-none-eabi/13.3.1/../../../../arm-none-eabi/lib/thumb/v7e-m+fp/hard/libc_nano.a(libc_a-sbrkr.o)
[...]
Memory Configuration

Name             Origin             Length             Attributes
RAM              0x20000000         0x00003000         xrw
CCMRAM           0x10000000         0x00001000         xrw
FLASH            0x08000000         0x00010000         xr
*default*        0x00000000         0xffffffff

Linker script and memory map

LOAD /opt/ST/STM32CubeCLT_1.18.0/GNU-tools-for-STM32/bin/../lib/gcc/arm-none-eabi/13.3.1/thumb/v7e-m+fp/hard/crti.o
LOAD /opt/ST/STM32CubeCLT_1.18.0/GNU-tools-for-STM32/bin/../lib/gcc/arm-none-eabi/13.3.1/thumb/v7e-m+fp/hard/crtbegin.o
LOAD /opt/ST/STM32CubeCLT_1.18.0/GNU-tools-for-STM32/bin/../lib/gcc/arm-none-eabi/13.3.1/../../../../arm-none-eabi/lib/thumb/v7e-m+fp/hard/crt0.o
START GROUP
LOAD /opt/ST/STM32CubeCLT_1.18.0/GNU-tools-for-STM32/bin/../lib/gcc/arm-none-eabi/13.3.1/../../../../arm-none-eabi/lib/thumb/v7e-m+fp/hard/libc_nano.a
LOAD /opt/ST/STM32CubeCLT_1.18.0/GNU-tools-for-STM32/bin/../lib/gcc/arm-none-eabi/13.3.1/../../../../arm-none-eabi/lib/thumb/v7e-m+fp/hard/libm.a
END GROUP
LOAD CMakeFiles/NSE2025_VALVE.dir/Core/Src/main.c.obj
LOAD CMakeFiles/NSE2025_VALVE.dir/Core/Src/gpio.c.obj
LOAD CMakeFiles/NSE2025_VALVE.dir/Core/Src/usart.c.obj
LOAD CMakeFiles/NSE2025_VALVE.dir/Core/Src/stm32f3xx_it.c.obj
LOAD CMakeFiles/NSE2025_VALVE.dir/Core/Src/stm32f3xx_hal_msp.c.obj
LOAD CMakeFiles/NSE2025_VALVE.dir/Core/Src/sysmem.c.obj
LOAD CMakeFiles/NSE2025_VALVE.dir/Core/Src/syscalls.c.obj
LOAD CMakeFiles/NSE2025_VALVE.dir/startup_stm32f303x8.s.obj
LOAD cmake/stm32cubemx/CMakeFiles/STM32_Drivers.dir/__/__/Core/Src/system_stm32f3xx.c.obj
LOAD cmake/stm32cubemx/CMakeFiles/STM32_Drivers.dir/__/__/Drivers/STM32F3xx_HAL_Driver/Src/stm32f3xx_hal_uart.c.obj
LOAD cmake/stm32cubemx/CMakeFiles/STM32_Drivers.dir/__/__/Drivers/STM32F3xx_HAL_Driver/Src/stm32f3xx_hal_uart_ex.c.obj
LOAD cmake/stm32cubemx/CMakeFiles/STM32_Drivers.dir/__/__/Drivers/STM32F3xx_HAL_Driver/Src/stm32f3xx_hal.c.obj
LOAD cmake/stm32cubemx/CMakeFiles/STM32_Drivers.dir/__/__/Drivers/STM32F3xx_HAL_Driver/Src/stm32f3xx_hal_rcc.c.obj
LOAD cmake/stm32cubemx/CMakeFiles/STM32_Drivers.dir/__/__/Drivers/STM32F3xx_HAL_Driver/Src/stm32f3xx_hal_rcc_ex.c.obj
LOAD cmake/stm32cubemx/CMakeFiles/STM32_Drivers.dir/__/__/Drivers/STM32F3xx_HAL_Driver/Src/stm32f3xx_hal_gpio.c.obj
LOAD cmake/stm32cubemx/CMakeFiles/STM32_Drivers.dir/__/__/Drivers/STM32F3xx_HAL_Driver/Src/stm32f3xx_hal_dma.c.obj
LOAD cmake/stm32cubemx/CMakeFiles/STM32_Drivers.dir/__/__/Drivers/STM32F3xx_HAL_Driver/Src/stm32f3xx_hal_cortex.c.obj
LOAD cmake/stm32cubemx/CMakeFiles/STM32_Drivers.dir/__/__/Drivers/STM32F3xx_HAL_Driver/Src/stm32f3xx_hal_pwr.c.obj
LOAD cmake/stm32cubemx/CMakeFiles/STM32_Drivers.dir/__/__/Drivers/STM32F3xx_HAL_Driver/Src/stm32f3xx_hal_pwr_ex.c.obj
LOAD cmake/stm32cubemx/CMakeFiles/STM32_Drivers.dir/__/__/Drivers/STM32F3xx_HAL_Driver/Src/stm32f3xx_hal_flash.c.obj
LOAD cmake/stm32cubemx/CMakeFiles/STM32_Drivers.dir/__/__/Drivers/STM32F3xx_HAL_Driver/Src/stm32f3xx_hal_flash_ex.c.obj
LOAD cmake/stm32cubemx/CMakeFiles/STM32_Drivers.dir/__/__/Drivers/STM32F3xx_HAL_Driver/Src/stm32f3xx_hal_i2c.c.obj
LOAD cmake/stm32cubemx/CMakeFiles/STM32_Drivers.dir/__/__/Drivers/STM32F3xx_HAL_Driver/Src/stm32f3xx_hal_i2c_ex.c.obj
LOAD cmake/stm32cubemx/CMakeFiles/STM32_Drivers.dir/__/__/Drivers/STM32F3xx_HAL_Driver/Src/stm32f3xx_hal_exti.c.obj
START GROUP
LOAD /opt/ST/STM32CubeCLT_1.18.0/GNU-tools-for-STM32/bin/../lib/gcc/arm-none-eabi/13.3.1/thumb/v7e-m+fp/hard/libgcc.a
LOAD /opt/ST/STM32CubeCLT_1.18.0/GNU-tools-for-STM32/bin/../lib/gcc/arm-none-eabi/13.3.1/../../../../arm-none-eabi/lib/thumb/v7e-m+fp/hard/libg_nano.a
LOAD /opt/ST/STM32CubeCLT_1.18.0/GNU-tools-for-STM32/bin/../lib/gcc/arm-none-eabi/13.3.1/../../../../arm-none-eabi/lib/thumb/v7e-m+fp/hard/libc_nano.a
END GROUP
START GROUP
LOAD /opt/ST/STM32CubeCLT_1.18.0/GNU-tools-for-STM32/bin/../lib/gcc/arm-none-eabi/13.3.1/thumb/v7e-m+fp/hard/libgcc.a
LOAD /opt/ST/STM32CubeCLT_1.18.0/GNU-tools-for-STM32/bin/../lib/gcc/arm-none-eabi/13.3.1/../../../../arm-none-eabi/lib/thumb/v7e-m+fp/hard/libc_nano.a
END GROUP
LOAD /opt/ST/STM32CubeCLT_1.18.0/GNU-tools-for-STM32/bin/../lib/gcc/arm-none-eabi/13.3.1/thumb/v7e-m+fp/hard/crtend.o
LOAD /opt/ST/STM32CubeCLT_1.18.0/GNU-tools-for-STM32/bin/../lib/gcc/arm-none-eabi/13.3.1/thumb/v7e-m+fp/hard/crtn.o
                0x20003000                        _estack = (ORIGIN (RAM) + LENGTH (RAM))
                0x00000200                        _Min_Heap_Size = 0x200
                0x00000400                        _Min_Stack_Size = 0x400

.isr_vector     0x08000000      0x188
                0x08000000                        . = ALIGN (0x4)
 *(.isr_vector)
 .isr_vector    0x08000000      0x188 CMakeFiles/NSE2025_VALVE.dir/startup_stm32f303x8.s.obj
                0x08000000                g_pfnVectors
                0x08000188                        . = ALIGN (0x4)

.text           0x08000188     0x2498
                0x08000188                        . = ALIGN (0x4)
 *(.text)
 .text          0x08000188       0x40 /opt/ST/STM32CubeCLT_1.18.0/GNU-tools-for-STM32/bin/../lib/gcc/arm-none-eabi/13.3.1/thumb/v7e-m+fp/hard/crtbegin.o
 *(.text*)
 .text.memset   0x080001c8       0x10 /opt/ST/STM32CubeCLT_1.18.0/GNU-tools-for-STM32/bin/../lib/gcc/arm-none-eabi/13.3.1/../../../../arm-none-eabi/lib/thumb/v7e-m+fp/hard/libc_nano.a(libc_a-memset.o)
                0x080001c8                memset
 .text.__libc_init_array
                0x080001d8       0x48 /opt/ST/STM32CubeCLT_1.18.0/GNU-tools-for-STM32/bin/../lib/gcc/arm-none-eabi/13.3.1/../../../../arm-none-eabi/lib/thumb/v7e-m+fp/hard/libc_nano.a(libc_a-init.o)
                0x080001d8                __libc_init_array
 .text.main     0x08000220       0x18 CMakeFiles/NSE2025_VALVE.dir/Core/Src/main.c.obj
                0x08000220                main
 .text.SystemClock_Config
                0x08000238       0x76 CMakeFiles/NSE2025_VALVE.dir/Core/Src/main.c.obj
                0x08000238                SystemClock_Config
 .text.Error_Handler
                0x080002ae        0xc CMakeFiles/NSE2025_VALVE.dir/Core/Src/main.c.obj
                0x080002ae                Error_Handler
 *fill*         0x080002ba        0x2 
 .text.MX_GPIO_Init
                0x080002bc       0x48 CMakeFiles/NSE2025_VALVE.dir/Core/Src/gpio.c.obj
                0x080002bc                MX_GPIO_Init
 .text.MX_USART2_UART_Init
                0x08000304       0x60 CMakeFiles/NSE2025_VALVE.dir/Core/Src/usart.c.obj
                0x08000304                MX_USART2_UART_Init
 .text.HAL_UART_MspInit
                0x08000364       0x88 CMakeFiles/NSE2025_VALVE.dir/Core/Src/usart.c.obj
                0x08000364                HAL_UART_MspInit
 .text.NMI_Handler
                0x080003ec        0x8 CMakeFiles/NSE2025_VALVE.dir/Core/Src/stm32f3xx_it.c.obj
                0x080003ec                NMI_Handler
 .text.HardFault_Handler
                0x080003f4        0x8 CMakeFiles/NSE2025_VALVE.dir/Core/Src/stm32f3xx_it.c.obj
                0x080003f4                HardFault_Handler
 .text.MemManage_Handler
                0x080003fc        0x8 CMakeFiles/NSE2025_VALVE.dir/Core/Src/stm32f3xx_it.c.obj
                0x080003fc                MemManage_Handler
 .text.BusFault_Handler
                0x08000404        0x8 CMakeFiles/NSE2025_VALVE.dir/Core/Src/stm32f3xx_it.c.obj
                0x08000404                BusFault_Handler
 .text.UsageFault_Handler
                0x0800040c        0x8 CMakeFiles/NSE2025_VALVE.dir/Core/Src/stm32f3xx_it.c.obj
                0x0800040c                UsageFault_Handler
 .text.SVC_Handler
                0x08000414        0xe CMakeFiles/NSE2025_VALVE.dir/Core/Src/stm32f3xx_it.c.obj
                0x08000414                SVC_Handler
 .text.DebugMon_Handler
                0x08000422        0xe CMakeFiles/NSE2025_VALVE.dir/Core/Src/stm32f3xx_it.c.obj
                0x08000422                DebugMon_Handler
 .text.PendSV_Handler
                0x08000430        0xe CMakeFiles/NSE2025_VALVE.dir/Core/Src/stm32f3xx_it.c.obj
                0x08000430                PendSV_Handler
 .text.SysTick_Handler
                0x0800043e        0xc CMakeFiles/NSE2025_VALVE.dir/Core/Src/stm32f3xx_it.c.obj
                0x0800043e                SysTick_Handler
 *fill*         0x0800044a        0x2 
 .text.HAL_MspInit
                0x0800044c       0x48 CMakeFiles/NSE2025_VALVE.dir/Core/Src/stm32f3xx_hal_msp.c.obj
                0x0800044c                HAL_MspInit
 .text.Reset_Handler
                0x08000494       0x50 CMakeFiles/NSE2025_VALVE.dir/startup_stm32f303x8.s.obj
                0x08000494                Reset_Handler
 .text.Default_Handler
                0x080004e4        0x2 CMakeFiles/NSE2025_VALVE.dir/startup_stm32f303x8.s.obj
                0x080004e4                TIM1_BRK_TIM15_IRQHandler
                0x080004e4                TIM1_CC_IRQHandler
                0x080004e4                PVD_IRQHandler
                0x080004e4                TAMP_STAMP_IRQHandler
                0x080004e4                EXTI3_IRQHandler
                0x080004e4                EXTI0_IRQHandler
                0x080004e4                FPU_IRQHandler
                0x080004e4                CAN_TX_IRQHandler
                0x080004e4                TIM1_UP_TIM16_IRQHandler
                0x080004e4                ADC1_2_IRQHandler
                0x080004e4                SPI1_IRQHandler
                0x080004e4                CAN_SCE_IRQHandler
                0x080004e4                DMA1_Channel4_IRQHandler
                0x080004e4                USART3_IRQHandler
                0x080004e4                DMA1_Channel7_IRQHandler
                0x080004e4                TIM7_DAC2_IRQHandler
                0x080004e4                CAN_RX1_IRQHandler
                0x080004e4                I2C1_EV_IRQHandler
                0x080004e4                DMA1_Channel6_IRQHandler
                0x080004e4                TIM3_IRQHandler
                0x080004e4                RCC_IRQHandler
                0x080004e4                DMA1_Channel1_IRQHandler
                0x080004e4                Default_Handler
                0x080004e4                EXTI15_10_IRQHandler
                0x080004e4                COMP2_IRQHandler
                0x080004e4                TIM6_DAC1_IRQHandler
                0x080004e4                EXTI9_5_IRQHandler
                0x080004e4                RTC_WKUP_IRQHandler
                0x080004e4                DMA1_Channel5_IRQHandler
                0x080004e4                EXTI4_IRQHandler
                0x080004e4                TIM1_TRG_COM_TIM17_IRQHandler
                0x080004e4                DMA1_Channel3_IRQHandler
                0x080004e4                WWDG_IRQHandler
                0x080004e4                TIM2_IRQHandler
                0x080004e4                EXTI1_IRQHandler
                0x080004e4                COMP4_6_IRQHandler
                0x080004e4                USART2_IRQHandler
                0x080004e4                DMA1_Channel2_IRQHandler
                0x080004e4                FLASH_IRQHandler
                0x080004e4                USART1_IRQHandler
                0x080004e4                CAN_RX0_IRQHandler
                0x080004e4                I2C1_ER_IRQHandler
                0x080004e4                EXTI2_TSC_IRQHandler
                0x080004e4                RTC_Alarm_IRQHandler
 *fill*         0x080004e6        0x2 
 .text.SystemInit
                0x080004e8       0x24 cmake/stm32cubemx/CMakeFiles/STM32_Drivers.dir/__/__/Core/Src/system_stm32f3xx.c.obj
                0x080004e8                SystemInit
 .text.HAL_UART_Init
                0x0800050c       0x9c cmake/stm32cubemx/CMakeFiles/STM32_Drivers.dir/__/__/Drivers/STM32F3xx_HAL_Driver/Src/stm32f3xx_hal_uart.c.obj
                0x0800050c                HAL_UART_Init
 .text.UART_SetConfig
                0x080005a8      0x26c cmake/stm32cubemx/CMakeFiles/STM32_Drivers.dir/__/__/Drivers/STM32F3xx_HAL_Driver/Src/stm32f3xx_hal_uart.c.obj
                0x080005a8                UART_SetConfig
 .text.UART_AdvFeatureConfig
                0x08000814      0x144 cmake/stm32cubemx/CMakeFiles/STM32_Drivers.dir/__/__/Drivers/STM32F3xx_HAL_Driver/Src/stm32f3xx_hal_uart.c.obj
                0x08000814                UART_AdvFeatureConfig
 .text.UART_CheckIdleState
                0x08000958      0x150 cmake/stm32cubemx/CMakeFiles/STM32_Drivers.dir/__/__/Drivers/STM32F3xx_HAL_Driver/Src/stm32f3xx_hal_uart.c.obj
                0x08000958                UART_CheckIdleState
 .text.UART_WaitOnFlagUntilTimeout
                0x08000aa8       0xda cmake/stm32cubemx/CMakeFiles/STM32_Drivers.dir/__/__/Drivers/STM32F3xx_HAL_Driver/Src/stm32f3xx_hal_uart.c.obj
                0x08000aa8                UART_WaitOnFlagUntilTimeout
 .text.UART_EndRxTransfer
                0x08000b82       0xc8 cmake/stm32cubemx/CMakeFiles/STM32_Drivers.dir/__/__/Drivers/STM32F3xx_HAL_Driver/Src/stm32f3xx_hal_uart.c.obj
 *fill*         0x08000c4a        0x2 
 .text.HAL_Init
                0x08000c4c       0x2c cmake/stm32cubemx/CMakeFiles/STM32_Drivers.dir/__/__/Drivers/STM32F3xx_HAL_Driver/Src/stm32f3xx_hal.c.obj
                0x08000c4c                HAL_Init
 .text.HAL_InitTick
                0x08000c78       0x60 cmake/stm32cubemx/CMakeFiles/STM32_Drivers.dir/__/__/Drivers/STM32F3xx_HAL_Driver/Src/stm32f3xx_hal.c.obj
                0x08000c78                HAL_InitTick
 .text.HAL_IncTick
                0x08000cd8       0x28 cmake/stm32cubemx/CMakeFiles/STM32_Drivers.dir/__/__/Drivers/STM32F3xx_HAL_Driver/Src/stm32f3xx_hal.c.obj
                0x08000cd8                HAL_IncTick
 .text.HAL_GetTick
                0x08000d00       0x18 cmake/stm32cubemx/CMakeFiles/STM32_Drivers.dir/__/__/Drivers/STM32F3xx_HAL_Driver/Src/stm32f3xx_hal.c.obj
                0x08000d00                HAL_GetTick
 .text.HAL_RCC_OscConfig
                0x08000d18     0x101c cmake/stm32cubemx/CMakeFiles/STM32_Drivers.dir/__/__/Drivers/STM32F3xx_HAL_Driver/Src/stm32f3xx_hal_rcc.c.obj
                0x08000d18                HAL_RCC_OscConfig
 .text.HAL_RCC_ClockConfig
                0x08001d34      0x2dc cmake/stm32cubemx/CMakeFiles/STM32_Drivers.dir/__/__/Drivers/STM32F3xx_HAL_Driver/Src/stm32f3xx_hal_rcc.c.obj
                0x08001d34                HAL_RCC_ClockConfig
 .text.HAL_RCC_GetSysClockFreq
                0x08002010       0xa8 cmake/stm32cubemx/CMakeFiles/STM32_Drivers.dir/__/__/Drivers/STM32F3xx_HAL_Driver/Src/stm32f3xx_hal_rcc.c.obj
                0x08002010                HAL_RCC_GetSysClockFreq
 .text.HAL_RCC_GetHCLKFreq
                0x080020b8       0x18 cmake/stm32cubemx/CMakeFiles/STM32_Drivers.dir/__/__/Drivers/STM32F3xx_HAL_Driver/Src/stm32f3xx_hal_rcc.c.obj
                0x080020b8                HAL_RCC_GetHCLKFreq
 .text.HAL_RCC_GetPCLK1Freq
                0x080020d0       0x44 cmake/stm32cubemx/CMakeFiles/STM32_Drivers.dir/__/__/Drivers/STM32F3xx_HAL_Driver/Src/stm32f3xx_hal_rcc.c.obj
                0x080020d0                HAL_RCC_GetPCLK1Freq
 .text.HAL_RCC_GetPCLK2Freq
                0x08002114       0x44 cmake/stm32cubemx/CMakeFiles/STM32_Drivers.dir/__/__/Drivers/STM32F3xx_HAL_Driver/Src/stm32f3xx_hal_rcc.c.obj
                0x08002114                HAL_RCC_GetPCLK2Freq
 .text.HAL_GPIO_Init
                0x08002158      0x2e4 cmake/stm32cubemx/CMakeFiles/STM32_Drivers.dir/__/__/Drivers/STM32F3xx_HAL_Driver/Src/stm32f3xx_hal_gpio.c.obj
                0x08002158                HAL_GPIO_Init
 .text.__NVIC_SetPriorityGrouping
                0x0800243c       0x48 cmake/stm32cubemx/CMakeFiles/STM32_Drivers.dir/__/__/Drivers/STM32F3xx_HAL_Driver/Src/stm32f3xx_hal_cortex.c.obj
 .text.__NVIC_GetPriorityGrouping
                0x08002484       0x1c cmake/stm32cubemx/CMakeFiles/STM32_Drivers.dir/__/__/Drivers/STM32F3xx_HAL_Driver/Src/stm32f3xx_hal_cortex.c.obj
 .text.__NVIC_SetPriority
                0x080024a0       0x54 cmake/stm32cubemx/CMakeFiles/STM32_Drivers.dir/__/__/Drivers/STM32F3xx_HAL_Driver/Src/stm32f3xx_hal_cortex.c.obj
 .text.NVIC_EncodePriority
                0x080024f4       0x66 cmake/stm32cubemx/CMakeFiles/STM32_Drivers.dir/__/__/Drivers/STM32F3xx_HAL_Driver/Src/stm32f3xx_hal_cortex.c.obj
 *fill*         0x0800255a        0x2 
 .text.SysTick_Config
                0x0800255c       0x44 cmake/stm32cubemx/CMakeFiles/STM32_Drivers.dir/__/__/Drivers/STM32F3xx_HAL_Driver/Src/stm32f3xx_hal_cortex.c.obj
 .text.HAL_NVIC_SetPriorityGrouping
                0x080025a0       0x16 cmake/stm32cubemx/CMakeFiles/STM32_Drivers.dir/__/__/Drivers/STM32F3xx_HAL_Driver/Src/stm32f3xx_hal_cortex.c.obj
                0x080025a0                HAL_NVIC_SetPriorityGrouping
 .text.HAL_NVIC_SetPriority
                0x080025b6       0x38 cmake/stm32cubemx/CMakeFiles/STM32_Drivers.dir/__/__/Drivers/STM32F3xx_HAL_Driver/Src/stm32f3xx_hal_cortex.c.obj
                0x080025b6                HAL_NVIC_SetPriority
 .text.HAL_SYSTICK_Config
                0x080025ee       0x18 cmake/stm32cubemx/CMakeFiles/STM32_Drivers.dir/__/__/Drivers/STM32F3xx_HAL_Driver/Src/stm32f3xx_hal_cortex.c.obj
                0x080025ee                HAL_SYSTICK_Config
 *(.glue_7)
 .glue_7        0x08002606        0x0 linker stubs
 *(.glue_7t)
 .glue_7t       0x08002606        0x0 linker stubs
 *(.eh_frame)
 *fill*         0x08002606        0x2 
 .eh_frame      0x08002608        0x0 /opt/ST/STM32CubeCLT_1.18.0/GNU-tools-for-STM32/bin/../lib/gcc/arm-none-eabi/13.3.1/thumb/v7e-m+fp/hard/crtbegin.o
 *(.init)
 .init          0x08002608        0x4 /opt/ST/STM32CubeCLT_1.18.0/GNU-tools-for-STM32/bin/../lib/gcc/arm-none-eabi/13.3.1/thumb/v7e-m+fp/hard/crti.o
                0x08002608                _init
 .init          0x0800260c        0x8 /opt/ST/STM32CubeCLT_1.18.0/GNU-tools-for-STM32/bin/../lib/gcc/arm-none-eabi/13.3.1/thumb/v7e-m+fp/hard/crtn.o
 *(.fini)
 .fini          0x08002614        0x4 /opt/ST/STM32CubeCLT_1.18.0/GNU-tools-for-STM32/bin/../lib/gcc/arm-none-eabi/13.3.1/thumb/v7e-m+fp/hard/crti.o
                0x08002614                _fini
 .fini          0x08002618        0x8 /opt/ST/STM32CubeCLT_1.18.0/GNU-tools-for-STM32/bin/../lib/gcc/arm-none-eabi/13.3.1/thumb/v7e-m+fp/hard/crtn.o
                0x08002620                        . = ALIGN (0x4)
                0x08002620                        _etext = .

.vfp11_veneer   0x08002620        0x0
 .vfp11_veneer  0x08002620        0x0 linker stubs

.v4_bx          0x08002620        0x0
 .v4_bx         0x08002620        0x0 linker stubs

.iplt           0x08002620        0x0
 .iplt          0x08002620        0x0 /opt/ST/STM32CubeCLT_1.18.0/GNU-tools-for-STM32/bin/../lib/gcc/arm-none-eabi/13.3.1/thumb/v7e-m+fp/hard/crtbegin.o

.rodata         0x08002620       0x38
                0x08002620                        . = ALIGN (0x4)
 *(.rodata)
 *(.rodata*)
 .rodata.AHBPrescTable
                0x08002620       0x10 cmake/stm32cubemx/CMakeFiles/STM32_Drivers.dir/__/__/Core/Src/system_stm32f3xx.c.obj
                0x08002620                AHBPrescTable
 .rodata.APBPrescTable
                0x08002630        0x8 cmake/stm32cubemx/CMakeFiles/STM32_Drivers.dir/__/__/Core/Src/system_stm32f3xx.c.obj
                0x08002630                APBPrescTable
 .rodata.aPLLMULFactorTable
                0x08002638       0x10 cmake/stm32cubemx/CMakeFiles/STM32_Drivers.dir/__/__/Drivers/STM32F3xx_HAL_Driver/Src/stm32f3xx_hal_rcc.c.obj
 .rodata.aPredivFactorTable
                0x08002648       0x10 cmake/stm32cubemx/CMakeFiles/STM32_Drivers.dir/__/__/Drivers/STM32F3xx_HAL_Driver/Src/stm32f3xx_hal_rcc.c.obj
                0x08002658                        . = ALIGN (0x4)

.ARM.extab      0x08002658        0x0
                0x08002658                        . = ALIGN (0x4)
 *(.ARM.extab* .gnu.linkonce.armextab.*)
                0x08002658                        . = ALIGN (0x4)

.ARM            0x08002658        0x0
                0x08002658                        . = ALIGN (0x4)
                0x08002658                        __exidx_start = .
 *(.ARM.exidx*)
                0x08002658                        __exidx_end = .
                0x08002658                        . = ALIGN (0x4)

.preinit_array  0x08002658        0x0
                0x08002658                        . = ALIGN (0x4)
                0x08002658                        PROVIDE (__preinit_array_start = .)
 *(.preinit_array*)
                0x08002658                        PROVIDE (__preinit_array_end = .)
                0x08002658                        . = ALIGN (0x4)

.init_array     0x08002658        0x4
                0x08002658                        . = ALIGN (0x4)
                0x08002658                        PROVIDE (__init_array_start = .)
 *(SORT_BY_NAME(.init_array.*))
 *(.init_array*)
 .init_array    0x08002658        0x4 /opt/ST/STM32CubeCLT_1.18.0/GNU-tools-for-STM32/bin/../lib/gcc/arm-none-eabi/13.3.1/thumb/v7e-m+fp/hard/crtbegin.o
                0x0800265c                        PROVIDE (__init_array_end = .)
                0x0800265c                        . = ALIGN (0x4)

.fini_array     0x0800265c        0x4
                0x0800265c                        . = ALIGN (0x4)
                [!provide]                        PROVIDE (__fini_array_start = .)
 *(SORT_BY_NAME(.fini_array.*))
 *(.fini_array*)
 .fini_array    0x0800265c        0x4 /opt/ST/STM32CubeCLT_1.18.0/GNU-tools-for-STM32/bin/../lib/gcc/arm-none-eabi/13.3.1/thumb/v7e-m+fp/hard/crtbegin.o
                [!provide]                        PROVIDE (__fini_array_end = .)
                0x08002660                        . = ALIGN (0x4)
                0x08002660                        _sidata = LOADADDR (.data)

.rel.dyn        0x08002660        0x0
 .rel.iplt      0x08002660        0x0 /opt/ST/STM32CubeCLT_1.18.0/GNU-tools-for-STM32/bin/../lib/gcc/arm-none-eabi/13.3.1/thumb/v7e-m+fp/hard/crtbegin.o

.data           0x20000000        0xc load address 0x08002660
                0x20000000                        . = ALIGN (0x4)
                0x20000000                        _sdata = .
 *(.data)
 *(.data*)
 .data.SystemCoreClock
                0x20000000        0x4 cmake/stm32cubemx/CMakeFiles/STM32_Drivers.dir/__/__/Core/Src/system_stm32f3xx.c.obj
                0x20000000                SystemCoreClock
 .data.uwTickPrio
                0x20000004        0x4 cmake/stm32cubemx/CMakeFiles/STM32_Drivers.dir/__/__/Drivers/STM32F3xx_HAL_Driver/Src/stm32f3xx_hal.c.obj
                0x20000004                uwTickPrio
 .data.uwTickFreq
                0x20000008        0x1 cmake/stm32cubemx/CMakeFiles/STM32_Drivers.dir/__/__/Drivers/STM32F3xx_HAL_Driver/Src/stm32f3xx_hal.c.obj
                0x20000008                uwTickFreq
 *(.RamFunc)
 *(.RamFunc*)
                0x2000000c                        . = ALIGN (0x4)
 *fill*         0x20000009        0x3 
                0x2000000c                        _edata = .
                0x0800266c                        _siccmram = LOADADDR (.ccmram)

.igot.plt       0x2000000c        0x0 load address 0x0800266c
 .igot.plt      0x2000000c        0x0 /opt/ST/STM32CubeCLT_1.18.0/GNU-tools-for-STM32/bin/../lib/gcc/arm-none-eabi/13.3.1/thumb/v7e-m+fp/hard/crtbegin.o

.ccmram         0x10000000        0x0 load address 0x0800266c
                0x10000000                        . = ALIGN (0x4)
                0x10000000                        _sccmram = .
 *(.ccmram)
 *(.ccmram*)
                0x10000000                        . = ALIGN (0x4)
                0x10000000                        _eccmram = .
                0x10000000                        . = ALIGN (0x4)

.bss            0x2000000c       0xa8
                0x2000000c                        _sbss = .
                0x2000000c                        __bss_start__ = _sbss
 *(.bss)
 .bss           0x2000000c       0x1c /opt/ST/STM32CubeCLT_1.18.0/GNU-tools-for-STM32/bin/../lib/gcc/arm-none-eabi/13.3.1/thumb/v7e-m+fp/hard/crtbegin.o
 *(.bss*)
 .bss.huart2    0x20000028       0x88 CMakeFiles/NSE2025_VALVE.dir/Core/Src/usart.c.obj
                0x20000028                huart2
 .bss.uwTick    0x200000b0        0x4 cmake/stm32cubemx/CMakeFiles/STM32_Drivers.dir/__/__/Drivers/STM32F3xx_HAL_Driver/Src/stm32f3xx_hal.c.obj
                0x200000b0                uwTick
 *(COMMON)
                0x200000b4                        . = ALIGN (0x4)
                0x200000b4                        _ebss = .
                0x200000b4                        __bss_end__ = _ebss

._user_heap_stack
                0x200000b4      0x604
                0x200000b8                        . = ALIGN (0x8)
 *fill*         0x200000b4        0x4 
                [!provide]                        PROVIDE (end = .)
                0x200000b8                        PROVIDE (_end = .)
                0x200002b8                        . = (. + _Min_Heap_Size)
 *fill*         0x200000b8      0x200 
                0x200006b8                        . = (. + _Min_Stack_Size)
 *fill*         0x200002b8      0x400 
                0x200006b8                        . = ALIGN (0x8)

/DISCARD/
 libc.a(*)
 libm.a(*)
 libgcc.a(*)
OUTPUT(NSE2025_VALVE.elf elf32-littlearm)
LOAD linker stubs
LOAD /opt/ST/STM32CubeCLT_1.18.0/GNU-tools-for-STM32/bin/../lib/gcc/arm-none-eabi/13.3.1/../../../../arm-none-eabi/lib/thumb/v7e-m+fp/hard/libc.a
LOAD /opt/ST/STM32CubeCLT_1.18.0/GNU-tools-for-STM32/bin/../lib/gcc/arm-none-eabi/13.3.1/../../../../arm-none-eabi/lib/thumb/v7e-m+fp/hard/libm.a
LOAD /opt/ST/STM32CubeCLT_1.18.0/GNU-tools-for-STM32/bin/../lib/gcc/arm-none-eabi/13.3.1/thumb/v7e-m+fp/hard/libgcc.a

.ARM.attributes
                0x00000000       0x30
 .ARM.attributes
                0x00000000       0x22 /opt/ST/STM32CubeCLT_1.18.0/GNU-tools-for-STM32/bin/../lib/gcc/arm-none-eabi/13.3.1/thumb/v7e-m+fp/hard/crti.o
 .ARM.attributes
                0x00000022       0x34 /opt/ST/STM32CubeCLT_1.18.0/GNU-tools-for-STM32/bin/../lib/gcc/arm-none-eabi/13.3.1/thumb/v7e-m+fp/hard/crtbegin.o
 .ARM.attributes
                0x00000056       0x34 /opt/ST/STM32CubeCLT_1.18.0/GNU-tools-for-STM32/bin/../lib/gcc/arm-none-eabi/13.3.1/../../../../arm-none-eabi/lib/thumb/v7e-m+fp/hard/libc_nano.a(libc_a-memset.o)
 .ARM.attributes
                0x0000008a       0x34 /opt/ST/STM32CubeCLT_1.18.0/GNU-tools-for-STM32/bin/../lib/gcc/arm-none-eabi/13.3.1/../../../../arm-none-eabi/lib/thumb/v7e-m+fp/hard/libc_nano.a(libc_a-init.o)
 .ARM.attributes
                0x000000be       0x34 CMakeFiles/NSE2025_VALVE.dir/Core/Src/main.c.obj
 .ARM.attributes
                0x000000f2       0x34 CMakeFiles/NSE2025_VALVE.dir/Core/Src/gpio.c.obj
 .ARM.attributes
                0x00000126       0x34 CMakeFiles/NSE2025_VALVE.dir/Core/Src/usart.c.obj
 .ARM.attributes
                0x0000015a       0x34 CMakeFiles/NSE2025_VALVE.dir/Core/Src/stm32f3xx_it.c.obj
 .ARM.attributes
                0x0000018e       0x34 CMakeFiles/NSE2025_VALVE.dir/Core/Src/stm32f3xx_hal_msp.c.obj
 .ARM.attributes
                0x000001c2       0x21 CMakeFiles/NSE2025_VALVE.dir/startup_stm32f303x8.s.obj
 .ARM.attributes
                0x000001e3       0x34 cmake/stm32cubemx/CMakeFiles/STM32_Drivers.dir/__/__/Core/Src/system_stm32f3xx.c.obj
 .ARM.attributes
                0x00000217       0x34 cmake/stm32cubemx/CMakeFiles/STM32_Drivers.dir/__/__/Drivers/STM32F3xx_HAL_Driver/Src/stm32f3xx_hal_uart.c.obj
 .ARM.attributes
                0x0000024b       0x34 cmake/stm32cubemx/CMakeFiles/STM32_Drivers.dir/__/__/Drivers/STM32F3xx_HAL_Driver/Src/stm32f3xx_hal.c.obj
 .ARM.attributes
                0x0000027f       0x34 cmake/stm32cubemx/CMakeFiles/STM32_Drivers.dir/__/__/Drivers/STM32F3xx_HAL_Driver/Src/stm32f3xx_hal_rcc.c.obj
 .ARM.attributes
                0x000002b3       0x34 cmake/stm32cubemx/CMakeFiles/STM32_Drivers.dir/__/__/Drivers/STM32F3xx_HAL_Driver/Src/stm32f3xx_hal_gpio.c.obj
 .ARM.attributes
                0x000002e7       0x34 cmake/stm32cubemx/CMakeFiles/STM32_Drivers.dir/__/__/Drivers/STM32F3xx_HAL_Driver/Src/stm32f3xx_hal_cortex.c.obj
 .ARM.attributes
                0x0000031b       0x22 /opt/ST/STM32CubeCLT_1.18.0/GNU-tools-for-STM32/bin/../lib/gcc/arm-none-eabi/13.3.1/thumb/v7e-m+fp/hard/crtn.o

.comment        0x00000000       0x43
 .comment       0x00000000       0x43 CMakeFiles/NSE2025_VALVE.dir/Core/Src/main.c.obj
                                 0x44 (size before relaxing)
 .comment       0x00000043       0x44 CMakeFiles/NSE2025_VALVE.dir/Core/Src/gpio.c.obj
 .comment       0x00000043       0x44 CMakeFiles/NSE2025_VALVE.dir/Core/Src/usart.c.obj
 .comment       0x00000043       0x44 CMakeFiles/NSE2025_VALVE.dir/Core/Src/stm32f3xx_it.c.obj
 .comment       0x00000043       0x44 CMakeFiles/NSE2025_VALVE.dir/Core/Src/stm32f3xx_hal_msp.c.obj
 .comment       0x00000043       0x44 cmake/stm32cubemx/CMakeFiles/STM32_Drivers.dir/__/__/Core/Src/system_stm32f3xx.c.obj
 .comment       0x00000043       0x44 cmake/stm32cubemx/CMakeFiles/STM32_Drivers.dir/__/__/Drivers/STM32F3xx_HAL_Driver/Src/stm32f3xx_hal_uart.c.obj
 .comment       0x00000043       0x44 cmake/stm32cubemx/CMakeFiles/STM32_Drivers.dir/__/__/Drivers/STM32F3xx_HAL_Driver/Src/stm32f3xx_hal.c.obj
 .comment       0x00000043       0x44 cmake/stm32cubemx/CMakeFiles/STM32_Drivers.dir/__/__/Drivers/STM32F3xx_HAL_Driver/Src/stm32f3xx_hal_rcc.c.obj
 .comment       0x00000043       0x44 cmake/stm32cubemx/CMakeFiles/STM32_Drivers.dir/__/__/Drivers/STM32F3xx_HAL_Driver/Src/stm32f3xx_hal_gpio.c.obj
 .comment       0x00000043       0x44 cmake/stm32cubemx/CMakeFiles/STM32_Drivers.dir/__/__/Drivers/STM32F3xx_HAL_Driver/Src/stm32f3xx_hal_cortex.c.obj

.debug_frame    0x00000000     0x1798
 .debug_frame   0x00000000       0x20 /opt/ST/STM32CubeCLT_1.18.0/GNU-tools-for-STM32/bin/../lib/gcc/arm-none-eabi/13.3.1/../../../../arm-none-eabi/lib/thumb/v7e-m+fp/hard/libc_nano.a(libc_a-memset.o)
 .debug_frame   0x00000020       0x2c /opt/ST/STM32CubeCLT_1.18.0/GNU-tools-for-STM32/bin/../lib/gcc/arm-none-eabi/13.3.1/../../../../arm-none-eabi/lib/thumb/v7e-m+fp/hard/libc_nano.a(libc_a-init.o)
 .debug_frame   0x0000004c       0x68 CMakeFiles/NSE2025_VALVE.dir/Core/Src/main.c.obj
 .debug_frame   0x000000b4       0x38 CMakeFiles/NSE2025_VALVE.dir/Core/Src/gpio.c.obj
 .debug_frame   0x000000ec       0x74 CMakeFiles/NSE2025_VALVE.dir/Core/Src/usart.c.obj
 .debug_frame   0x00000160      0x104 CMakeFiles/NSE2025_VALVE.dir/Core/Src/stm32f3xx_it.c.obj
 .debug_frame   0x00000264       0x38 CMakeFiles/NSE2025_VALVE.dir/Core/Src/stm32f3xx_hal_msp.c.obj
 .debug_frame   0x0000029c       0x58 cmake/stm32cubemx/CMakeFiles/STM32_Drivers.dir/__/__/Core/Src/system_stm32f3xx.c.obj
 .debug_frame   0x000002f4      0x9e8 cmake/stm32cubemx/CMakeFiles/STM32_Drivers.dir/__/__/Drivers/STM32F3xx_HAL_Driver/Src/stm32f3xx_hal_uart.c.obj
 .debug_frame   0x00000cdc      0x334 cmake/stm32cubemx/CMakeFiles/STM32_Drivers.dir/__/__/Drivers/STM32F3xx_HAL_Driver/Src/stm32f3xx_hal.c.obj
 .debug_frame   0x00001010      0x214 cmake/stm32cubemx/CMakeFiles/STM32_Drivers.dir/__/__/Drivers/STM32F3xx_HAL_Driver/Src/stm32f3xx_hal_rcc.c.obj
 .debug_frame   0x00001224      0x14c cmake/stm32cubemx/CMakeFiles/STM32_Drivers.dir/__/__/Drivers/STM32F3xx_HAL_Driver/Src/stm32f3xx_hal_gpio.c.obj
 .debug_frame   0x00001370      0x428 cmake/stm32cubemx/CMakeFiles/STM32_Drivers.dir/__/__/Drivers/STM32F3xx_HAL_Driver/Src/stm32f3xx_hal_cortex.c.obj

.debug_info     0x00000000     0x7ab6
 .debug_info    0x00000000      0x28c CMakeFiles/NSE2025_VALVE.dir/Core/Src/main.c.obj
 .debug_info    0x0000028c      0x18d CMakeFiles/NSE2025_VALVE.dir/Core/Src/gpio.c.obj
 .debug_info    0x00000419      0x91d CMakeFiles/NSE2025_VALVE.dir/Core/Src/usart.c.obj
 .debug_info    0x00000d36      0x113 CMakeFiles/NSE2025_VALVE.dir/Core/Src/stm32f3xx_it.c.obj
 .debug_info    0x00000e49      0x18d CMakeFiles/NSE2025_VALVE.dir/Core/Src/stm32f3xx_hal_msp.c.obj
 .debug_info    0x00000fd6       0x30 CMakeFiles/NSE2025_VALVE.dir/startup_stm32f303x8.s.obj
 .debug_info    0x00001006      0x407 cmake/stm32cubemx/CMakeFiles/STM32_Drivers.dir/__/__/Core/Src/system_stm32f3xx.c.obj
 .debug_info    0x0000140d     0x39a8 cmake/stm32cubemx/CMakeFiles/STM32_Drivers.dir/__/__/Drivers/STM32F3xx_HAL_Driver/Src/stm32f3xx_hal_uart.c.obj
 .debug_info    0x00004db5      0x74a cmake/stm32cubemx/CMakeFiles/STM32_Drivers.dir/__/__/Drivers/STM32F3xx_HAL_Driver/Src/stm32f3xx_hal.c.obj
 .debug_info    0x000054ff     0x148a cmake/stm32cubemx/CMakeFiles/STM32_Drivers.dir/__/__/Drivers/STM32F3xx_HAL_Driver/Src/stm32f3xx_hal_rcc.c.obj
 .debug_info    0x00006989      0x6a6 cmake/stm32cubemx/CMakeFiles/STM32_Drivers.dir/__/__/Drivers/STM32F3xx_HAL_Driver/Src/stm32f3xx_hal_gpio.c.obj
 .debug_info    0x0000702f      0xa87 cmake/stm32cubemx/CMakeFiles/STM32_Drivers.dir/__/__/Drivers/STM32F3xx_HAL_Driver/Src/stm32f3xx_hal_cortex.c.obj

.debug_abbrev   0x00000000     0x1372
 .debug_abbrev  0x00000000      0x198 CMakeFiles/NSE2025_VALVE.dir/Core/Src/main.c.obj
 .debug_abbrev  0x00000198       0xc6 CMakeFiles/NSE2025_VALVE.dir/Core/Src/gpio.c.obj
 .debug_abbrev  0x0000025e      0x1f5 CMakeFiles/NSE2025_VALVE.dir/Core/Src/usart.c.obj
 .debug_abbrev  0x00000453       0x73 CMakeFiles/NSE2025_VALVE.dir/Core/Src/stm32f3xx_it.c.obj
 .debug_abbrev  0x000004c6       0xc6 CMakeFiles/NSE2025_VALVE.dir/Core/Src/stm32f3xx_hal_msp.c.obj
 .debug_abbrev  0x0000058c       0x24 CMakeFiles/NSE2025_VALVE.dir/startup_stm32f303x8.s.obj
 .debug_abbrev  0x000005b0      0x11a cmake/stm32cubemx/CMakeFiles/STM32_Drivers.dir/__/__/Core/Src/system_stm32f3xx.c.obj
 .debug_abbrev  0x000006ca      0x2d1 cmake/stm32cubemx/CMakeFiles/STM32_Drivers.dir/__/__/Drivers/STM32F3xx_HAL_Driver/Src/stm32f3xx_hal_uart.c.obj
 .debug_abbrev  0x0000099b      0x215 cmake/stm32cubemx/CMakeFiles/STM32_Drivers.dir/__/__/Drivers/STM32F3xx_HAL_Driver/Src/stm32f3xx_hal.c.obj
 .debug_abbrev  0x00000bb0      0x300 cmake/stm32cubemx/CMakeFiles/STM32_Drivers.dir/__/__/Drivers/STM32F3xx_HAL_Driver/Src/stm32f3xx_hal_rcc.c.obj
 .debug_abbrev  0x00000eb0      0x1ca cmake/stm32cubemx/CMakeFiles/STM32_Drivers.dir/__/__/Drivers/STM32F3xx_HAL_Driver/Src/stm32f3xx_hal_gpio.c.obj
 .debug_abbrev  0x0000107a      0x2f8 cmake/stm32cubemx/CMakeFiles/STM32_Drivers.dir/__/__/Drivers/STM32F3xx_HAL_Driver/Src/stm32f3xx_hal_cortex.c.obj

.debug_aranges  0x00000000      0x638
 .debug_aranges
                0x00000000       0x30 CMakeFiles/NSE2025_VALVE.dir/Core/Src/main.c.obj
 .debug_aranges
                0x00000030       0x20 CMakeFiles/NSE2025_VALVE.dir/Core/Src/gpio.c.obj
 .debug_aranges
                0x00000050       0x30 CMakeFiles/NSE2025_VALVE.dir/Core/Src/usart.c.obj
 .debug_aranges
                0x00000080       0x60 CMakeFiles/NSE2025_VALVE.dir/Core/Src/stm32f3xx_it.c.obj
 .debug_aranges
                0x000000e0       0x20 CMakeFiles/NSE2025_VALVE.dir/Core/Src/stm32f3xx_hal_msp.c.obj
 .debug_aranges
                0x00000100       0x28 CMakeFiles/NSE2025_VALVE.dir/startup_stm32f303x8.s.obj
 .debug_aranges
                0x00000128       0x28 cmake/stm32cubemx/CMakeFiles/STM32_Drivers.dir/__/__/Core/Src/system_stm32f3xx.c.obj
 .debug_aranges
                0x00000150      0x228 cmake/stm32cubemx/CMakeFiles/STM32_Drivers.dir/__/__/Drivers/STM32F3xx_HAL_Driver/Src/stm32f3xx_hal_uart.c.obj
 .debug_aranges
                0x00000378       0xe0 cmake/stm32cubemx/CMakeFiles/STM32_Drivers.dir/__/__/Drivers/STM32F3xx_HAL_Driver/Src/stm32f3xx_hal.c.obj
 .debug_aranges
                0x00000458       0x88 cmake/stm32cubemx/CMakeFiles/STM32_Drivers.dir/__/__/Drivers/STM32F3xx_HAL_Driver/Src/stm32f3xx_hal_rcc.c.obj
 .debug_aranges
                0x000004e0       0x58 cmake/stm32cubemx/CMakeFiles/STM32_Drivers.dir/__/__/Drivers/STM32F3xx_HAL_Driver/Src/stm32f3xx_hal_gpio.c.obj
 .debug_aranges
                0x00000538      0x100 cmake/stm32cubemx/CMakeFiles/STM32_Drivers.dir/__/__/Drivers/STM32F3xx_HAL_Driver/Src/stm32f3xx_hal_cortex.c.obj

.debug_rnglists
                0x00000000      0x4b8
 .debug_rnglists
                0x00000000       0x1f CMakeFiles/NSE2025_VALVE.dir/Core/Src/main.c.obj
 .debug_rnglists
                0x0000001f       0x13 CMakeFiles/NSE2025_VALVE.dir/Core/Src/gpio.c.obj
 .debug_rnglists
                0x00000032       0x20 CMakeFiles/NSE2025_VALVE.dir/Core/Src/usart.c.obj
 .debug_rnglists
                0x00000052       0x43 CMakeFiles/NSE2025_VALVE.dir/Core/Src/stm32f3xx_it.c.obj
 .debug_rnglists
                0x00000095       0x13 CMakeFiles/NSE2025_VALVE.dir/Core/Src/stm32f3xx_hal_msp.c.obj
 .debug_rnglists
                0x000000a8       0x19 CMakeFiles/NSE2025_VALVE.dir/startup_stm32f303x8.s.obj
 .debug_rnglists
                0x000000c1       0x1a cmake/stm32cubemx/CMakeFiles/STM32_Drivers.dir/__/__/Core/Src/system_stm32f3xx.c.obj
 .debug_rnglists
                0x000000db      0x1da cmake/stm32cubemx/CMakeFiles/STM32_Drivers.dir/__/__/Drivers/STM32F3xx_HAL_Driver/Src/stm32f3xx_hal_uart.c.obj
 .debug_rnglists
                0x000002b5       0xa3 cmake/stm32cubemx/CMakeFiles/STM32_Drivers.dir/__/__/Drivers/STM32F3xx_HAL_Driver/Src/stm32f3xx_hal.c.obj
 .debug_rnglists
                0x00000358       0x66 cmake/stm32cubemx/CMakeFiles/STM32_Drivers.dir/__/__/Drivers/STM32F3xx_HAL_Driver/Src/stm32f3xx_hal_rcc.c.obj
 .debug_rnglists
                0x000003be       0x3f cmake/stm32cubemx/CMakeFiles/STM32_Drivers.dir/__/__/Drivers/STM32F3xx_HAL_Driver/Src/stm32f3xx_hal_gpio.c.obj
 .debug_rnglists
                0x000003fd       0xbb cmake/stm32cubemx/CMakeFiles/STM32_Drivers.dir/__/__/Drivers/STM32F3xx_HAL_Driver/Src/stm32f3xx_hal_cortex.c.obj

.debug_macro    0x00000000    0x19b3e
 .debug_macro   0x00000000      0x1d8 CMakeFiles/NSE2025_VALVE.dir/Core/Src/main.c.obj
 .debug_macro   0x000001d8      0xad8 CMakeFiles/NSE2025_VALVE.dir/Core/Src/main.c.obj
 .debug_macro   0x00000cb0      0x158 CMakeFiles/NSE2025_VALVE.dir/Core/Src/main.c.obj
 .debug_macro   0x00000e08       0x2e CMakeFiles/NSE2025_VALVE.dir/Core/Src/main.c.obj
 .debug_macro   0x00000e36       0x28 CMakeFiles/NSE2025_VALVE.dir/Core/Src/main.c.obj
 .debug_macro   0x00000e5e       0x22 CMakeFiles/NSE2025_VALVE.dir/Core/Src/main.c.obj
 .debug_macro   0x00000e80       0x8e CMakeFiles/NSE2025_VALVE.dir/Core/Src/main.c.obj
 .debug_macro   0x00000f0e       0x51 CMakeFiles/NSE2025_VALVE.dir/Core/Src/main.c.obj
 .debug_macro   0x00000f5f      0x103 CMakeFiles/NSE2025_VALVE.dir/Core/Src/main.c.obj
 .debug_macro   0x00001062       0x6a CMakeFiles/NSE2025_VALVE.dir/Core/Src/main.c.obj
 .debug_macro   0x000010cc      0x1df CMakeFiles/NSE2025_VALVE.dir/Core/Src/main.c.obj
 .debug_macro   0x000012ab       0x1c CMakeFiles/NSE2025_VALVE.dir/Core/Src/main.c.obj
 .debug_macro   0x000012c7       0x22 CMakeFiles/NSE2025_VALVE.dir/Core/Src/main.c.obj
 .debug_macro   0x000012e9       0xd9 CMakeFiles/NSE2025_VALVE.dir/Core/Src/main.c.obj
 .debug_macro   0x000013c2      0xf07 CMakeFiles/NSE2025_VALVE.dir/Core/Src/main.c.obj
 .debug_macro   0x000022c9    0x10be0 CMakeFiles/NSE2025_VALVE.dir/Core/Src/main.c.obj
 .debug_macro   0x00012ea9       0x6d CMakeFiles/NSE2025_VALVE.dir/Core/Src/main.c.obj
 .debug_macro   0x00012f16     0x3574 CMakeFiles/NSE2025_VALVE.dir/Core/Src/main.c.obj
 .debug_macro   0x0001648a      0x190 CMakeFiles/NSE2025_VALVE.dir/Core/Src/main.c.obj
 .debug_macro   0x0001661a       0x55 CMakeFiles/NSE2025_VALVE.dir/Core/Src/main.c.obj
 .debug_macro   0x0001666f      0x8f8 CMakeFiles/NSE2025_VALVE.dir/Core/Src/main.c.obj
 .debug_macro   0x00016f67      0x304 CMakeFiles/NSE2025_VALVE.dir/Core/Src/main.c.obj
 .debug_macro   0x0001726b      0x1b5 CMakeFiles/NSE2025_VALVE.dir/Core/Src/main.c.obj
 .debug_macro   0x00017420      0x11b CMakeFiles/NSE2025_VALVE.dir/Core/Src/main.c.obj
 .debug_macro   0x0001753b      0x1d5 CMakeFiles/NSE2025_VALVE.dir/Core/Src/main.c.obj
 .debug_macro   0x00017710      0x1bc CMakeFiles/NSE2025_VALVE.dir/Core/Src/main.c.obj
 .debug_macro   0x000178cc       0x34 CMakeFiles/NSE2025_VALVE.dir/Core/Src/main.c.obj
 .debug_macro   0x00017900       0x3c CMakeFiles/NSE2025_VALVE.dir/Core/Src/main.c.obj
 .debug_macro   0x0001793c       0x57 CMakeFiles/NSE2025_VALVE.dir/Core/Src/main.c.obj
 .debug_macro   0x00017993       0xc5 CMakeFiles/NSE2025_VALVE.dir/Core/Src/main.c.obj
 .debug_macro   0x00017a58      0x19f CMakeFiles/NSE2025_VALVE.dir/Core/Src/main.c.obj
 .debug_macro   0x00017bf7      0x22c CMakeFiles/NSE2025_VALVE.dir/Core/Src/main.c.obj
 .debug_macro   0x00017e23       0x5b CMakeFiles/NSE2025_VALVE.dir/Core/Src/main.c.obj
 .debug_macro   0x00017e7e       0xa5 CMakeFiles/NSE2025_VALVE.dir/Core/Src/main.c.obj
 .debug_macro   0x00017f23       0x81 CMakeFiles/NSE2025_VALVE.dir/Core/Src/main.c.obj
 .debug_macro   0x00017fa4       0xd3 CMakeFiles/NSE2025_VALVE.dir/Core/Src/main.c.obj
 .debug_macro   0x00018077      0x5ba CMakeFiles/NSE2025_VALVE.dir/Core/Src/main.c.obj
 .debug_macro   0x00018631       0x44 CMakeFiles/NSE2025_VALVE.dir/Core/Src/main.c.obj
 .debug_macro   0x00018675      0x285 CMakeFiles/NSE2025_VALVE.dir/Core/Src/main.c.obj
 .debug_macro   0x000188fa       0x40 CMakeFiles/NSE2025_VALVE.dir/Core/Src/main.c.obj
 .debug_macro   0x0001893a      0x1dc CMakeFiles/NSE2025_VALVE.dir/Core/Src/gpio.c.obj
 .debug_macro   0x00018b16      0x1dc CMakeFiles/NSE2025_VALVE.dir/Core/Src/usart.c.obj
 .debug_macro   0x00018cf2      0x1e2 CMakeFiles/NSE2025_VALVE.dir/Core/Src/stm32f3xx_it.c.obj
 .debug_macro   0x00018ed4      0x1d8 CMakeFiles/NSE2025_VALVE.dir/Core/Src/stm32f3xx_hal_msp.c.obj
 .debug_macro   0x000190ac      0x1b1 cmake/stm32cubemx/CMakeFiles/STM32_Drivers.dir/__/__/Core/Src/system_stm32f3xx.c.obj
 .debug_macro   0x0001925d      0x1ce cmake/stm32cubemx/CMakeFiles/STM32_Drivers.dir/__/__/Drivers/STM32F3xx_HAL_Driver/Src/stm32f3xx_hal_uart.c.obj
 .debug_macro   0x0001942b      0x1d5 cmake/stm32cubemx/CMakeFiles/STM32_Drivers.dir/__/__/Drivers/STM32F3xx_HAL_Driver/Src/stm32f3xx_hal.c.obj
 .debug_macro   0x00019600      0x1d5 cmake/stm32cubemx/CMakeFiles/STM32_Drivers.dir/__/__/Drivers/STM32F3xx_HAL_Driver/Src/stm32f3xx_hal_rcc.c.obj
 .debug_macro   0x000197d5      0x1b8 cmake/stm32cubemx/CMakeFiles/STM32_Drivers.dir/__/__/Drivers/STM32F3xx_HAL_Driver/Src/stm32f3xx_hal_gpio.c.obj
 .debug_macro   0x0001998d      0x1b1 cmake/stm32cubemx/CMakeFiles/STM32_Drivers.dir/__/__/Drivers/STM32F3xx_HAL_Driver/Src/stm32f3xx_hal_cortex.c.obj

.debug_line     0x00000000     0x8669
 .debug_line    0x00000000      0x6d4 CMakeFiles/NSE2025_VALVE.dir/Core/Src/main.c.obj
 .debug_line    0x000006d4      0x660 CMakeFiles/NSE2025_VALVE.dir/Core/Src/gpio.c.obj
 .debug_line    0x00000d34      0x6d6 CMakeFiles/NSE2025_VALVE.dir/Core/Src/usart.c.obj
 .debug_line    0x0000140a      0x71c CMakeFiles/NSE2025_VALVE.dir/Core/Src/stm32f3xx_it.c.obj
 .debug_line    0x00001b26      0x66d CMakeFiles/NSE2025_VALVE.dir/Core/Src/stm32f3xx_hal_msp.c.obj
 .debug_line    0x00002193       0x7a CMakeFiles/NSE2025_VALVE.dir/startup_stm32f303x8.s.obj
 .debug_line    0x0000220d      0x6d2 cmake/stm32cubemx/CMakeFiles/STM32_Drivers.dir/__/__/Core/Src/system_stm32f3xx.c.obj
 .debug_line    0x000028df     0x2af8 cmake/stm32cubemx/CMakeFiles/STM32_Drivers.dir/__/__/Drivers/STM32F3xx_HAL_Driver/Src/stm32f3xx_hal_uart.c.obj
 .debug_line    0x000053d7      0x90e cmake/stm32cubemx/CMakeFiles/STM32_Drivers.dir/__/__/Drivers/STM32F3xx_HAL_Driver/Src/stm32f3xx_hal.c.obj
 .debug_line    0x00005ce5     0x146d cmake/stm32cubemx/CMakeFiles/STM32_Drivers.dir/__/__/Drivers/STM32F3xx_HAL_Driver/Src/stm32f3xx_hal_rcc.c.obj
 .debug_line    0x00007152      0xa45 cmake/stm32cubemx/CMakeFiles/STM32_Drivers.dir/__/__/Drivers/STM32F3xx_HAL_Driver/Src/stm32f3xx_hal_gpio.c.obj
 .debug_line    0x00007b97      0xad2 cmake/stm32cubemx/CMakeFiles/STM32_Drivers.dir/__/__/Drivers/STM32F3xx_HAL_Driver/Src/stm32f3xx_hal_cortex.c.obj

.debug_str      0x00000000    0x96fc0
 .debug_str     0x00000000    0x96fc0 CMakeFiles/NSE2025_VALVE.dir/Core/Src/main.c.obj
                              0x95285 (size before relaxing)
 .debug_str     0x00096fc0    0x95120 CMakeFiles/NSE2025_VALVE.dir/Core/Src/gpio.c.obj
 .debug_str     0x00096fc0    0x95672 CMakeFiles/NSE2025_VALVE.dir/Core/Src/usart.c.obj
 .debug_str     0x00096fc0    0x9515b CMakeFiles/NSE2025_VALVE.dir/Core/Src/stm32f3xx_it.c.obj
 .debug_str     0x00096fc0    0x9512c CMakeFiles/NSE2025_VALVE.dir/Core/Src/stm32f3xx_hal_msp.c.obj
 .debug_str     0x00096fc0       0xac CMakeFiles/NSE2025_VALVE.dir/startup_stm32f303x8.s.obj
 .debug_str     0x00096fc0    0x95109 cmake/stm32cubemx/CMakeFiles/STM32_Drivers.dir/__/__/Core/Src/system_stm32f3xx.c.obj
 .debug_str     0x00096fc0    0x95e2c cmake/stm32cubemx/CMakeFiles/STM32_Drivers.dir/__/__/Drivers/STM32F3xx_HAL_Driver/Src/stm32f3xx_hal_uart.c.obj
 .debug_str     0x00096fc0    0x957f9 cmake/stm32cubemx/CMakeFiles/STM32_Drivers.dir/__/__/Drivers/STM32F3xx_HAL_Driver/Src/stm32f3xx_hal.c.obj
 .debug_str     0x00096fc0    0x955a9 cmake/stm32cubemx/CMakeFiles/STM32_Drivers.dir/__/__/Drivers/STM32F3xx_HAL_Driver/Src/stm32f3xx_hal_rcc.c.obj
 .debug_str     0x00096fc0    0x952e8 cmake/stm32cubemx/CMakeFiles/STM32_Drivers.dir/__/__/Drivers/STM32F3xx_HAL_Driver/Src/stm32f3xx_hal_gpio.c.obj
 .debug_str     0x00096fc0    0x9571e cmake/stm32cubemx/CMakeFiles/STM32_Drivers.dir/__/__/Drivers/STM32F3xx_HAL_Driver/Src/stm32f3xx_hal_cortex.c.obj

.debug_line_str
                0x00000000       0x90
 .debug_line_str
                0x00000000       0x90 CMakeFiles/NSE2025_VALVE.dir/startup_stm32f303x8.s.obj
